=== archive-gap-probe  relay=https://field-relay-nba.jeffunglesbee.workers.dev  utc=2026-08-08T23:12:23.460Z ===
gap dates: 2026-08-05, 2026-08-06   control dates: 2026-08-04, 2026-08-07

--- A. regular_season_games: every distinct sport per date (raw, unfiltered) ---
   2026-08-04  MLB                      n= 15  created 2026-08-04 10:00:57 .. 2026-08-04 10:01:07
   2026-08-04  WNBA                     n=  1  created 2026-08-04 10:01:08 .. 2026-08-04 10:01:08
   2026-08-07  EFL Cup                  n=  3  created 2026-08-08 20:16:02 .. 2026-08-08 20:16:04
   2026-08-07  MLB                      n= 15  created 2026-08-08 13:46:08 .. 2026-08-08 13:46:41
   2026-08-07  WNBA                     n=  3  created 2026-08-08 13:46:43 .. 2026-08-08 13:46:48

--- A. postseason_games: every distinct sport per date (raw, unfiltered) ---
   2026-08-04  MLS                      n=  4  created 2026-06-30 19:27:09 .. 2026-07-16 12:23:46
   2026-08-05  MLS                      n= 12  created 2026-06-30 19:27:08 .. 2026-07-16 12:23:46
   2026-08-06  MLS                      n= 11  created 2026-06-30 19:27:08 .. 2026-08-06 12:58:48
   2026-08-07  MLS                      n= 14  created 2026-06-30 19:27:07 .. 2026-07-16 12:23:45

--- B. regular_season_games: rows CREATED on the date they describe ---
   2026-08-04  MLB                      n=15
   2026-08-04  WNBA                     n=1
   2026-08-07  EFL Cup                  n=3
   2026-08-07  MLB                      n=15
   2026-08-07  WNBA                     n=3

--- B. postseason_games: rows CREATED on the date they describe ---
   2026-08-06  MLS                      n=1

--- C. regular_season_games: MLB + WNBA per day, 2026-07-30 .. 2026-08-09 ---
   2026-07-30  MLB    n=10
   2026-07-30  WNBA   n=3
   2026-07-31  MLB    n=15
   2026-07-31  WNBA   n=3
   2026-08-01  MLB    n=15
   2026-08-01  WNBA   n=2
   2026-08-02  MLB    n=15
   2026-08-02  WNBA   n=4
   2026-08-03  MLB    n=8
   2026-08-03  WNBA   n=3
   2026-08-04  MLB    n=15
   2026-08-04  WNBA   n=1
   2026-08-07  MLB    n=15
   2026-08-07  WNBA   n=3
   2026-08-08  MLB    n=15
   2026-08-08  WNBA   n=3

--- C. postseason_games: MLB + WNBA per day, 2026-07-30 .. 2026-08-09 ---
   (no MLB/WNBA rows in the window)

--- D. regular_season_games: sport/league disagreement on the gap dates ---
   (none — no row on the gap dates has sport != league)

--- D. postseason_games: sport/league disagreement on the gap dates ---
   2026-08-05  sport=MLS  league=Leagues Cup  Club de Fútbol Monterrey Rayados, A.C. v Orlando City  null-null  created 2026-06-30 19:27:08
   2026-08-05  sport=MLS  league=Leagues Cup  Inter Miami CF v Atlético de San Luis  null-null  created 2026-06-30 19:27:08
   2026-08-05  sport=MLS  league=Leagues Cup  Vancouver Whitecaps FC v Atlante FC  null-null  created 2026-06-30 19:27:08
   2026-08-05  sport=MLS  league=Leagues Cup  Club Tigres v Real Salt Lake  null-null  created 2026-06-30 19:27:09
   2026-08-05  sport=MLS  league=Leagues Cup  Minnesota United FC v FC Juárez  null-null  created 2026-06-30 19:27:09
   2026-08-05  sport=MLS  league=Leagues Cup  Charlotte FC v Pumas  null-null  created 2026-06-30 19:27:09
   2026-08-05  sport=MLS  league=Leagues Cup  Club de Fútbol Monterrey Rayados, A.C. v Orlando City  null-null  created 2026-07-16 12:23:46
   2026-08-05  sport=MLS  league=Leagues Cup  Inter Miami CF v Atlético de San Luis  4-2  created 2026-07-16 12:23:46
   2026-08-05  sport=MLS  league=Leagues Cup  Vancouver Whitecaps FC v Atlante FC  0-1  created 2026-07-16 12:23:46
   2026-08-05  sport=MLS  league=Leagues Cup  Club Tigres v Real Salt Lake  1-1  created 2026-07-16 12:23:46
   2026-08-05  sport=MLS  league=Leagues Cup  Minnesota United FC v FC Juárez  1-2  created 2026-07-16 12:23:46
   2026-08-05  sport=MLS  league=Leagues Cup  Charlotte FC v Pumas  3-0  created 2026-07-16 12:23:46
   2026-08-06  sport=MLS  league=Leagues Cup  New York City Football Club v Club Santos Laguna  null-null  created 2026-06-30 19:27:08
   2026-08-06  sport=MLS  league=Leagues Cup  Los Angeles Football Club v Chivas de Guadalajara  null-null  created 2026-06-30 19:27:08
   2026-08-06  sport=MLS  league=Leagues Cup  Toluca FC v Seattle Sounders FC  null-null  created 2026-06-30 19:27:08
   2026-08-06  sport=MLS  league=Leagues Cup  FC Dallas v Club Querétaro  null-null  created 2026-06-30 19:27:08
   2026-08-06  sport=MLS  league=Leagues Cup  Nashville SC v Club León  null-null  created 2026-06-30 19:27:08
   2026-08-06  sport=MLS  league=Leagues Cup  New York City Football Club v Club Santos Laguna  2-0  created 2026-07-16 12:23:45
   2026-08-06  sport=MLS  league=Leagues Cup  Los Angeles Football Club v Chivas de Guadalajara  1-1  created 2026-07-16 12:23:45
   2026-08-06  sport=MLS  league=Leagues Cup  Toluca FC v Seattle Sounders FC  3-0  created 2026-07-16 12:23:45
   2026-08-06  sport=MLS  league=Leagues Cup  FC Dallas v Club Querétaro  2-0  created 2026-07-16 12:23:45
   2026-08-06  sport=MLS  league=Leagues Cup  Nashville SC v Club León  0-1  created 2026-07-16 12:23:45
   2026-08-06  sport=MLS  league=Leagues Cup  Club de Fútbol Monterrey Rayados, A.C. v Orlando City  1-2  created 2026-08-06 12:58:48

--- E. briefs written per date/sport, 2026-08-03 .. 2026-08-09 ---
   2026-08-03  null       slate              n=  2  created 2026-08-03 02:45:38 .. 2026-08-03 10:01:17
   2026-08-03  Baseball (MLB) night_owl          n= 10  created 2026-08-03 02:47:07 .. 2026-08-03 02:57:04
   2026-08-03  EPL        epl_match          n=  1  created 2026-08-03 02:47:06 .. 2026-08-03 02:47:06
   2026-08-03  MLB        game_recap         n=  8  created 2026-08-03 10:01:25 .. 2026-08-03 10:01:45
   2026-08-03  MLB        mlb_game           n= 20  created 2026-08-03 02:45:43 .. 2026-08-03 19:27:22
   2026-08-03  WNBA       game_recap         n=  3  created 2026-08-03 10:01:48 .. 2026-08-03 10:01:54
   2026-08-04  null       slate              n=  2  created 2026-08-04 10:01:21 .. 2026-08-06 03:00:14
   2026-08-04  MLB        game_recap         n= 15  created 2026-08-04 10:01:27 .. 2026-08-04 10:02:11
   2026-08-04  MLS        game_brief         n=  2  created 2026-08-06 03:00:20 .. 2026-08-06 03:00:24
   2026-08-04  WNBA       game_recap         n=  1  created 2026-08-04 10:02:01 .. 2026-08-04 10:02:01
   2026-08-04  mlb        pre_game           n=  1  created 2026-08-03 10:01:20 .. 2026-08-03 10:01:20
   2026-08-05  null       slate              n=  1  created 2026-08-06 03:15:13 .. 2026-08-06 03:15:13
   2026-08-05  MLS        game_brief         n=  3  created 2026-08-06 03:15:17 .. 2026-08-06 03:15:24
   2026-08-05  mlb        pre_game           n=  1  created 2026-08-04 10:01:24 .. 2026-08-04 10:01:24
   2026-08-06  null       compound           n=  1  created 2026-08-06 00:38:39 .. 2026-08-06 00:38:39
   2026-08-06  null       slate              n=  2  created 2026-08-06 00:38:39 .. 2026-08-07 03:00:06
   2026-08-06  MLB        mlb_game           n=  5  created 2026-08-06 00:38:40 .. 2026-08-06 15:06:21
   2026-08-06  MLS        game_brief         n=  3  created 2026-08-07 03:00:14 .. 2026-08-07 03:00:27
   2026-08-06  pga tour   pre_game           n=  1  created 2026-08-08 13:47:35 .. 2026-08-08 13:47:35
   2026-08-07  null       slate              n=  1  created 2026-08-08 03:00:06 .. 2026-08-08 03:00:06
   2026-08-07  MLS        game_brief         n=  3  created 2026-08-08 03:00:14 .. 2026-08-08 03:00:26
   2026-08-08  null       night_owl          n=  1  created 2026-08-08 21:26:53 .. 2026-08-08 21:26:53
   2026-08-08  null       slate              n=  2  created 2026-08-08 13:47:12 .. 2026-08-08 20:52:29
   2026-08-08  EFL Cup    game_recap         n= 29  created 2026-08-08 20:16:51 .. 2026-08-08 20:17:29
   2026-08-08  EFL Cup    night_owl          n= 29  created 2026-08-08 20:52:58 .. 2026-08-08 20:55:40
   2026-08-08  EPL        epl_match          n=  2  created 2026-08-08 20:52:31 .. 2026-08-08 20:54:04
   2026-08-08  MLB        game_recap         n= 15  created 2026-08-08 13:47:22 .. 2026-08-08 13:48:03
   2026-08-08  MLB        mlb_game           n= 17  created 2026-08-08 20:52:31 .. 2026-08-08 21:25:13
   2026-08-08  MLS        game_recap         n=  1  created 2026-08-08 13:48:02 .. 2026-08-08 13:48:02
   2026-08-08  PGA Tour   game_recap         n=  1  created 2026-08-08 13:48:04 .. 2026-08-08 13:48:04
   2026-08-08  WNBA       game_recap         n=  3  created 2026-08-08 13:47:53 .. 2026-08-08 13:47:59
   2026-08-08  mls        pre_game           n=  1  created 2026-08-08 13:47:30 .. 2026-08-08 13:47:30
   2026-08-08  wnba       pre_game           n=  2  created 2026-08-08 13:47:25 .. 2026-08-08 13:47:27
   2026-08-09  mlb        pre_game           n=  1  created 2026-08-08 13:47:22 .. 2026-08-08 13:47:22

--- F. change_log entries per day, 2026-08-03 .. 2026-08-09 ---
PROBE FAILED: d1 exec failed: HTTP 500 {"ok":false,"error":"D1_ERROR: no such column: created_at at offset 14: SQLITE_ERROR"}
