=== bsd-api-probe  relay=https://field-relay-nba.jeffunglesbee.workers.dev  date=2026-08-13  utc=2026-08-13T02:31:10.826Z ===

200    382ms    1895B items=   6 payload=   -  contract                 object{ok,coordinateSystem,frameShapes,transformReference,revision,status}
200    268ms     457B items=   1 payload=   1  events/live              object{count,events}
200    311ms   55251B items=  48 payload=  48  events/by-date           object{count,next,previous,results}

-- discovered 48 event id(s) via played-filter; probing per-event routes on 207955

200    225ms   16932B items=   6 payload= 140  shotmap                  object{event_id,stats,shotmap,momentum,average_positions,xg_per_minute}
200    205ms    1534B items=   2 payload=  92  momentum                 object{event_id,momentum}
200    253ms    3343B items=   2 payload=  17  incidents                object{event_id,incidents}
200    269ms   52149B items=  11 payload=   -  odds                     object{event_id,event_date,league_id,league_name,home_team_id,home_team,away_team_id,away_team,bookmakers_count,total_odds,markets}
200    198ms    2090B items=   2 payload=  29  average-positions        object{away,home}
200    317ms   22826B items=  11 payload=   -  tennis/live              array[11] of object[59 keys]
400     28ms      23B items=   1 payload=   -  r2/read (bad key)        invalid key
404    455ms      56B items=   2 payload=   -  r2/read (missing)        not found
404     66ms      70B items=   2 payload=   -  unknown route            Unknown BSD route

=== SUMMARY ===
{
  "contractOk": true,
  "routesProbed": 12,
  "http200": 9,
  "emptyButOk": [],
  "nonOk": [
    {
      "label": "r2/read (bad key)",
      "status": 400,
      "err": "invalid key"
    },
    {
      "label": "r2/read (missing)",
      "status": 404,
      "err": "not found"
    },
    {
      "label": "unknown route",
      "status": 404,
      "err": "Unknown BSD route"
    }
  ],
  "discoveredEventIds": [
    207955,
    223325,
    223241,
    207959,
    223983,
    223422,
    223317,
    223238,
    223299,
    221200
  ],
  "eventIdSource": "played-filter",
  "playedCandidateCount": 2,
  "statusValuesSeen": [
    "notstarted",
    "postponed",
    "cancelled",
    "finished"
  ],
  "guardBadKey": 400,
  "guardMissingKey": 404,
  "unknownRouteStatus": 404
}

wrote outbox/bsd-api-probe-2026-08-13T02-31-10-826Z.json
