=== captured_at provenance  relay=https://field-relay-nba.jeffunglesbee.workers.dev  utc=2026-09-15T13:40:32.274Z ===

--- A1. odds_history.snapshot_time by shape
    whole seconds (vendor)       184   2026-05-17T23:54:34Z .. 2026-08-22T23:55:16Z

--- A2. archived closing_odds.captured_at by shape (all rows, not just the 22)
    milliseconds (new Date)      916
    whole seconds (vendor)       506

--- B. do the prices agree, for the 22 row(s) whose timestamps do not?
    prices MATCH  (same capture event, row rewritten since) : 0
    prices DIFFER (blob is a different capture entirely)    : 22
    unreadable (a moneyline missing on one side)            : 0
    MLS_2026-08-22_sanjose_minnesota
      blob     2026-08-22T10:00:52.499Z  ml 115/180  ou null  src draftkings
      history  2026-08-22T23:54:46Z (close)  ml 2.17/2.9  ou 3.5  bk betrivers
      opening  2026-08-22T10:01:21.633Z
      oh.id    2026-08-22-mls-sj-min_betrivers_close   commence 2026-08-23T02:30:00Z
      -> prices DIFFER — the blob is a different capture
    MLS_2026-08-22_sandiego_colorado
      blob     2026-08-22T10:00:51.572Z  ml 100/225  ou null  src draftkings
      history  2026-08-22T23:54:46Z (close)  ml 2/3.3  ou 3.5  bk betrivers
      opening  2026-08-22T10:01:21.633Z
      oh.id    2026-08-22-mls-sd-col_betrivers_close   commence 2026-08-23T02:30:00Z
      -> prices DIFFER — the blob is a different capture
    MLS_2026-08-22_vancouver_dallas
      blob     2026-08-22T10:00:49.936Z  ml -215/450  ou null  src draftkings
      history  2026-08-22T23:54:46Z (close)  ml 1.5/5.6  ou 3.5  bk betrivers
      opening  2026-08-22T10:01:21.633Z
      oh.id    2026-08-22-mls-van-dal_betrivers_close   commence 2026-08-23T01:30:00Z
      -> prices DIFFER — the blob is a different capture
    MLS_2026-08-22_austin_philadelphia
      blob     2026-08-22T10:00:47.349Z  ml 210/105  ou null  src draftkings
      history  2026-08-22T23:54:46Z (close)  ml 3.25/2.04  ou 2.5  bk betrivers
      opening  2026-08-22T10:01:21.633Z
      oh.id    2026-08-22-mls-atx-phi_betrivers_close   commence 2026-08-23T00:30:00Z
      -> prices DIFFER — the blob is a different capture
    MLS_2026-08-22_miami_toronto
      blob     2026-08-22T10:00:44.829Z  ml -295/550  ou null  src draftkings
      history  2026-08-22T23:55:14Z (close)  ml 1.35/6  ou 3.5  bk betmgm
      opening  2026-08-22T10:01:21.633Z
      oh.id    2026-08-22-mls-mia-tor_betmgm_close   commence 2026-08-22T23:41:00Z
      -> prices DIFFER — the blob is a different capture
    MLS_2026-08-22_cincinnati_seattle
      blob     2026-08-22T10:00:43.920Z  ml -175/350  ou null  src draftkings
      history  2026-08-22T23:55:16Z (close)  ml 1.6/4.55  ou 3.5  bk mybookieag
      opening  2026-08-22T10:01:21.633Z
      oh.id    2026-08-22-mls-cin-sea_mybookieag_close   commence 2026-08-22T23:40:00Z
      -> prices DIFFER — the blob is a different capture
    MLS_2026-08-22_charlotte_dcunited
      blob     2026-08-22T10:00:43.018Z  ml -130/300  ou null  src draftkings
      history  2026-08-22T23:55:16Z (close)  ml 1.8/3.75  ou 2.5  bk mybookieag
      opening  2026-08-22T10:01:21.633Z
      oh.id    2026-08-22-mls-clt-dc_mybookieag_close   commence 2026-08-22T23:40:00Z
      -> prices DIFFER — the blob is a different capture
    MLS_2026-08-22_cfmontral_lagalaxy
      blob     2026-08-22T10:00:42.181Z  ml 110/210  ou null  src draftkings
      history  2026-08-22T23:55:16Z (close)  ml 1.95/3.4  ou 2.5  bk mybookieag
      opening  2026-08-22T10:01:21.633Z
      oh.id    MLS_2026-08-22_cfmontral_lagalaxy_mybookieag_close   commence 2026-08-22T23:40:00Z
      -> prices DIFFER — the blob is a different capture

--- C. of those, how many carry the SAME captured_at as their own opening_odds
    0 of 22
    (one snapshot written to two columns is the shape the 2026-08-21 guard
     was added to stop; it is checked here rather than assumed either way.)

COVERAGE: A1 counts every odds_history row; A2 every archived closing line
    in both tables. B and C cover all 22 rows whose captured_at differs
    from their joined snapshot_time — no sampling; at most 8 are printed.
