=== closing-odds capture timing  2026-09-14T14:00:08.418Z ===

--- 0. shapes, read from the rows
    regular_season_games  MLB_2026-07-25_nationals_diamondbacks
        start_time=2026-07-25T20:05Z
        captured_at=2026-07-25T10:00:42.624Z
    regular_season_games  MLB_2026-07-25_giants_angels
        start_time=2026-07-25T20:05Z
        captured_at=2026-07-25T10:00:43.395Z
    regular_season_games  MLB_2026-07-25_marlins_padres
        start_time=2026-07-25T20:10Z
        captured_at=2026-07-25T10:00:44.163Z
    postseason_games: no row has both start_time and a closing capture

--- 1. capture second, by id scheme
    regular_season_games / dash: 50 row(s) in the top 6 buckets
        23:55:31  11
        23:55:30  11
        23:55:17  8
        23:55:20  7
        23:54:53  7
        23:55:28  6
    regular_season_games / ours: 360 row(s) in the top 6 buckets
        11:55:38  147
        11:55:36  93
        11:55:39  58
        10:01:03  22
        10:01:10  21
        10:00:59  19
    postseason_games / dash: 0 row(s) in the top 6 buckets
        (none)
    postseason_games / ours: 12 row(s) in the top 6 buckets
        03:30:10  3
        23:55:27  2
        23:55:26  2
        23:55:15  2
        23:54:50  2
        23:55:36  1

--- 2. captures at or after start_time (an in-play price called closing)
    regular_season_games: 90 of 879 comparable captured at/after kickoff  (506 row(s) have no start_time to compare against, of 1385 with a closing line)
        dash: 0
        ours: 90
    postseason_games: 0 of 0 comparable captured at/after kickoff  (26 row(s) have no start_time to compare against, of 26 with a closing line)
        dash: 0
        ours: 0

--- 3. how late, for the ones that are late
    regular_season_games  CFL_2026-06-06_ottawaredblacks_edmontonelks  +92393 min  (start 2026-06-06T23:00:00+00:00, cap 2026-08-10T02:53:10.909Z)
    regular_season_games  MLB_2026-08-05_astros_bluejays  +7668 min  (start 2026-08-05T18:10Z, cap 2026-08-11T01:58:26.643Z)
    regular_season_games  MLB_2026-08-05_cubs_dodgers  +7658 min  (start 2026-08-05T18:20Z, cap 2026-08-11T01:58:27.459Z)
    regular_season_games  MLB_2026-08-05_rangers_giants  +7643 min  (start 2026-08-05T18:35Z, cap 2026-08-11T01:58:28.211Z)
    regular_season_games  MLB_2026-08-05_rockies_rays  +7608 min  (start 2026-08-05T19:10Z, cap 2026-08-11T01:58:29.027Z)
    regular_season_games  MLB_2026-08-05_orioles_angels  +7403 min  (start 2026-08-05T22:35Z, cap 2026-08-11T01:58:29.764Z)
    regular_season_games  MLB_2026-08-05_reds_athletics  +7398 min  (start 2026-08-05T22:40Z, cap 2026-08-11T01:58:30.609Z)
    regular_season_games  MLB_2026-08-05_guardians_mets  +7398 min  (start 2026-08-05T22:40Z, cap 2026-08-11T01:58:31.369Z)
    regular_season_games  WNBA_2026-08-05_dream_mercury  +7378 min  (start 2026-08-05T23:00Z, cap 2026-08-11T01:58:39.243Z)
    regular_season_games  WNBA_2026-08-05_liberty_storm  +7378 min  (start 2026-08-05T23:00Z, cap 2026-08-11T01:58:39.978Z)
    postseason_games: none

TOTAL: 90 of 879 comparable closing lines were captured at or after kickoff.
       532 closing line(s) sit on rows with no start_time and could not be asked.
