=== closing-odds authorship  2026-09-14T20:36:16.994Z ===
_oddsProof has been stamped by extractOddsForGame since 2026-06-29 (3f0fe3d).

--- 0. signature AND fingerprint vs change_log source, where the answer is known
    regular_season_games  archive_game_closing   backfill (same captured_at)    proof              16  (2026-08-29 .. 2026-09-12)
    regular_season_games  archive_game_closing   not backfill                   proof             300  (2026-08-23 .. 2026-09-14)
    regular_season_games  closing_odds_capture   not backfill                   spread-no-proof    41  (2026-07-04 .. 2026-08-31)
    regular_season_games  odds_backfill          backfill (same captured_at)    neither             8  (2026-06-30 .. 2026-07-11)
    regular_season_games  odds_backfill          not backfill                   neither            28  (2026-06-28 .. 2026-08-15)
    regular_season_games  odds_backfill          not backfill                   proof              22  (2026-08-15 .. 2026-08-22)
    CONTRADICTION: 16 row(s) marked 'backfill (same captured_at)' are attributed to archive_game_closing, not odds_backfill
    NOTE: 28 odds_backfill row(s) carry NO backfill mark — the fingerprint finds some of that writer's rows, not all of them (it is sufficient, not necessary)
    NOTE: 22 odds_backfill row(s) carry NO backfill mark — the fingerprint finds some of that writer's rows, not all of them (it is sufficient, not necessary)
    postseason_games: no attributed rows

    NO CLASSIFICATION IS OFFERED. The fingerprint marks rows another writer
    is named for, so it does not identify odds_backfill. The descriptive
    steps below still run — a failed classifier is a reason to withhold a
    verdict, not a reason to withhold the data.

--- 0b. first and last change_log entry per writer
    regular_season_games  odds_backfill            58  2026-06-28 .. 2026-08-22
    regular_season_games  closing_odds_capture     41  2026-07-04 .. 2026-08-31
    regular_season_games  archive_game_closing    316  2026-08-23 .. 2026-09-14

    The last writer to start logging is archive_game_closing, at 2026-08-23.
    regular_season_games: 968 of 968 unattributed rows were captured BEFORE that date
        — unattributable by construction, not by a lost write.
    postseason_games: 26 of 26 unattributed rows were captured BEFORE that date
        — unattributable by construction, not by a lost write.

--- 1. rows change_log does NOT name, by signature
    regular_season_games  not backfill                   proof             852  (2026-07-01 .. 2026-08-22, 0 captured before 2026-06-29)
    regular_season_games  backfill (same captured_at)    neither            94  (2026-05-22 .. 2026-06-12, 94 captured before 2026-06-29)
    regular_season_games  not backfill                   neither            21  (2026-06-08 .. 2026-08-01, 4 captured before 2026-06-29)
    regular_season_games  not backfill                   spread-no-proof     1  (2026-08-01 .. 2026-08-01, 0 captured before 2026-06-29)
    postseason_games  backfill (same captured_at)    neither            26  (2026-05-17 .. 2026-06-15, 26 captured before 2026-06-29)

--- 2. the LATE rows change_log does not name
    regular_season_games  not backfill                   proof              58  (2026-08-08 .. 2026-08-21, 0 captured before 2026-06-29)
    regular_season_games  not backfill                   neither             3  (2026-07-25 .. 2026-08-01, 0 captured before 2026-06-29)
    regular_season_games  not backfill                   spread-no-proof     1  (2026-08-01 .. 2026-08-01, 0 captured before 2026-06-29)
        e.g. CFL_2026-08-20_montrealalouettes_ottawaredblacks  [not backfill / proof]  cap 2026-08-21T02:31:07.372Z  start 2026-08-20T23:30:00+00:00
        e.g. MLB_2026-08-17_reds_cardinals  [not backfill / proof]  cap 2026-08-18T10:01:08.601Z  start 2026-08-17T22:40Z
        e.g. CFL_2026-08-15_hamiltontigercats_saskatchewanroughriders  [not backfill / proof]  cap 2026-08-16T02:00:22.848Z  start 2026-08-15T23:00:00+00:00
        e.g. CFL_2026-08-15_edmontonelks_torontoargonauts  [not backfill / proof]  cap 2026-08-16T00:00:17.485Z  start 2026-08-15T19:00:00+00:00
        e.g. WNBA_2026-08-06_fire_tempo  [not backfill / proof]  cap 2026-08-11T01:58:53.586Z  start 2026-08-07T02:00Z
    postseason_games: none
