=== closing-odds capture timing  2026-09-14T15:52:59.878Z ===

--- 0. shapes, read from the rows
    regular_season_games  MLB_2026-07-25_nationals_diamondbacks
        start_time=2026-07-25T20:05Z
        captured_at=2026-07-25T10:00:42.624Z
    regular_season_games  MLB_2026-07-25_giants_angels
        start_time=2026-07-25T20:05Z
        captured_at=2026-07-25T10:00:43.395Z
    regular_season_games  MLB_2026-07-25_marlins_padres
        start_time=2026-07-25T20:10Z
        captured_at=2026-07-25T10:00:44.163Z
    postseason_games: no row has both start_time and a closing capture

--- 1. capture second, by id scheme
    regular_season_games / dash: 48 row(s) in the top 6 buckets
        23:55:31  11
        23:55:30  11
        23:55:17  8
        23:55:20  7
        23:54:53  7
        23:55:28  4
    regular_season_games / ours: 360 row(s) in the top 6 buckets
        11:55:38  147
        11:55:36  93
        11:55:39  58
        10:01:03  22
        10:01:10  21
        10:00:59  19
    postseason_games / dash: 0 row(s) in the top 6 buckets
        (none)
    postseason_games / ours: 12 row(s) in the top 6 buckets
        03:30:10  3
        23:55:27  2
        23:55:26  2
        23:55:15  2
        23:54:50  2
        23:55:36  1

--- 2. captures at or after start_time (an in-play price called closing)
    regular_season_games / dash: 0 late of 0 asked  — 70 with no start_time (NOT asked), 0 unparseable, 70 total
    regular_season_games / ours: 91 late of 877 asked  — 434 with no start_time (NOT asked), 0 unparseable, 1311 total
    postseason_games / dash: null late of null asked  — null with no start_time (NOT asked), null unparseable, 0 total
    postseason_games / ours: 0 late of 0 asked  — 26 with no start_time (NOT asked), 0 unparseable, 26 total

--- 2b. of the rows with no start_time, what could supply one
    census pairs 230 row(s) across 115 collision(s)
    regular_season_games: 504 unaskable — 10 have a census-paired twin carrying start_time (PROVEN route),
        476 carry an espn_event_id (an anchor, resolvability UNTESTED)
    postseason_games: 26 unaskable — 0 have a census-paired twin carrying start_time (PROVEN route),
        0 carry an espn_event_id (an anchor, resolvability UNTESTED)

--- 3. how late, for the ones that are late
    regular_season_games  CFL_2026-06-06_ottawaredblacks_edmontonelks  +92393 min  (start 2026-06-06T23:00:00+00:00, cap 2026-08-10T02:53:10.909Z)
    regular_season_games  MLB_2026-08-05_astros_bluejays  +7668 min  (start 2026-08-05T18:10Z, cap 2026-08-11T01:58:26.643Z)
    regular_season_games  MLB_2026-08-05_cubs_dodgers  +7658 min  (start 2026-08-05T18:20Z, cap 2026-08-11T01:58:27.459Z)
    regular_season_games  MLB_2026-08-05_rangers_giants  +7643 min  (start 2026-08-05T18:35Z, cap 2026-08-11T01:58:28.211Z)
    regular_season_games  MLB_2026-08-05_rockies_rays  +7608 min  (start 2026-08-05T19:10Z, cap 2026-08-11T01:58:29.027Z)
    regular_season_games  MLB_2026-08-05_orioles_angels  +7403 min  (start 2026-08-05T22:35Z, cap 2026-08-11T01:58:29.764Z)
    regular_season_games  MLB_2026-08-05_reds_athletics  +7398 min  (start 2026-08-05T22:40Z, cap 2026-08-11T01:58:30.609Z)
    regular_season_games  MLB_2026-08-05_guardians_mets  +7398 min  (start 2026-08-05T22:40Z, cap 2026-08-11T01:58:31.369Z)
    regular_season_games  WNBA_2026-08-05_dream_mercury  +7378 min  (start 2026-08-05T23:00Z, cap 2026-08-11T01:58:39.243Z)
    regular_season_games  WNBA_2026-08-05_liberty_storm  +7378 min  (start 2026-08-05T23:00Z, cap 2026-08-11T01:58:39.978Z)
    postseason_games: none

--- 4. the late ones, by writer and by distance
    regular_season_games:
        NO change_log ENTRY      c 5-15 min  1
        NO change_log ENTRY      d 15-60 min  3
        NO change_log ENTRY      e 1-6 h  5
        NO change_log ENTRY      f 6-24 h  19
        NO change_log ENTRY      g 1-7 d  33
        NO change_log ENTRY      h >7 d  1
        archive_game_closing     d 15-60 min  1
        archive_game_closing     e 1-6 h  2
        closing_odds_capture     a <1 min  3
        closing_odds_capture     b 1-5 min  20
        closing_odds_capture     c 5-15 min  2
        closing_odds_capture     e 1-6 h  1
    postseason_games: no late rows

--- 4b. lateness distribution, every late row
    regular_season_games  a <1 min        3  (0..0 min)
    regular_season_games  b 1-5 min      20  (1..4 min)
    regular_season_games  c 5-15 min      3  (5..12 min)
    regular_season_games  d 15-60 min     4  (24..25 min)
    regular_season_games  e 1-6 h         8  (110..316 min)
    regular_season_games  f 6-24 h       19  (681..906 min)
    regular_season_games  g 1-7 d        33  (5758..7668 min)
    regular_season_games  h >7 d          1  (92393..92393 min)
    postseason_games: none

TOTAL: 91 of 877 askable closing lines were captured at or after kickoff.
       530 sit on rows with no start_time and were NOT asked.
       0 have a start_time julianday() could not parse and were NOT asked.
       Any percentage quoted from the first number alone excludes 530 rows.
