=== cup competitions vs odds keys  relay=https://field-relay-nba.jeffunglesbee.workers.dev  utc=2026-09-15T17:20:51.632Z ===

--- 1. postseason_games where sport = 'MLS', grouped by league
    CONCACAF Champions Cup             80 rows   opening 0  closing 0   2026-02-04 → 2026-05-07
    Leagues Cup                        63 rows   opening 0  closing 0   2026-08-04 → 2026-08-27
    U.S. Open Cup                      58 rows   opening 0  closing 0   2026-04-14 → 2026-09-17
    TELUS Canadian Championship        40 rows   opening 0  closing 0   2026-05-05 → 2026-10-21
    Campeones Cup                       2 rows   opening 0  closing 0   2026-09-16 → 2026-09-17
    243 row(s) across 5 league value(s); 0 odds value(s) in total

--- 2. ARCHIVE_SPORT_TO_ODDS_KEY, asked with the LEAGUE name
    the map holds 16 keys: nba, wnba, nhl, mlb, epl, mls, la liga, ligue 1, bundesliga, serie a, cfl, cfb, nfl, ufl, afl, ipl
    CONCACAF Champions Cup           -> NO KEY
    Leagues Cup                      -> NO KEY
    U.S. Open Cup                    -> NO KEY
    TELUS Canadian Championship      -> NO KEY
    Campeones Cup                    -> NO KEY

--- 3. vendor /v4/sports: 86 sport(s), 52 soccer or cup-titled
    CONCACAF Champions Cup           -> NOT OFFERED BY THE VENDOR
    Leagues Cup                      -> NOT OFFERED BY THE VENDOR
    U.S. Open Cup                    -> NOT OFFERED BY THE VENDOR
    TELUS Canadian Championship      -> soccer_efl_champ  (Championship, active=true)
    Campeones Cup                    -> NOT OFFERED BY THE VENDOR

    every soccer key the vendor offers, for a reader checking the match by eye:
      americanfootball_ncaaf_championship_winner NCAAF Championship Winner
      basketball_nba_championship_winner NBA Championship Winner
      basketball_ncaab_championship_winner NCAAB Championship Winner
      golf_pga_championship_winner       PGA Championship Winner
      icehockey_nhl_championship_winner  NHL Championship Winner
      soccer_argentina_primera_division  Primera División - Argentina
      soccer_austria_bundesliga          Austrian Football Bundesliga
      soccer_belgium_first_div           Belgium First Div
      soccer_brazil_campeonato           Brazil Série A
      soccer_brazil_serie_b              Brazil Série B
      soccer_china_superleague           Super League - China
      soccer_conmebol_copa_libertadores  Copa Libertadores
      soccer_conmebol_copa_sudamericana  Copa Sudamericana
      soccer_denmark_superliga           Denmark Superliga
      soccer_efl_champ                   Championship
      soccer_england_efl_cup             EFL Cup
      soccer_england_league1             League 1
      soccer_england_league2             League 2
      soccer_epl                         EPL
      soccer_finland_veikkausliiga       Veikkausliiga - Finland
      soccer_france_ligue_one            Ligue 1 - France
      soccer_france_ligue_two            Ligue 2 - France
      soccer_germany_bundesliga          Bundesliga - Germany
      soccer_germany_bundesliga2         Bundesliga 2 - Germany
      soccer_germany_bundesliga_women    Frauen-Bundesliga
      soccer_germany_dfb_pokal           DFB-Pokal
      soccer_germany_liga3               3. Liga - Germany
      soccer_greece_super_league         Super League - Greece
      soccer_italy_coppa_italia          Coppa Italia
      soccer_italy_serie_a               Serie A - Italy
      soccer_italy_serie_b               Serie B - Italy
      soccer_japan_j_league              J League
      soccer_korea_kleague1              K League 1
      soccer_league_of_ireland           League of Ireland
      soccer_mexico_ligamx               Liga MX
      soccer_netherlands_eredivisie      Dutch Eredivisie
      soccer_norway_eliteserien          Eliteserien - Norway
      soccer_poland_ekstraklasa          Ekstraklasa - Poland
      soccer_portugal_primeira_liga      Primeira Liga - Portugal
      soccer_russia_premier_league       Premier League - Russia
      … 12 more

COVERAGE: step 1 reads every postseason row with sport='MLS', no sampling.
    Step 3 lists at most 40 of the vendor's soccer keys; the per-league
    verdicts above are matched against all of them.
