=== cup competitions vs odds keys  relay=https://field-relay-nba.jeffunglesbee.workers.dev  utc=2026-09-15T21:40:28.537Z ===

--- 1. SKIPPED: --names supplied, so the archive is not queried.
    asking about 3 competition(s): UEFA Champions League, EFL Cup, EFL Trophy

--- 2. ARCHIVE_SPORT_TO_ODDS_KEY, asked with the LEAGUE name
    the map holds 16 keys: nba, wnba, nhl, mlb, epl, mls, la liga, ligue 1, bundesliga, serie a, cfl, cfb, nfl, ufl, afl, ipl
    UEFA Champions League            -> NO KEY
    EFL Cup                          -> NO KEY
    EFL Trophy                       -> NO KEY

--- 3. vendor /v4/sports: 85 sport(s), 51 soccer or cup-titled
    UEFA Champions League            -> soccer_uefa_champs_league  (UEFA Champions League, active=true)
    EFL Cup                          -> soccer_england_efl_cup  (EFL Cup, active=true)
    EFL Trophy                       -> NOT OFFERED BY THE VENDOR
        candidate, NOT asserted: soccer_england_efl_cup  (EFL Cup)

    every soccer key the vendor offers, for a reader checking the match by eye:
      americanfootball_ncaaf_championship_winner NCAAF Championship Winner
      basketball_nba_championship_winner NBA Championship Winner
      basketball_ncaab_championship_winner NCAAB Championship Winner
      golf_pga_championship_winner       PGA Championship Winner
      icehockey_nhl_championship_winner  NHL Championship Winner
      soccer_argentina_primera_division  Primera División - Argentina
      soccer_austria_bundesliga          Austrian Football Bundesliga
      soccer_belgium_first_div           Belgium First Div
      soccer_brazil_campeonato           Brazil Série A
      soccer_brazil_serie_b              Brazil Série B
      soccer_china_superleague           Super League - China
      soccer_conmebol_copa_libertadores  Copa Libertadores
      soccer_conmebol_copa_sudamericana  Copa Sudamericana
      soccer_denmark_superliga           Denmark Superliga
      soccer_efl_champ                   Championship
      soccer_england_efl_cup             EFL Cup
      soccer_england_league1             League 1
      soccer_england_league2             League 2
      soccer_epl                         EPL
      soccer_finland_veikkausliiga       Veikkausliiga - Finland
      soccer_france_ligue_one            Ligue 1 - France
      soccer_france_ligue_two            Ligue 2 - France
      soccer_germany_bundesliga          Bundesliga - Germany
      soccer_germany_bundesliga2         Bundesliga 2 - Germany
      soccer_germany_bundesliga_women    Frauen-Bundesliga
      soccer_germany_dfb_pokal           DFB-Pokal
      soccer_germany_liga3               3. Liga - Germany
      soccer_greece_super_league         Super League - Greece
      soccer_italy_serie_a               Serie A - Italy
      soccer_italy_serie_b               Serie B - Italy
      soccer_japan_j_league              J League
      soccer_korea_kleague1              K League 1
      soccer_league_of_ireland           League of Ireland
      soccer_mexico_ligamx               Liga MX
      soccer_netherlands_eredivisie      Dutch Eredivisie
      soccer_norway_eliteserien          Eliteserien - Norway
      soccer_poland_ekstraklasa          Ekstraklasa - Poland
      soccer_portugal_primeira_liga      Primeira Liga - Portugal
      soccer_russia_premier_league       Premier League - Russia
      soccer_spain_la_liga               La Liga - Spain
      soccer_spain_segunda_division      La Liga 2 - Spain
      soccer_spl                         Premiership - Scotland
      soccer_sweden_allsvenskan          Allsvenskan - Sweden
      soccer_sweden_superettan           Superettan - Sweden
      soccer_switzerland_superleague     Swiss Superleague
      soccer_turkey_super_league         Turkey Super League
      soccer_uefa_champs_league          UEFA Champions League
      soccer_uefa_europa_conference_league UEFA Europa Conference League
      soccer_uefa_europa_league          UEFA Europa League
      soccer_uefa_nations_league         UEFA Nations League
      soccer_usa_mls                     MLS
