=== JQ health watch 20260917T141024Z ===

--- 1. scoring coverage ---
date        total  scored  unscored  era3
2026-09-10     67      67         0     0
2026-09-11     63      63         0     0
2026-09-12    396     396         0     0
2026-09-13    222     222         0     0
2026-09-14     57      57         0     0
2026-09-15     79      79         0     0
2026-09-16     86      86         0     0
2026-09-17     55      55         0     0

brief_type / sport with UNSCORED rows:
  (none)

era-3 scored briefs: 181 total
  game_live              118
  game_recap             62
  pre_game               1
  types at the >=5 calibration floor: 2

/quality/report unscored_types: []

last 7d: 1025/1025 scored (100%), 0 unscored

=== scoring healthy (>=95% scored): true ===

--- 2. report + era-scoped calibration ---
alert_count (new predicate):    47
alert_count (legacy predicate): 69
calibration era-scoped: 9  mixed-era: 0
  compound               p25= 123 n=   9 era_scoped=true  window_n=9
  epl_match              p25= 124 n=  17 era_scoped=true  window_n=27
  game_brief             p25= 157 n=  24 era_scoped=true  window_n=24
  game_live              p25= 178 n= 907 era_scoped=true  window_n=1042
  game_recap             p25= 179 n= 709 era_scoped=true  window_n=918
  mlb_game               p25= 157 n= 232 era_scoped=true  window_n=282
  night_owl              p25= 159 n= 243 era_scoped=true  window_n=247
  pre_game               p25= 176 n= 310 era_scoped=true  window_n=380
  slate                  p25= 153 n=  56 era_scoped=true  window_n=70
alert_count: 47
self-contradictory (failure_pct 100 AND avg_score > threshold): 0
era 3 recorded and served: true
window straddles: [{"era":4,"from":"2026-08-23T15:00:00Z","deploy":"CC-CMD-2026-08-20-brief-data-quality ask 6b"},{"era":5,"from":"2026-08-24T05:45:00Z","deploy":"CC-CMD-2026-08-23-finality-dimension"},{"era":6,"from":"2026-08-24T13:10:00Z","deploy":"CC-CMD-2026-08-23-matchup-note-starvation"}]

alerts:
  epl_match              MLS        thr= 124 avg= 132.9 fail= 38% flat240=100%  high_failure_rate
  epl_match              La Liga    thr= 124 avg= 138.3 fail= 33% flat240=100%  high_failure_rate
  game_live              PGA Tour   thr= 178 avg=   142 fail=100% flat240=100%  avg_below_calibrated_p25
  compound               all        thr= 123 avg= 142.3 fail= 22% flat240=100%  high_failure_rate
  epl_match              all        thr= 124 avg= 149.5 fail= 25% flat240=100%  high_failure_rate
  epl_match              EPL        thr= 124 avg= 154.8 fail= 25% flat240=100%  high_failure_rate
  pre_game               PGA Tour   thr= 176 avg=   155 fail=100% flat240=100%  avg_below_calibrated_p25
  slate                  all        thr= 153 avg= 155.1 fail= 31% flat240=100%  high_failure_rate
  night_owl              College Football thr= 159 avg= 156.7 fail= 43% flat240=100%  avg_below_calibrated_p25
  game_recap             PGA Tour   thr= 179 avg= 158.8 fail=100% flat240=100%  avg_below_calibrated_p25
  night_owl              CFL        thr= 159 avg= 159.6 fail= 43% flat240=100%  high_failure_rate
  night_owl              EFL Cup    thr= 159 avg= 161.2 fail= 23% flat240=100%  high_failure_rate
  mlb_game               MLB        thr= 157 avg= 161.5 fail= 34% flat240=100%  high_failure_rate
  night_owl              EFL League Two thr= 159 avg= 161.7 fail= 38% flat240=100%  high_failure_rate
  night_owl              EFL League One thr= 159 avg= 163.4 fail= 26% flat240=100%  high_failure_rate
  night_owl              EPL        thr= 159 avg= 164.4 fail= 38% flat240=100%  high_failure_rate
  night_owl              MLB        thr= 159 avg= 164.9 fail= 24% flat240=100%  high_failure_rate
  night_owl              EFL Championship thr= 159 avg= 166.7 fail= 24% flat240=100%  high_failure_rate
  night_owl              Bundesliga thr= 159 avg= 166.8 fail= 24% flat240=100%  high_failure_rate
  pre_game               UEFA Europa Conference League Qualifying thr= 176 avg= 167.5 fail= 50% flat240=100%  avg_below_calibrated_p25
  game_brief             MLB        thr= 157 avg= 169.9 fail= 25% flat240=100%  high_failure_rate
  game_live              CFB        thr= 178 avg= 179.1 fail= 42% flat240=100%  high_failure_rate
  pre_game               CFB        thr= 176 avg= 179.1 fail= 41% flat240=100%  high_failure_rate
  pre_game               UEFA Europa League thr= 176 avg= 179.8 fail= 50% flat240=100%  high_failure_rate
  game_recap             CFB        thr= 179 avg= 180.7 fail= 43% flat240=100%  high_failure_rate
  game_live              WNBA       thr= 178 avg= 180.8 fail= 29% flat240=100%  high_failure_rate
  game_live              La Liga    thr= 178 avg= 181.1 fail= 32% flat240=100%  high_failure_rate
  game_recap             EPL        thr= 179 avg= 181.1 fail= 40% flat240=100%  high_failure_rate
  game_recap             EFL Trophy thr= 179 avg= 181.5 fail= 40% flat240=100%  high_failure_rate
  game_recap             La Liga    thr= 179 avg= 183.5 fail= 25% flat240=100%  high_failure_rate
  game_live              NFL        thr= 178 avg= 183.7 fail= 28% flat240=100%  high_failure_rate
  game_live              EPL        thr= 178 avg= 184.2 fail= 30% flat240=100%  high_failure_rate
  game_live              UEFA Europa League thr= 178 avg= 184.2 fail= 39% flat240=100%  high_failure_rate
  pre_game               Serie A    thr= 176 avg= 184.6 fail= 40% flat240=100%  high_failure_rate
  game_live              Ligue 1    thr= 178 avg= 184.9 fail= 28% flat240=100%  high_failure_rate
  game_recap             Ligue 1    thr= 179 avg= 185.2 fail= 25% flat240=100%  high_failure_rate
  game_live              EFL Trophy thr= 178 avg= 185.3 fail= 22% flat240=100%  high_failure_rate
  game_recap             MLS        thr= 179 avg= 185.3 fail= 31% flat240=100%  high_failure_rate
  pre_game               MLS        thr= 176 avg= 185.5 fail= 22% flat240=100%  high_failure_rate
  game_recap             Serie A    thr= 179 avg= 185.6 fail= 23% flat240=100%  high_failure_rate
  game_recap             NFL        thr= 179 avg= 186.2 fail= 30% flat240=100%  high_failure_rate
  game_recap             MLB        thr= 179 avg= 186.3 fail= 25% flat240=100%  high_failure_rate
  game_live              MLB        thr= 178 avg= 186.7 fail= 23% flat240=100%  high_failure_rate
  pre_game               UEFA Europa League Qualifying thr= 176 avg=   188 fail= 25% flat240=100%  high_failure_rate
  game_recap             EFL Cup    thr= 179 avg= 194.7 fail= 24% flat240=100%  high_failure_rate
  game_recap             UEFA Europa League thr= 179 avg= 194.7 fail= 22% flat240=100%  high_failure_rate
  game_live              EFL Cup    thr= 178 avg= 197.6 fail= 23% flat240= 97%  high_failure_rate
