=== JQ health watch 20260908T132333Z ===

--- 1. scoring coverage ---
date        total  scored  unscored  era3
2026-09-01     34      34         0     0
2026-09-02     33      33         0     0
2026-09-03     51      51         0     0
2026-09-04     70      70         0     0
2026-09-05    270     270         0     0
2026-09-06    124     124         0     0
2026-09-07     49      49         0     0
2026-09-08     47      47         0     0
2026-09-09      1       1         0     0

brief_type / sport with UNSCORED rows:
  (none)

era-3 scored briefs: 181 total
  game_live              118
  game_recap             62
  pre_game               1
  types at the >=5 calibration floor: 2

/quality/report unscored_types: []

last 7d: 679/679 scored (100%), 0 unscored

=== scoring healthy (>=95% scored): true ===

--- 2. report + era-scoped calibration ---
alert_count (new predicate):    40
alert_count (legacy predicate): 54
calibration era-scoped: 8  mixed-era: 1
  epl_match              p25= 127 n=   8 era_scoped=true  window_n=37
  game_brief             p25= 162 n=  18 era_scoped=true  window_n=36
  game_live              p25= 178 n= 551 era_scoped=true  window_n=686
  game_recap             p25= 179 n= 423 era_scoped=true  window_n=816
  mlb_game               p25= 157 n= 120 era_scoped=true  window_n=241
  narrative_context      p25= 155 n=   6 era_scoped=false window_n=6
  night_owl              p25= 160 n=  51 era_scoped=true  window_n=81
  pre_game               p25= 176 n= 166 era_scoped=true  window_n=288
  slate                  p25= 153 n=  36 era_scoped=true  window_n=71
alert_count: 40
self-contradictory (failure_pct 100 AND avg_score > threshold): 0
era 3 recorded and served: true
window straddles: [{"era":3,"from":"2026-08-13T03:20:00Z","deploy":"CC-CMD-2026-08-13-jq-density-unit-fix"},{"era":4,"from":"2026-08-23T15:00:00Z","deploy":"CC-CMD-2026-08-20-brief-data-quality ask 6b"},{"era":5,"from":"2026-08-24T05:45:00Z","deploy":"CC-CMD-2026-08-23-finality-dimension"},{"era":6,"from":"2026-08-24T13:10:00Z","deploy":"CC-CMD-2026-08-23-matchup-note-starvation"}]

alerts:
  epl_match              MLS Soccer thr= 127 avg=   137 fail= 25% flat240=100%  high_failure_rate
  epl_match              EPL        thr= 127 avg= 137.9 fail= 38% flat240=100%  high_failure_rate
  night_owl              AFL        thr= 160 avg=   141 fail=100% flat240=100%  avg_below_calibrated_p25
  game_recap             PGA Tour   thr= 179 avg= 146.2 fail=100% flat240=100%  avg_below_calibrated_p25
  slate                  all        thr= 153 avg= 148.5 fail= 52% flat240=100%  avg_below_calibrated_p25
  epl_match              all        thr= 127 avg= 149.5 fail= 25% flat240=100%  high_failure_rate
  night_owl              MLS        thr= 160 avg= 150.3 fail= 67% flat240=100%  avg_below_calibrated_p25
  pre_game               PGA Tour   thr= 176 avg=   153 fail=100% flat240=100%  avg_below_calibrated_p25
  mlb_game               MLB        thr= 157 avg= 153.1 fail= 56% flat240=100%  avg_below_calibrated_p25
  night_owl              MLB        thr= 160 avg= 156.9 fail= 53% flat240=100%  avg_below_calibrated_p25
  night_owl              EFL Cup    thr= 160 avg= 159.1 fail= 43% flat240=100%  avg_below_calibrated_p25
  pre_game               wnba       thr= 176 avg= 163.6 fail=100% flat240=100%  avg_below_calibrated_p25
  pre_game               UEFA Europa Conference League Qualifying thr= 176 avg= 167.5 fail= 50% flat240=100%  avg_below_calibrated_p25
  night_owl              Bundesliga thr= 160 avg= 167.8 fail= 25% flat240=100%  high_failure_rate
  game_live              UEFA Champions League thr= 178 avg= 173.5 fail= 67% flat240=100%  avg_below_calibrated_p25
  pre_game               CFB        thr= 176 avg= 177.2 fail= 46% flat240=100%  high_failure_rate
  pre_game               MLB        thr= 176 avg=   178 fail= 33% flat240=100%  high_failure_rate
  game_live              CFB        thr= 178 avg= 178.5 fail= 45% flat240=100%  high_failure_rate
  game_recap             EFL Trophy thr= 179 avg=   179 fail= 50% flat240=100%  high_failure_rate
  game_recap             CFB        thr= 179 avg= 179.4 fail= 49% flat240=100%  high_failure_rate
  game_recap             NFL        thr= 179 avg= 179.7 fail= 43% flat240=100%  high_failure_rate
  game_live              NFL        thr= 178 avg= 179.9 fail= 40% flat240=100%  high_failure_rate
  pre_game               NFL        thr= 176 avg= 179.9 fail= 28% flat240=100%  high_failure_rate
  game_recap             WNBA       thr= 179 avg= 180.1 fail= 46% flat240=100%  high_failure_rate
  game_live              La Liga    thr= 178 avg= 180.4 fail= 32% flat240=100%  high_failure_rate
  pre_game               MLS        thr= 176 avg= 180.5 fail= 40% flat240=100%  high_failure_rate
  game_recap             MLB        thr= 179 avg= 180.8 fail= 42% flat240=100%  high_failure_rate
  game_live              WNBA       thr= 178 avg= 181.3 fail= 31% flat240=100%  high_failure_rate
  game_recap             MLS        thr= 179 avg= 181.3 fail= 42% flat240=100%  high_failure_rate
  game_recap             EPL        thr= 179 avg= 181.5 fail= 43% flat240=100%  high_failure_rate
  game_recap             La Liga    thr= 179 avg= 182.6 fail= 32% flat240=100%  high_failure_rate
  game_live              EFL Trophy thr= 178 avg= 183.8 fail= 25% flat240=100%  high_failure_rate
  game_live              EPL        thr= 178 avg= 183.8 fail= 33% flat240=100%  high_failure_rate
  pre_game               La Liga    thr= 176 avg=   184 fail= 22% flat240=100%  high_failure_rate
  pre_game               Serie A    thr= 176 avg= 184.6 fail= 40% flat240=100%  high_failure_rate
  game_live              MLB        thr= 178 avg= 185.5 fail= 26% flat240=100%  high_failure_rate
  game_recap             Serie A    thr= 179 avg= 186.3 fail= 27% flat240=100%  high_failure_rate
  pre_game               UEFA Europa League Qualifying thr= 176 avg=   188 fail= 25% flat240=100%  high_failure_rate
  game_recap             EFL Cup    thr= 179 avg= 192.5 fail= 36% flat240=100%  high_failure_rate
  game_live              EFL Cup    thr= 178 avg= 196.5 fail= 32% flat240= 96%  high_failure_rate
