=== JQ health watch 20260827T194019Z ===

--- 1. scoring coverage ---
date        total  scored  unscored  era3
2026-08-20     74      74         0     0
2026-08-21     62      62         0    38
2026-08-22    138     138         0   106
2026-08-23    101     101         0    36
2026-08-24     36      36         0     0
2026-08-25    100     100         0     0
2026-08-26     86      86         0     0
2026-08-27    100     100         0     0
2026-08-28      1       1         0     0

brief_type / sport with UNSCORED rows:
  (none)

era-3 scored briefs: 181 total
  game_live              118
  game_recap             62
  pre_game               1
  types at the >=5 calibration floor: 2

/quality/report unscored_types: []

last 7d: 698/698 scored (100%), 0 unscored

=== scoring healthy (>=95% scored): true ===

--- 2. report + era-scoped calibration ---
alert_count (new predicate):    39
alert_count (legacy predicate): 45
calibration era-scoped: 7  mixed-era: 2
  epl_match              p25= 115 n=  52 era_scoped=false window_n=52
  game_brief             p25= 142 n=   6 era_scoped=true  window_n=38
  game_live              p25= 178 n= 121 era_scoped=true  window_n=256
  game_recap             p25= 182 n=  78 era_scoped=true  window_n=683
  mlb_game               p25= 168 n=  44 era_scoped=true  window_n=262
  narrative_context      p25= 133 n=   6 era_scoped=false window_n=6
  night_owl              p25= 159 n=  22 era_scoped=true  window_n=115
  pre_game               p25= 177 n=  14 era_scoped=true  window_n=175
  slate                  p25= 161 n=   8 era_scoped=true  window_n=64
alert_count: 39
self-contradictory (failure_pct 100 AND avg_score > threshold): 0
era 3 recorded and served: true
window straddles: [{"era":3,"from":"2026-08-13T03:20:00Z","deploy":"CC-CMD-2026-08-13-jq-density-unit-fix"},{"era":4,"from":"2026-08-23T15:00:00Z","deploy":"CC-CMD-2026-08-20-brief-data-quality ask 6b"},{"era":5,"from":"2026-08-24T05:45:00Z","deploy":"CC-CMD-2026-08-23-finality-dimension"},{"era":6,"from":"2026-08-24T13:10:00Z","deploy":"CC-CMD-2026-08-23-matchup-note-starvation"}]

alerts:
  epl_match              EPL        thr= 115 avg=   135 fail= 23% flat240=100%  high_failure_rate
  game_recap             PGA Tour   thr= 182 avg= 138.9 fail=100% flat240=100%  avg_below_calibrated_p25
  slate                  all        thr= 161 avg=   141 fail= 86% flat240=100%  avg_below_calibrated_p25
  epl_match              all        thr= 115 avg=   143 fail= 33% flat240=100%  high_failure_rate
  mlb_game               MLB        thr= 168 avg= 143.7 fail= 84% flat240=100%  avg_below_calibrated_p25
  night_owl              MLS        thr= 159 avg= 143.8 fail= 91% flat240=100%  avg_below_calibrated_p25
  night_owl              AFL        thr= 159 avg= 145.6 fail= 80% flat240=100%  avg_below_calibrated_p25
  game_brief             MLS        thr= 142 avg= 145.9 fail= 27% flat240=100%  high_failure_rate
  night_owl              MLB        thr= 159 avg= 146.4 fail= 84% flat240=100%  avg_below_calibrated_p25
  night_owl              EFL Cup    thr= 159 avg= 147.3 fail= 71% flat240=100%  avg_below_calibrated_p25
  pre_game               PGA Tour   thr= 177 avg=   149 fail=100% flat240=100%  avg_below_calibrated_p25
  pre_game               wnba       thr= 177 avg=   164 fail= 94% flat240=100%  avg_below_calibrated_p25
  pre_game               UEFA Europa Conference League Qualifying thr= 177 avg= 165.5 fail= 50% flat240=100%  avg_below_calibrated_p25
  pre_game               MLS        thr= 177 avg= 168.9 fail= 71% flat240=100%  avg_below_calibrated_p25
  game_recap             FIFA World Cup thr= 182 avg= 169.8 fail=100% flat240=100%  avg_below_calibrated_p25
  pre_game               MLB        thr= 177 avg= 171.1 fail= 58% flat240=100%  avg_below_calibrated_p25
  game_live              NFL        thr= 178 avg= 172.1 fail= 72% flat240=100%  avg_below_calibrated_p25
  game_recap             MLS        thr= 182 avg= 172.2 fail= 74% flat240=100%  avg_below_calibrated_p25
  game_recap             MLB        thr= 182 avg= 172.6 fail= 71% flat240=100%  avg_below_calibrated_p25
  pre_game               NFL        thr= 177 avg= 175.2 fail= 46% flat240=100%  avg_below_calibrated_p25
  game_recap             NFL        thr= 182 avg= 176.2 fail= 59% flat240=100%  avg_below_calibrated_p25
  game_recap             WNBA       thr= 182 avg= 177.1 fail= 62% flat240=100%  avg_below_calibrated_p25
  game_recap             La Liga    thr= 182 avg= 177.3 fail= 61% flat240=100%  avg_below_calibrated_p25
  game_live              WNBA       thr= 178 avg=   178 fail= 47% flat240=100%  high_failure_rate
  pre_game               La Liga    thr= 177 avg= 178.8 fail= 45% flat240=100%  high_failure_rate
  game_recap             EFL Trophy thr= 182 avg=   179 fail= 75% flat240=100%  avg_below_calibrated_p25
  game_recap             EPL        thr= 182 avg= 179.5 fail= 60% flat240=100%  avg_below_calibrated_p25
  game_live              EPL        thr= 178 avg= 179.8 fail= 50% flat240=100%  high_failure_rate
  game_live              Ligue 1    thr= 178 avg= 180.1 fail= 44% flat240=100%  high_failure_rate
  game_recap             Ligue 1    thr= 182 avg= 180.1 fail= 44% flat240=100%  avg_below_calibrated_p25
  game_live              La Liga    thr= 178 avg= 180.9 fail= 38% flat240=100%  high_failure_rate
  pre_game               UEFA Europa League Qualifying thr= 177 avg=   181 fail= 50% flat240=100%  high_failure_rate
  game_live              MLS        thr= 178 avg= 182.3 fail= 27% flat240=100%  high_failure_rate
  game_live              MLB        thr= 178 avg= 182.8 fail= 36% flat240=100%  high_failure_rate
  game_recap             EFL Cup    thr= 182 avg= 183.3 fail= 52% flat240=100%  high_failure_rate
  game_recap             Serie A    thr= 182 avg= 188.2 fail= 50% flat240=100%  high_failure_rate
  game_live              Serie A    thr= 178 avg= 189.3 fail= 30% flat240=100%  high_failure_rate
  game_recap             UEFA Europa Conference League Qualifying thr= 182 avg= 190.9 fail= 26% flat240=100%  high_failure_rate
  game_live              EFL Cup    thr= 178 avg= 195.7 fail= 30% flat240= 96%  high_failure_rate
