=== JQ health watch 20260905T122817Z ===

--- 1. scoring coverage ---
date        total  scored  unscored  era3
2026-08-29    153     153         0     0
2026-08-30     98      98         0     0
2026-08-31     39      39         0     0
2026-09-01     34      34         0     0
2026-09-02     33      33         0     0
2026-09-03     51      51         0     0
2026-09-04     70      70         0     0
2026-09-05    183     142        41     0
2026-09-06     16       2        14     0

brief_type / sport with UNSCORED rows:
  pre_game               CFB                      total=  65 scored=  29 unscored=  36
  pre_game               MLS                      total=  30 scored=  16 unscored=  14
  pre_game               La Liga                  total=  13 scored=  10 unscored=   3
  pre_game               EPL                      total=   3 scored=   1 unscored=   2

era-3 scored briefs: 181 total
  game_live              118
  game_recap             62
  pre_game               1
  types at the >=5 calibration floor: 2

/quality/report unscored_types: []

last 7d: 622/677 scored (91.9%), 55 unscored

=== scoring healthy (>=95% scored): false ===

--- 2. report + era-scoped calibration ---
alert_count (new predicate):    43
alert_count (legacy predicate): 52
calibration era-scoped: 8  mixed-era: 1
  epl_match              p25= 120 n=   7 era_scoped=true  window_n=38
  game_brief             p25= 162 n=  18 era_scoped=true  window_n=45
  game_live              p25= 177 n= 474 era_scoped=true  window_n=609
  game_recap             p25= 182 n= 293 era_scoped=true  window_n=735
  mlb_game               p25= 161 n=  82 era_scoped=true  window_n=225
  narrative_context      p25= 155 n=   6 era_scoped=false window_n=6
  night_owl              p25= 159 n=  30 era_scoped=true  window_n=91
  pre_game               p25= 176 n=  93 era_scoped=true  window_n=219
  slate                  p25= 153 n=  30 era_scoped=true  window_n=71
alert_count: 43
self-contradictory (failure_pct 100 AND avg_score > threshold): 0
era 3 recorded and served: true
window straddles: [{"era":3,"from":"2026-08-13T03:20:00Z","deploy":"CC-CMD-2026-08-13-jq-density-unit-fix"},{"era":4,"from":"2026-08-23T15:00:00Z","deploy":"CC-CMD-2026-08-20-brief-data-quality ask 6b"},{"era":5,"from":"2026-08-24T05:45:00Z","deploy":"CC-CMD-2026-08-23-finality-dimension"},{"era":6,"from":"2026-08-24T13:10:00Z","deploy":"CC-CMD-2026-08-23-matchup-note-starvation"}]

alerts:
  epl_match              MLS Soccer thr= 120 avg=   137 fail= 25% flat240=100%  high_failure_rate
  epl_match              EPL        thr= 120 avg= 137.1 fail= 32% flat240=100%  high_failure_rate
  night_owl              AFL        thr= 159 avg=   141 fail=100% flat240=100%  avg_below_calibrated_p25
  epl_match              all        thr= 120 avg= 144.3 fail= 33% flat240=100%  high_failure_rate
  game_brief             MLS        thr= 162 avg= 145.3 fail= 83% flat240=100%  avg_below_calibrated_p25
  game_recap             PGA Tour   thr= 182 avg= 145.8 fail=100% flat240=100%  avg_below_calibrated_p25
  night_owl              MLS        thr= 159 avg= 145.8 fail= 75% flat240=100%  avg_below_calibrated_p25
  slate                  all        thr= 153 avg= 146.9 fail= 56% flat240=100%  avg_below_calibrated_p25
  night_owl              EFL Cup    thr= 159 avg= 147.3 fail= 72% flat240=100%  avg_below_calibrated_p25
  mlb_game               MLB        thr= 161 avg=   149 fail= 67% flat240=100%  avg_below_calibrated_p25
  pre_game               PGA Tour   thr= 176 avg= 150.8 fail=100% flat240=100%  avg_below_calibrated_p25
  night_owl              MLB        thr= 159 avg= 152.4 fail= 67% flat240=100%  avg_below_calibrated_p25
  pre_game               wnba       thr= 176 avg= 162.6 fail=100% flat240=100%  avg_below_calibrated_p25
  pre_game               UEFA Europa Conference League Qualifying thr= 176 avg= 167.5 fail= 50% flat240=100%  avg_below_calibrated_p25
  game_brief             MLB        thr= 162 avg= 172.1 fail= 21% flat240=100%  high_failure_rate
  game_live              CFB        thr= 177 avg=   174 fail= 60% flat240=100%  avg_below_calibrated_p25
  pre_game               CFB        thr= 176 avg= 174.5 fail= 55% flat240=100%  avg_below_calibrated_p25
  pre_game               MLB        thr= 176 avg= 177.5 fail= 36% flat240=100%  high_failure_rate
  pre_game               MLS        thr= 176 avg= 177.7 fail= 50% flat240=100%  high_failure_rate
  game_recap             CFB        thr= 182 avg=   179 fail= 64% flat240=100%  avg_below_calibrated_p25
  game_recap             EFL Trophy thr= 182 avg=   179 fail= 75% flat240=100%  avg_below_calibrated_p25
  game_recap             MLS        thr= 182 avg=   179 fail= 54% flat240=100%  avg_below_calibrated_p25
  game_recap             NFL        thr= 182 avg= 179.7 fail= 49% flat240=100%  avg_below_calibrated_p25
  game_live              NFL        thr= 177 avg= 179.9 fail= 37% flat240=100%  high_failure_rate
  pre_game               NFL        thr= 176 avg= 179.9 fail= 28% flat240=100%  high_failure_rate
  game_recap             MLB        thr= 182 avg=   180 fail= 51% flat240=100%  avg_below_calibrated_p25
  game_recap             WNBA       thr= 182 avg=   180 fail= 51% flat240=100%  avg_below_calibrated_p25
  pre_game               EPL        thr= 176 avg=   180 fail= 33% flat240=100%  high_failure_rate
  game_live              La Liga    thr= 177 avg= 180.2 fail= 29% flat240=100%  high_failure_rate
  game_recap             La Liga    thr= 182 avg=   181 fail= 47% flat240=100%  avg_below_calibrated_p25
  game_live              WNBA       thr= 177 avg= 181.3 fail= 24% flat240=100%  high_failure_rate
  pre_game               La Liga    thr= 176 avg= 182.6 fail= 25% flat240=100%  high_failure_rate
  game_recap             EPL        thr= 182 avg=   183 fail= 43% flat240=100%  high_failure_rate
  game_recap             EFL Cup    thr= 182 avg= 184.3 fail= 50% flat240=100%  high_failure_rate
  pre_game               Serie A    thr= 176 avg= 184.6 fail= 40% flat240=100%  high_failure_rate
  game_live              MLB        thr= 177 avg= 184.9 fail= 25% flat240=100%  high_failure_rate
  game_recap             Ligue 1    thr= 182 avg= 185.1 fail= 29% flat240=100%  high_failure_rate
  game_live              Ligue 1    thr= 177 avg= 185.4 fail= 21% flat240=100%  high_failure_rate
  game_live              EPL        thr= 177 avg= 186.1 fail= 25% flat240=100%  high_failure_rate
  game_recap             Serie A    thr= 182 avg= 186.9 fail= 38% flat240=100%  high_failure_rate
  pre_game               UEFA Europa League Qualifying thr= 176 avg=   188 fail= 25% flat240=100%  high_failure_rate
  game_recap             UEFA Europa Conference League Qualifying thr= 182 avg= 193.3 fail= 23% flat240=100%  high_failure_rate
  game_live              EFL Cup    thr= 177 avg= 197.8 fail= 30% flat240= 96%  high_failure_rate
