=== JQ health watch 20260825T093754Z ===

--- 1. scoring coverage ---
date        total  scored  unscored  era3
2026-08-18     39      39         0     0
2026-08-19     51      51         0     0
2026-08-20     74      74         0     0
2026-08-21     62      62         0    38
2026-08-22    138     138         0   106
2026-08-23    101     101         0    36
2026-08-24     36      36         0     0
2026-08-25      7       7         0     0

brief_type / sport with UNSCORED rows:
  (none)

era-3 scored briefs: 181 total
  game_live              118
  game_recap             62
  pre_game               1
  types at the >=5 calibration floor: 2

/quality/report unscored_types: []

last 7d: 508/508 scored (100%), 0 unscored

=== scoring healthy (>=95% scored): true ===

--- 2. report + era-scoped calibration ---
alert_count (new predicate):    30
alert_count (legacy predicate): 38
calibration era-scoped: 1  mixed-era: 8
  epl_match              p25= 113 n=  51 era_scoped=false window_n=51
  game_brief             p25= 146 n=  32 era_scoped=false window_n=32
  game_live              p25= 170 n= 135 era_scoped=false window_n=135
  game_recap             p25= 182 n=   9 era_scoped=true  window_n=642
  mlb_game               p25= 125 n= 243 era_scoped=false window_n=243
  narrative_context      p25= 133 n=   6 era_scoped=false window_n=6
  night_owl              p25= 137 n=  99 era_scoped=false window_n=99
  pre_game               p25= 160 n= 173 era_scoped=false window_n=173
  slate                  p25= 129 n=  61 era_scoped=false window_n=61
alert_count: 30
self-contradictory (failure_pct 100 AND avg_score > threshold): 0
era 3 recorded and served: true
window straddles: [{"era":3,"from":"2026-08-13T03:20:00Z","deploy":"CC-CMD-2026-08-13-jq-density-unit-fix"},{"era":4,"from":"2026-08-23T15:00:00Z","deploy":"CC-CMD-2026-08-20-brief-data-quality ask 6b"},{"era":5,"from":"2026-08-24T05:45:00Z","deploy":"CC-CMD-2026-08-23-finality-dimension"},{"era":6,"from":"2026-08-24T13:10:00Z","deploy":"CC-CMD-2026-08-23-matchup-note-starvation"}]

alerts:
  epl_match              EPL        thr= 113 avg= 134.7 fail= 21% flat240=100%  high_failure_rate
  game_recap             PGA Tour   thr= 182 avg= 136.1 fail=100% flat240=100%  avg_below_calibrated_p25
  mlb_game               MLB        thr= 125 avg= 136.8 fail= 24% flat240=100%  high_failure_rate
  slate                  all        thr= 129 avg= 137.1 fail= 25% flat240=100%  high_failure_rate
  night_owl              EFL Cup    thr= 137 avg= 141.3 fail= 27% flat240=100%  high_failure_rate
  night_owl              MLS        thr= 137 avg= 143.8 fail= 27% flat240=100%  high_failure_rate
  pre_game               PGA Tour   thr= 160 avg= 145.3 fail= 75% flat240=100%  avg_below_calibrated_p25
  night_owl              AFL        thr= 137 avg= 145.6 fail= 40% flat240=100%  high_failure_rate
  game_brief             MLS        thr= 146 avg= 145.9 fail= 36% flat240=100%  avg_below_calibrated_p25
  pre_game               UEFA Europa Conference League Qualifying thr= 160 avg=   160 fail= 33% flat240=100%  high_failure_rate
  pre_game               wnba       thr= 160 avg= 164.1 fail= 22% flat240=100%  high_failure_rate
  pre_game               MLS        thr= 160 avg=   168 fail= 28% flat240=100%  high_failure_rate
  pre_game               MLB        thr= 160 avg= 168.1 fail= 24% flat240=100%  high_failure_rate
  game_recap             FIFA World Cup thr= 182 avg= 169.8 fail=100% flat240=100%  avg_below_calibrated_p25
  game_recap             MLB        thr= 182 avg= 171.1 fail= 75% flat240=100%  avg_below_calibrated_p25
  game_live              NFL        thr= 170 avg= 171.9 fail= 50% flat240=100%  high_failure_rate
  game_recap             MLS        thr= 182 avg= 172.2 fail= 74% flat240=100%  avg_below_calibrated_p25
  game_recap             La Liga    thr= 182 avg= 176.1 fail= 69% flat240=100%  avg_below_calibrated_p25
  game_recap             NFL        thr= 182 avg= 176.2 fail= 59% flat240=100%  avg_below_calibrated_p25
  game_recap             WNBA       thr= 182 avg=   177 fail= 62% flat240=100%  avg_below_calibrated_p25
  game_live              WNBA       thr= 170 avg= 177.2 fail= 42% flat240=100%  high_failure_rate
  game_recap             EFL Cup    thr= 182 avg= 177.7 fail= 61% flat240=100%  avg_below_calibrated_p25
  game_recap             EFL Trophy thr= 182 avg=   179 fail= 71% flat240=100%  avg_below_calibrated_p25
  game_live              La Liga    thr= 170 avg= 179.2 fail= 22% flat240=100%  high_failure_rate
  game_recap             EPL        thr= 182 avg= 179.5 fail= 60% flat240=100%  avg_below_calibrated_p25
  game_live              EPL        thr= 170 avg= 179.8 fail= 30% flat240=100%  high_failure_rate
  game_live              Ligue 1    thr= 170 avg= 180.1 fail= 33% flat240=100%  high_failure_rate
  game_recap             Ligue 1    thr= 182 avg= 180.1 fail= 44% flat240=100%  avg_below_calibrated_p25
  game_recap             Serie A    thr= 182 avg= 188.2 fail= 50% flat240=100%  high_failure_rate
  game_recap             UEFA Europa Conference League Qualifying thr= 182 avg= 188.3 fail= 33% flat240=100%  high_failure_rate
