=== JQ health watch 20260826T094426Z ===

--- 1. scoring coverage ---
date        total  scored  unscored  era3
2026-08-19     51      51         0     0
2026-08-20     74      74         0     0
2026-08-21     62      62         0    38
2026-08-22    138     138         0   106
2026-08-23    101     101         0    36
2026-08-24     36      36         0     0
2026-08-25    100     100         0     0
2026-08-26     16      16         0     0

brief_type / sport with UNSCORED rows:
  (none)

era-3 scored briefs: 181 total
  game_live              118
  game_recap             62
  pre_game               1
  types at the >=5 calibration floor: 2

/quality/report unscored_types: []

last 7d: 578/578 scored (100%), 0 unscored

=== scoring healthy (>=95% scored): true ===

--- 2. report + era-scoped calibration ---
alert_count (new predicate):    32
alert_count (legacy predicate): 41
calibration era-scoped: 4  mixed-era: 5
  epl_match              p25= 115 n=  52 era_scoped=false window_n=52
  game_brief             p25= 146 n=  35 era_scoped=false window_n=35
  game_live              p25= 176 n=  41 era_scoped=true  window_n=176
  game_recap             p25= 176 n=  41 era_scoped=true  window_n=658
  mlb_game               p25= 166 n=  21 era_scoped=true  window_n=252
  narrative_context      p25= 133 n=   6 era_scoped=false window_n=6
  night_owl              p25= 159 n=  11 era_scoped=true  window_n=109
  pre_game               p25= 161 n= 165 era_scoped=false window_n=165
  slate                  p25= 130 n=  62 era_scoped=false window_n=62
alert_count: 32
self-contradictory (failure_pct 100 AND avg_score > threshold): 0
era 3 recorded and served: true
window straddles: [{"era":3,"from":"2026-08-13T03:20:00Z","deploy":"CC-CMD-2026-08-13-jq-density-unit-fix"},{"era":4,"from":"2026-08-23T15:00:00Z","deploy":"CC-CMD-2026-08-20-brief-data-quality ask 6b"},{"era":5,"from":"2026-08-24T05:45:00Z","deploy":"CC-CMD-2026-08-23-finality-dimension"},{"era":6,"from":"2026-08-24T13:10:00Z","deploy":"CC-CMD-2026-08-23-matchup-note-starvation"}]

alerts:
  epl_match              EPL        thr= 115 avg= 134.7 fail= 23% flat240=100%  high_failure_rate
  game_recap             PGA Tour   thr= 176 avg= 138.9 fail=100% flat240=100%  avg_below_calibrated_p25
  slate                  all        thr= 130 avg=   139 fail= 24% flat240=100%  high_failure_rate
  mlb_game               MLB        thr= 166 avg= 139.8 fail= 90% flat240=100%  avg_below_calibrated_p25
  night_owl              MLB        thr= 159 avg= 143.3 fail= 92% flat240=100%  avg_below_calibrated_p25
  night_owl              MLS        thr= 159 avg= 143.8 fail= 91% flat240=100%  avg_below_calibrated_p25
  pre_game               PGA Tour   thr= 161 avg= 145.3 fail= 75% flat240=100%  avg_below_calibrated_p25
  night_owl              AFL        thr= 159 avg= 145.6 fail= 80% flat240=100%  avg_below_calibrated_p25
  game_brief             MLS        thr= 146 avg= 145.9 fail= 36% flat240=100%  avg_below_calibrated_p25
  night_owl              EFL Cup    thr= 159 avg= 146.5 fail= 75% flat240=100%  avg_below_calibrated_p25
  pre_game               UEFA Europa Conference League Qualifying thr= 161 avg=   160 fail= 33% flat240=100%  avg_below_calibrated_p25
  pre_game               wnba       thr= 161 avg=   164 fail= 29% flat240=100%  high_failure_rate
  pre_game               MLB        thr= 161 avg= 168.8 fail= 25% flat240=100%  high_failure_rate
  pre_game               MLS        thr= 161 avg= 168.9 fail= 29% flat240=100%  high_failure_rate
  game_recap             FIFA World Cup thr= 176 avg= 169.8 fail= 92% flat240=100%  avg_below_calibrated_p25
  game_live              NFL        thr= 176 avg= 171.9 fail= 71% flat240=100%  avg_below_calibrated_p25
  game_recap             MLB        thr= 176 avg=   172 fail= 61% flat240=100%  avg_below_calibrated_p25
  game_recap             MLS        thr= 176 avg= 172.2 fail= 58% flat240=100%  avg_below_calibrated_p25
  game_recap             NFL        thr= 176 avg= 176.2 fail= 41% flat240=100%  high_failure_rate
  game_live              WNBA       thr= 176 avg= 176.8 fail= 40% flat240=100%  high_failure_rate
  game_recap             La Liga    thr= 176 avg= 176.8 fail= 41% flat240=100%  high_failure_rate
  game_recap             WNBA       thr= 176 avg= 176.9 fail= 57% flat240=100%  high_failure_rate
  game_recap             EFL Trophy thr= 176 avg=   179 fail= 38% flat240=100%  high_failure_rate
  game_live              La Liga    thr= 176 avg= 179.4 fail= 30% flat240=100%  high_failure_rate
  game_recap             EPL        thr= 176 avg= 179.5 fail= 50% flat240=100%  high_failure_rate
  game_live              EPL        thr= 176 avg= 179.8 fail= 50% flat240=100%  high_failure_rate
  game_live              Ligue 1    thr= 176 avg= 180.1 fail= 44% flat240=100%  high_failure_rate
  game_recap             Ligue 1    thr= 176 avg= 180.1 fail= 44% flat240=100%  high_failure_rate
  game_live              MLB        thr= 176 avg=   181 fail= 31% flat240=100%  high_failure_rate
  game_recap             EFL Cup    thr= 176 avg= 181.8 fail= 42% flat240=100%  high_failure_rate
  game_live              UEFA Champions League Qualifying thr= 176 avg=   187 fail= 33% flat240=100%  high_failure_rate
  game_live              EFL Cup    thr= 176 avg= 192.9 fail= 29% flat240=100%  high_failure_rate
