=== JQ health watch 20261001T160658Z ===

--- 1. scoring coverage ---
date        total  scored  unscored  era3
2026-09-24     85      85         0     0
2026-09-25     78      78         0     0
2026-09-26    266     266         0     0
2026-09-27    139     139         0     0
2026-09-28     17      17         0     0
2026-09-29     32      32         0     0
2026-09-30     41      41         0     0
2026-10-01     39      39         0     0
2026-10-02      9       9         0     0

brief_type / sport with UNSCORED rows:
  (none)

era-3 scored briefs: 181 total
  game_live              118
  game_recap             62
  pre_game               1
  types at the >=5 calibration floor: 2

/quality/report unscored_types: []

last 7d: 706/706 scored (100%), 0 unscored

=== scoring healthy (>=95% scored): true ===

--- 2. report + era-scoped calibration ---
alert_count (new predicate):    26
alert_count (legacy predicate): 65
calibration era-scoped: 9  mixed-era: 0
  compound               p25= 132 n=  20 era_scoped=true  window_n=20
  epl_match              p25= 125 n=  27 era_scoped=true  window_n=27
  game_brief             p25= 152 n=  18 era_scoped=true  window_n=18
  game_live              p25= 177 n=1180 era_scoped=true  window_n=1180
  game_recap             p25= 174 n= 968 era_scoped=true  window_n=968
  mlb_game               p25= 153 n= 297 era_scoped=true  window_n=297
  night_owl              p25= 159 n= 385 era_scoped=true  window_n=385
  pre_game               p25= 172 n= 518 era_scoped=true  window_n=518
  slate                  p25= 155 n=  68 era_scoped=true  window_n=68
alert_count: 26
self-contradictory (failure_pct 100 AND avg_score > threshold): 0
era 3 recorded and served: true
window straddles: []

alerts:
  epl_match              La Liga    thr= 125 avg= 138.3 fail= 33% flat240=100%  high_failure_rate
  epl_match              MLS        thr= 125 avg= 143.2 fail= 31% flat240=100%  high_failure_rate
  compound               all        thr= 132 avg= 143.3 fail= 25% flat240=100%  high_failure_rate
  game_live              PGA Tour   thr= 177 avg= 151.7 fail=100% flat240=100%  avg_below_calibrated_p25
  pre_game               PGA Tour   thr= 172 avg= 155.7 fail= 67% flat240=100%  avg_below_calibrated_p25
  night_owl              College Football thr= 159 avg= 156.7 fail= 43% flat240=100%  avg_below_calibrated_p25
  game_recap             PGA Tour   thr= 174 avg= 160.3 fail= 67% flat240=100%  avg_below_calibrated_p25
  slate                  all        thr= 155 avg= 160.6 fail= 25% flat240=100%  high_failure_rate
  night_owl              CFL        thr= 159 avg= 161.2 fail= 36% flat240=100%  high_failure_rate
  mlb_game               MLB        thr= 153 avg= 161.5 fail= 24% flat240=100%  high_failure_rate
  night_owl              EFL League Two thr= 159 avg= 162.9 fail= 32% flat240=100%  high_failure_rate
  night_owl              EFL Trophy thr= 159 avg= 163.7 fail= 36% flat240=100%  high_failure_rate
  night_owl              La Liga    thr= 159 avg= 163.7 fail= 26% flat240=100%  high_failure_rate
  game_brief             MLB        thr= 152 avg= 164.5 fail= 22% flat240=100%  high_failure_rate
  night_owl              EFL Championship thr= 159 avg= 164.5 fail= 26% flat240=100%  high_failure_rate
  night_owl              EPL        thr= 159 avg= 164.7 fail= 34% flat240=100%  high_failure_rate
  night_owl              EFL League One thr= 159 avg= 165.1 fail= 30% flat240=100%  high_failure_rate
  game_recap             NHL        thr= 174 avg= 171.7 fail= 52% flat240=100%  avg_below_calibrated_p25
  pre_game               CFB        thr= 172 avg= 176.6 fail= 36% flat240=100%  high_failure_rate
  game_recap             wnba       thr= 174 avg= 177.7 fail= 33% flat240=100%  high_failure_rate
  game_live              CFB        thr= 177 avg= 177.8 fail= 43% flat240=100%  high_failure_rate
  game_recap             CFB        thr= 174 avg= 180.1 fail= 32% flat240=100%  high_failure_rate
  game_live              La Liga    thr= 177 avg= 180.9 fail= 28% flat240=100%  high_failure_rate
  game_live              NFL        thr= 177 avg= 181.8 fail= 33% flat240=100%  high_failure_rate
  game_live              EPL        thr= 177 avg=   185 fail= 23% flat240=100%  high_failure_rate
  game_recap             MLB        thr= 174 avg= 185.1 fail= 20% flat240=100%  high_failure_rate
