=== JQ health watch 20260912T124305Z ===

--- 1. scoring coverage ---
date        total  scored  unscored  era3
2026-09-05    270     270         0     0
2026-09-06    124     124         0     0
2026-09-07     49      49         0     0
2026-09-08     69      69         0     0
2026-09-09     87      87         0     0
2026-09-10     67      67         0     0
2026-09-11     63      63         0     0
2026-09-12    223     184        39     0
2026-09-13     12       3         9     0

brief_type / sport with UNSCORED rows:
  pre_game               CFB                      total= 112 scored=  81 unscored=  31
  pre_game               MLS                      total=  40 scored=  28 unscored=  12
  pre_game               La Liga                  total=  14 scored=  10 unscored=   4
  pre_game               EPL                      total=   3 scored=   2 unscored=   1

era-3 scored briefs: 181 total
  game_live              118
  game_recap             62
  pre_game               1
  types at the >=5 calibration floor: 2

/quality/report unscored_types: []

last 7d: 916/964 scored (95%), 48 unscored

=== scoring healthy (>=95% scored): true ===

--- 2. report + era-scoped calibration ---
alert_count (new predicate):    34
alert_count (legacy predicate): 56
calibration era-scoped: 8  mixed-era: 2
  compound               p25= 122 n=   5 era_scoped=false window_n=5
  epl_match              p25= 127 n=  12 era_scoped=true  window_n=38
  game_brief             p25= 162 n=  18 era_scoped=true  window_n=24
  game_live              p25= 177 n= 757 era_scoped=true  window_n=892
  game_recap             p25= 179 n= 500 era_scoped=true  window_n=823
  mlb_game               p25= 157 n= 174 era_scoped=true  window_n=261
  narrative_context      p25= 155 n=   6 era_scoped=false window_n=6
  night_owl              p25= 161 n=  73 era_scoped=true  window_n=86
  pre_game               p25= 174 n= 217 era_scoped=true  window_n=328
  slate                  p25= 153 n=  44 era_scoped=true  window_n=69
alert_count: 34
self-contradictory (failure_pct 100 AND avg_score > threshold): 0
era 3 recorded and served: true
window straddles: [{"era":4,"from":"2026-08-23T15:00:00Z","deploy":"CC-CMD-2026-08-20-brief-data-quality ask 6b"},{"era":5,"from":"2026-08-24T05:45:00Z","deploy":"CC-CMD-2026-08-23-finality-dimension"},{"era":6,"from":"2026-08-24T13:10:00Z","deploy":"CC-CMD-2026-08-23-matchup-note-starvation"}]

alerts:
  epl_match              MLS        thr= 127 avg= 132.9 fail= 38% flat240=100%  high_failure_rate
  epl_match              EPL        thr= 127 avg= 140.4 fail= 35% flat240=100%  high_failure_rate
  epl_match              all        thr= 127 avg= 149.5 fail= 25% flat240=100%  high_failure_rate
  slate                  all        thr= 153 avg= 152.3 fail= 39% flat240=100%  avg_below_calibrated_p25
  pre_game               PGA Tour   thr= 174 avg=   153 fail=100% flat240=100%  avg_below_calibrated_p25
  game_recap             PGA Tour   thr= 179 avg=   154 fail=100% flat240=100%  avg_below_calibrated_p25
  mlb_game               MLB        thr= 157 avg= 158.2 fail= 44% flat240=100%  high_failure_rate
  night_owl              EFL Cup    thr= 161 avg= 161.2 fail= 46% flat240=100%  high_failure_rate
  night_owl              MLB        thr= 161 avg= 162.7 fail= 37% flat240=100%  high_failure_rate
  pre_game               wnba       thr= 174 avg= 164.8 fail= 60% flat240=100%  avg_below_calibrated_p25
  pre_game               UEFA Europa Conference League Qualifying thr= 174 avg= 167.5 fail= 50% flat240=100%  avg_below_calibrated_p25
  game_brief             MLB        thr= 162 avg=   173 fail= 21% flat240=100%  high_failure_rate
  pre_game               CFB        thr= 174 avg= 175.4 fail= 46% flat240=100%  high_failure_rate
  game_live              CFB        thr= 177 avg= 176.8 fail= 45% flat240=100%  avg_below_calibrated_p25
  game_recap             CFB        thr= 179 avg= 178.9 fail= 51% flat240=100%  avg_below_calibrated_p25
  game_recap             NFL        thr= 179 avg= 179.7 fail= 43% flat240=100%  high_failure_rate
  pre_game               MLB        thr= 174 avg= 179.9 fail= 25% flat240=100%  high_failure_rate
  game_live              La Liga    thr= 177 avg= 180.6 fail= 28% flat240=100%  high_failure_rate
  pre_game               NFL        thr= 174 avg= 180.6 fail= 25% flat240=100%  high_failure_rate
  game_live              NFL        thr= 177 avg= 180.7 fail= 34% flat240=100%  high_failure_rate
  game_live              WNBA       thr= 177 avg= 181.3 fail= 24% flat240=100%  high_failure_rate
  game_recap             EPL        thr= 179 avg= 181.5 fail= 43% flat240=100%  high_failure_rate
  game_recap             MLS        thr= 179 avg= 181.8 fail= 40% flat240=100%  high_failure_rate
  pre_game               MLS        thr= 174 avg= 181.8 fail= 28% flat240=100%  high_failure_rate
  game_recap             La Liga    thr= 179 avg= 182.8 fail= 31% flat240=100%  high_failure_rate
  game_recap             EFL Trophy thr= 179 avg= 183.1 fail= 40% flat240=100%  high_failure_rate
  game_recap             WNBA       thr= 179 avg= 183.2 fail= 39% flat240=100%  high_failure_rate
  game_recap             MLB        thr= 179 avg= 184.2 fail= 33% flat240=100%  high_failure_rate
  pre_game               Serie A    thr= 174 avg= 184.6 fail= 40% flat240=100%  high_failure_rate
  game_live              MLB        thr= 177 avg= 185.2 fail= 24% flat240=100%  high_failure_rate
  game_live              EPL        thr= 177 avg= 185.6 fail= 27% flat240=100%  high_failure_rate
  game_recap             Serie A    thr= 179 avg= 186.2 fail= 26% flat240=100%  high_failure_rate
  game_recap             EFL Cup    thr= 179 avg= 193.1 fail= 28% flat240=100%  high_failure_rate
  game_live              EFL Cup    thr= 177 avg= 197.2 fail= 24% flat240= 97%  high_failure_rate
