=== JQ health watch 20260829T141401Z ===

--- 1. scoring coverage ---
date        total  scored  unscored  era3
2026-08-22    138     138         0   106
2026-08-23    101     101         0    36
2026-08-24     36      36         0     0
2026-08-25    100     100         0     0
2026-08-26     86      86         0     0
2026-08-27    143     143         0     0
2026-08-28     72      72         0     0
2026-08-29     91      85         6     0
2026-08-30      8       1         7     0

brief_type / sport with UNSCORED rows:
  pre_game               MLS                      total=  28 scored=  15 unscored=  13

era-3 scored briefs: 181 total
  game_live              118
  game_recap             62
  pre_game               1
  types at the >=5 calibration floor: 2

/quality/report unscored_types: []

last 7d: 762/775 scored (98.3%), 13 unscored

=== scoring healthy (>=95% scored): true ===

--- 2. report + era-scoped calibration ---
alert_count (new predicate):    45
alert_count (legacy predicate): 50
calibration era-scoped: 7  mixed-era: 2
  epl_match              p25= 115 n=  53 era_scoped=false window_n=53
  game_brief             p25= 175 n=   9 era_scoped=true  window_n=41
  game_live              p25= 178 n= 220 era_scoped=true  window_n=355
  game_recap             p25= 184 n= 136 era_scoped=true  window_n=700
  mlb_game               p25= 165 n=  50 era_scoped=true  window_n=268
  narrative_context      p25= 155 n=   6 era_scoped=false window_n=6
  night_owl              p25= 159 n=  25 era_scoped=true  window_n=118
  pre_game               p25= 179 n=  36 era_scoped=true  window_n=194
  slate                  p25= 161 n=  12 era_scoped=true  window_n=66
alert_count: 45
self-contradictory (failure_pct 100 AND avg_score > threshold): 0
era 3 recorded and served: true
window straddles: [{"era":3,"from":"2026-08-13T03:20:00Z","deploy":"CC-CMD-2026-08-13-jq-density-unit-fix"},{"era":4,"from":"2026-08-23T15:00:00Z","deploy":"CC-CMD-2026-08-20-brief-data-quality ask 6b"},{"era":5,"from":"2026-08-24T05:45:00Z","deploy":"CC-CMD-2026-08-23-finality-dimension"},{"era":6,"from":"2026-08-24T13:10:00Z","deploy":"CC-CMD-2026-08-23-matchup-note-starvation"}]

alerts:
  epl_match              EPL        thr= 115 avg=   135 fail= 23% flat240=100%  high_failure_rate
  game_recap             PGA Tour   thr= 184 avg= 141.8 fail=100% flat240=100%  avg_below_calibrated_p25
  slate                  all        thr= 161 avg= 142.8 fail= 82% flat240=100%  avg_below_calibrated_p25
  night_owl              MLS        thr= 159 avg= 143.8 fail= 91% flat240=100%  avg_below_calibrated_p25
  mlb_game               MLB        thr= 165 avg= 143.9 fail= 81% flat240=100%  avg_below_calibrated_p25
  epl_match              all        thr= 115 avg= 144.3 fail= 33% flat240=100%  high_failure_rate
  night_owl              AFL        thr= 159 avg= 145.6 fail= 80% flat240=100%  avg_below_calibrated_p25
  game_brief             MLS        thr= 175 avg= 145.9 fail=100% flat240=100%  avg_below_calibrated_p25
  night_owl              MLB        thr= 159 avg= 147.1 fail= 81% flat240=100%  avg_below_calibrated_p25
  night_owl              EFL Cup    thr= 159 avg= 147.3 fail= 72% flat240=100%  avg_below_calibrated_p25
  pre_game               PGA Tour   thr= 179 avg= 149.6 fail=100% flat240=100%  avg_below_calibrated_p25
  pre_game               wnba       thr= 179 avg=   164 fail=100% flat240=100%  avg_below_calibrated_p25
  pre_game               UEFA Europa Conference League Qualifying thr= 179 avg= 167.5 fail= 75% flat240=100%  avg_below_calibrated_p25
  pre_game               MLS        thr= 179 avg= 168.9 fail= 77% flat240=100%  avg_below_calibrated_p25
  pre_game               CFB        thr= 179 avg=   169 fail= 67% flat240=100%  avg_below_calibrated_p25
  game_recap             FIFA World Cup thr= 184 avg= 169.5 fail=100% flat240=100%  avg_below_calibrated_p25
  game_live              CFB        thr= 178 avg=   170 fail= 75% flat240=100%  avg_below_calibrated_p25
  game_brief             MLB        thr= 175 avg= 171.5 fail= 50% flat240=100%  avg_below_calibrated_p25
  pre_game               MLB        thr= 179 avg=   172 fail= 61% flat240=100%  avg_below_calibrated_p25
  game_recap             MLS        thr= 184 avg= 172.4 fail= 82% flat240=100%  avg_below_calibrated_p25
  game_recap             MLB        thr= 184 avg= 174.5 fail= 68% flat240=100%  avg_below_calibrated_p25
  game_live              NFL        thr= 178 avg= 177.8 fail= 47% flat240=100%  avg_below_calibrated_p25
  game_recap             La Liga    thr= 184 avg=   178 fail= 64% flat240=100%  avg_below_calibrated_p25
  game_recap             WNBA       thr= 184 avg= 178.1 fail= 60% flat240=100%  avg_below_calibrated_p25
  game_recap             NFL        thr= 184 avg= 178.7 fail= 51% flat240=100%  avg_below_calibrated_p25
  game_recap             EFL Trophy thr= 184 avg=   179 fail= 75% flat240=100%  avg_below_calibrated_p25
  pre_game               La Liga    thr= 179 avg= 179.7 fail= 44% flat240=100%  high_failure_rate
  pre_game               NFL        thr= 179 avg= 179.9 fail= 39% flat240=100%  high_failure_rate
  game_recap             Ligue 1    thr= 184 avg=   180 fail= 50% flat240=100%  avg_below_calibrated_p25
  game_live              WNBA       thr= 178 avg= 181.3 fail= 36% flat240=100%  high_failure_rate
  pre_game               EPL        thr= 179 avg= 181.3 fail= 33% flat240=100%  high_failure_rate
  game_live              La Liga    thr= 178 avg= 181.9 fail= 33% flat240=100%  high_failure_rate
  game_recap             EPL        thr= 184 avg=   182 fail= 50% flat240=100%  avg_below_calibrated_p25
  game_live              MLB        thr= 178 avg= 182.6 fail= 35% flat240=100%  high_failure_rate
  game_live              EPL        thr= 178 avg= 182.7 fail= 40% flat240=100%  high_failure_rate
  game_live              Ligue 1    thr= 178 avg= 184.2 fail= 27% flat240=100%  high_failure_rate
  game_recap             EFL Cup    thr= 184 avg= 184.3 fail= 50% flat240=100%  high_failure_rate
  pre_game               UEFA Europa League Qualifying thr= 179 avg=   188 fail= 25% flat240=100%  high_failure_rate
  game_live              Bundesliga thr= 178 avg= 188.9 fail= 29% flat240=100%  high_failure_rate
  game_recap             Serie A    thr= 184 avg= 188.9 fail= 45% flat240=100%  high_failure_rate
  game_live              Serie A    thr= 178 avg= 189.9 fail= 27% flat240=100%  high_failure_rate
  pre_game               Serie A    thr= 179 avg= 191.7 fail= 33% flat240=100%  high_failure_rate
  game_recap             UEFA Europa Conference League Qualifying thr= 184 avg= 193.3 fail= 25% flat240=100%  high_failure_rate
  game_recap             UEFA Europa League Qualifying thr= 184 avg= 193.3 fail= 21% flat240=100%  high_failure_rate
  game_live              EFL Cup    thr= 178 avg= 197.8 fail= 30% flat240= 96%  high_failure_rate
