=== JQ health watch 20260920T132946Z ===

--- 1. scoring coverage ---
date        total  scored  unscored  era3
2026-09-13    222     222         0     0
2026-09-14     57      57         0     0
2026-09-15     79      79         0     0
2026-09-16     86      86         0     0
2026-09-17     86      86         0     0
2026-09-18     62      62         0     0
2026-09-19    343     343         0     0
2026-09-20    173     149        24     0
2026-09-21      1       0         1     0

brief_type / sport with UNSCORED rows:
  pre_game               NFL                      total=  28 scored=  14 unscored=  14
  pre_game               La Liga                  total=  24 scored=  19 unscored=   5
  pre_game               NHL                      total=   7 scored=   4 unscored=   3
  pre_game               MLS                      total=  25 scored=  24 unscored=   1
  pre_game               EPL                      total=   3 scored=   2 unscored=   1
  pre_game               Serie A                  total=   1 scored=   0 unscored=   1

era-3 scored briefs: 181 total
  game_live              118
  game_recap             62
  pre_game               1
  types at the >=5 calibration floor: 2

/quality/report unscored_types: []

last 7d: 1084/1109 scored (97.7%), 25 unscored

=== scoring healthy (>=95% scored): true ===

--- 2. report + era-scoped calibration ---
alert_count (new predicate):    43
alert_count (legacy predicate): 73
calibration era-scoped: 9  mixed-era: 0
  compound               p25= 141 n=  12 era_scoped=true  window_n=12
  epl_match              p25= 125 n=  20 era_scoped=true  window_n=27
  game_brief             p25= 152 n=  27 era_scoped=true  window_n=27
  game_live              p25= 178 n=1128 era_scoped=true  window_n=1263
  game_recap             p25= 179 n= 853 era_scoped=true  window_n=951
  mlb_game               p25= 157 n= 261 era_scoped=true  window_n=295
  night_owl              p25= 159 n= 337 era_scoped=true  window_n=340
  pre_game               p25= 175 n= 391 era_scoped=true  window_n=434
  slate                  p25= 153 n=  63 era_scoped=true  window_n=71
alert_count: 43
self-contradictory (failure_pct 100 AND avg_score > threshold): 0
era 3 recorded and served: true
window straddles: [{"era":4,"from":"2026-08-23T15:00:00Z","deploy":"CC-CMD-2026-08-20-brief-data-quality ask 6b"},{"era":5,"from":"2026-08-24T05:45:00Z","deploy":"CC-CMD-2026-08-23-finality-dimension"},{"era":6,"from":"2026-08-24T13:10:00Z","deploy":"CC-CMD-2026-08-23-matchup-note-starvation"}]

alerts:
  epl_match              MLS        thr= 125 avg= 132.9 fail= 38% flat240=100%  high_failure_rate
  epl_match              La Liga    thr= 125 avg= 138.3 fail= 33% flat240=100%  high_failure_rate
  game_live              PGA Tour   thr= 178 avg= 143.7 fail=100% flat240=100%  avg_below_calibrated_p25
  compound               all        thr= 141 avg= 146.8 fail= 25% flat240=100%  high_failure_rate
  epl_match              all        thr= 125 avg= 149.5 fail= 25% flat240=100%  high_failure_rate
  night_owl              College Football thr= 159 avg= 156.7 fail= 43% flat240=100%  avg_below_calibrated_p25
  slate                  all        thr= 153 avg= 158.5 fail= 24% flat240=100%  high_failure_rate
  night_owl              CFL        thr= 159 avg= 159.4 fail= 44% flat240=100%  high_failure_rate
  night_owl              EFL Cup    thr= 159 avg= 161.2 fail= 23% flat240=100%  high_failure_rate
  mlb_game               MLB        thr= 157 avg= 162.4 fail= 32% flat240=100%  high_failure_rate
  night_owl              EFL League Two thr= 159 avg= 163.4 fail= 32% flat240=100%  high_failure_rate
  game_recap             PGA Tour   thr= 179 avg= 164.3 fail= 75% flat240=100%  avg_below_calibrated_p25
  night_owl              La Liga    thr= 159 avg= 164.3 fail= 24% flat240=100%  high_failure_rate
  night_owl              EFL Championship thr= 159 avg= 164.5 fail= 26% flat240=100%  high_failure_rate
  night_owl              EFL League One thr= 159 avg= 164.8 fail= 28% flat240=100%  high_failure_rate
  night_owl              MLB        thr= 159 avg=   165 fail= 21% flat240=100%  high_failure_rate
  night_owl              EPL        thr= 159 avg= 165.6 fail= 36% flat240=100%  high_failure_rate
  night_owl              Bundesliga thr= 159 avg= 166.3 fail= 23% flat240=100%  high_failure_rate
  game_recap             NHL        thr= 179 avg= 168.5 fail= 58% flat240=100%  avg_below_calibrated_p25
  game_brief             MLB        thr= 152 avg= 168.6 fail= 22% flat240=100%  high_failure_rate
  pre_game               NHL        thr= 175 avg=   172 fail= 75% flat240=100%  avg_below_calibrated_p25
  pre_game               CFB        thr= 175 avg= 177.4 fail= 41% flat240=100%  high_failure_rate
  game_live              CFB        thr= 178 avg= 178.3 fail= 44% flat240=100%  high_failure_rate
  pre_game               WNBA       thr= 175 avg= 178.3 fail= 33% flat240=100%  high_failure_rate
  game_live              NFL        thr= 178 avg= 180.5 fail= 41% flat240=100%  high_failure_rate
  game_recap             CFB        thr= 179 avg= 180.8 fail= 41% flat240=100%  high_failure_rate
  game_live              La Liga    thr= 178 avg=   181 fail= 32% flat240=100%  high_failure_rate
  game_recap             EPL        thr= 179 avg= 181.9 fail= 37% flat240=100%  high_failure_rate
  game_live              WNBA       thr= 178 avg= 182.5 fail= 24% flat240=100%  high_failure_rate
  game_recap             EFL Trophy thr= 179 avg= 183.8 fail= 25% flat240=100%  high_failure_rate
  game_recap             La Liga    thr= 179 avg= 184.1 fail= 23% flat240=100%  high_failure_rate
  game_live              EPL        thr= 178 avg= 184.4 fail= 28% flat240=100%  high_failure_rate
  pre_game               Serie A    thr= 175 avg= 184.6 fail= 40% flat240=100%  high_failure_rate
  game_recap             Ligue 1    thr= 179 avg=   185 fail= 24% flat240=100%  high_failure_rate
  game_live              EFL Trophy thr= 178 avg= 185.3 fail= 22% flat240=100%  high_failure_rate
  game_recap             Serie A    thr= 179 avg= 185.9 fail= 22% flat240=100%  high_failure_rate
  game_live              Ligue 1    thr= 178 avg=   186 fail= 27% flat240=100%  high_failure_rate
  game_live              MLB        thr= 178 avg= 186.5 fail= 23% flat240=100%  high_failure_rate
  game_recap             NFL        thr= 179 avg= 187.4 fail= 29% flat240=100%  high_failure_rate
  game_recap             MLB        thr= 179 avg= 187.9 fail= 22% flat240=100%  high_failure_rate
  game_recap             MLS        thr= 179 avg= 189.1 fail= 22% flat240=100%  high_failure_rate
  game_recap             EFL Cup    thr= 179 avg= 194.2 fail= 26% flat240=100%  high_failure_rate
  game_live              EFL Cup    thr= 178 avg= 197.7 fail= 23% flat240= 97%  high_failure_rate
