=== JQ health watch 20260906T124144Z ===

--- 1. scoring coverage ---
date        total  scored  unscored  era3
2026-08-30     98      98         0     0
2026-08-31     39      39         0     0
2026-09-01     34      34         0     0
2026-09-02     33      33         0     0
2026-09-03     51      51         0     0
2026-09-04     70      70         0     0
2026-09-05    270     270         0     0
2026-09-06     81      81         0     0

brief_type / sport with UNSCORED rows:
  (none)

era-3 scored briefs: 181 total
  game_live              118
  game_recap             62
  pre_game               1
  types at the >=5 calibration floor: 2

/quality/report unscored_types: []

last 7d: 676/676 scored (100%), 0 unscored

=== scoring healthy (>=95% scored): true ===

--- 2. report + era-scoped calibration ---
alert_count (new predicate):    41
alert_count (legacy predicate): 53
calibration era-scoped: 8  mixed-era: 1
  epl_match              p25= 127 n=   8 era_scoped=true  window_n=39
  game_brief             p25= 162 n=  18 era_scoped=true  window_n=42
  game_live              p25= 179 n= 507 era_scoped=true  window_n=642
  game_recap             p25= 179 n= 381 era_scoped=true  window_n=823
  mlb_game               p25= 159 n=  96 era_scoped=true  window_n=234
  narrative_context      p25= 155 n=   6 era_scoped=false window_n=6
  night_owl              p25= 159 n=  34 era_scoped=true  window_n=95
  pre_game               p25= 176 n= 158 era_scoped=true  window_n=283
  slate                  p25= 153 n=  32 era_scoped=true  window_n=71
alert_count: 41
self-contradictory (failure_pct 100 AND avg_score > threshold): 0
era 3 recorded and served: true
window straddles: [{"era":3,"from":"2026-08-13T03:20:00Z","deploy":"CC-CMD-2026-08-13-jq-density-unit-fix"},{"era":4,"from":"2026-08-23T15:00:00Z","deploy":"CC-CMD-2026-08-20-brief-data-quality ask 6b"},{"era":5,"from":"2026-08-24T05:45:00Z","deploy":"CC-CMD-2026-08-23-finality-dimension"},{"era":6,"from":"2026-08-24T13:10:00Z","deploy":"CC-CMD-2026-08-23-matchup-note-starvation"}]

alerts:
  epl_match              MLS Soccer thr= 127 avg=   137 fail= 25% flat240=100%  high_failure_rate
  epl_match              EPL        thr= 127 avg= 137.1 fail= 39% flat240=100%  high_failure_rate
  night_owl              AFL        thr= 159 avg=   141 fail=100% flat240=100%  avg_below_calibrated_p25
  game_recap             PGA Tour   thr= 179 avg= 145.8 fail=100% flat240=100%  avg_below_calibrated_p25
  night_owl              MLS        thr= 159 avg= 145.8 fail= 75% flat240=100%  avg_below_calibrated_p25
  slate                  all        thr= 153 avg= 147.2 fail= 56% flat240=100%  avg_below_calibrated_p25
  night_owl              EFL Cup    thr= 159 avg= 147.3 fail= 72% flat240=100%  avg_below_calibrated_p25
  epl_match              all        thr= 127 avg= 148.5 fail= 25% flat240=100%  high_failure_rate
  mlb_game               MLB        thr= 159 avg= 149.5 fail= 62% flat240=100%  avg_below_calibrated_p25
  pre_game               PGA Tour   thr= 176 avg=   153 fail=100% flat240=100%  avg_below_calibrated_p25
  night_owl              MLB        thr= 159 avg= 153.1 fail= 63% flat240=100%  avg_below_calibrated_p25
  game_brief             MLS        thr= 162 avg= 154.7 fail= 67% flat240=100%  avg_below_calibrated_p25
  pre_game               wnba       thr= 176 avg= 162.6 fail=100% flat240=100%  avg_below_calibrated_p25
  pre_game               UEFA Europa Conference League Qualifying thr= 176 avg= 167.5 fail= 50% flat240=100%  avg_below_calibrated_p25
  night_owl              Bundesliga thr= 159 avg=   170 fail= 33% flat240=100%  high_failure_rate
  game_brief             MLB        thr= 162 avg= 172.1 fail= 21% flat240=100%  high_failure_rate
  pre_game               CFB        thr= 176 avg= 177.3 fail= 47% flat240=100%  high_failure_rate
  pre_game               MLB        thr= 176 avg= 177.6 fail= 33% flat240=100%  high_failure_rate
  game_live              CFB        thr= 179 avg= 178.6 fail= 45% flat240=100%  avg_below_calibrated_p25
  game_recap             EFL Trophy thr= 179 avg=   179 fail= 50% flat240=100%  high_failure_rate
  game_recap             CFB        thr= 179 avg= 179.2 fail= 50% flat240=100%  high_failure_rate
  game_recap             NFL        thr= 179 avg= 179.7 fail= 43% flat240=100%  high_failure_rate
  game_live              NFL        thr= 179 avg= 179.9 fail= 47% flat240=100%  high_failure_rate
  pre_game               NFL        thr= 176 avg= 179.9 fail= 28% flat240=100%  high_failure_rate
  game_recap             WNBA       thr= 179 avg=   180 fail= 45% flat240=100%  high_failure_rate
  game_recap             MLB        thr= 179 avg= 180.2 fail= 44% flat240=100%  high_failure_rate
  pre_game               MLS        thr= 176 avg= 180.2 fail= 41% flat240=100%  high_failure_rate
  game_live              La Liga    thr= 179 avg= 180.9 fail= 38% flat240=100%  high_failure_rate
  game_recap             MLS        thr= 179 avg=   181 fail= 43% flat240=100%  high_failure_rate
  game_live              WNBA       thr= 179 avg= 181.3 fail= 38% flat240=100%  high_failure_rate
  game_recap             La Liga    thr= 179 avg= 181.9 fail= 34% flat240=100%  high_failure_rate
  game_recap             EPL        thr= 179 avg= 182.3 fail= 39% flat240=100%  high_failure_rate
  pre_game               La Liga    thr= 176 avg= 183.1 fail= 21% flat240=100%  high_failure_rate
  game_recap             EFL Cup    thr= 179 avg= 184.3 fail= 46% flat240=100%  high_failure_rate
  pre_game               Serie A    thr= 176 avg= 184.6 fail= 40% flat240=100%  high_failure_rate
  game_live              MLB        thr= 179 avg= 185.5 fail= 27% flat240=100%  high_failure_rate
  game_live              Ligue 1    thr= 179 avg= 185.6 fail= 22% flat240=100%  high_failure_rate
  game_live              EPL        thr= 179 avg= 185.8 fail= 33% flat240=100%  high_failure_rate
  game_recap             Serie A    thr= 179 avg= 186.5 fail= 29% flat240=100%  high_failure_rate
  pre_game               UEFA Europa League Qualifying thr= 176 avg=   188 fail= 25% flat240=100%  high_failure_rate
  game_live              EFL Cup    thr= 179 avg= 197.8 fail= 30% flat240= 96%  high_failure_rate
