=== JQ health watch 20260911T132208Z ===

--- 1. scoring coverage ---
date        total  scored  unscored  era3
2026-09-04     70      70         0     0
2026-09-05    270     270         0     0
2026-09-06    124     124         0     0
2026-09-07     49      49         0     0
2026-09-08     69      69         0     0
2026-09-09     87      87         0     0
2026-09-10     67      67         0     0
2026-09-11     43      43         0     0
2026-09-12      1       1         0     0

brief_type / sport with UNSCORED rows:
  (none)

era-3 scored briefs: 181 total
  game_live              118
  game_recap             62
  pre_game               1
  types at the >=5 calibration floor: 2

/quality/report unscored_types: []

last 7d: 780/780 scored (100%), 0 unscored

=== scoring healthy (>=95% scored): true ===

--- 2. report + era-scoped calibration ---
alert_count (new predicate):    37
alert_count (legacy predicate): 56
calibration era-scoped: 8  mixed-era: 1
  epl_match              p25= 124 n=  10 era_scoped=true  window_n=37
  game_brief             p25= 162 n=  18 era_scoped=true  window_n=27
  game_live              p25= 179 n= 625 era_scoped=true  window_n=760
  game_recap             p25= 179 n= 485 era_scoped=true  window_n=826
  mlb_game               p25= 158 n= 155 era_scoped=true  window_n=260
  narrative_context      p25= 155 n=   6 era_scoped=false window_n=6
  night_owl              p25= 160 n=  63 era_scoped=true  window_n=81
  pre_game               p25= 176 n= 193 era_scoped=true  window_n=307
  slate                  p25= 153 n=  42 era_scoped=true  window_n=70
alert_count: 37
self-contradictory (failure_pct 100 AND avg_score > threshold): 0
era 3 recorded and served: true
window straddles: [{"era":3,"from":"2026-08-13T03:20:00Z","deploy":"CC-CMD-2026-08-13-jq-density-unit-fix"},{"era":4,"from":"2026-08-23T15:00:00Z","deploy":"CC-CMD-2026-08-20-brief-data-quality ask 6b"},{"era":5,"from":"2026-08-24T05:45:00Z","deploy":"CC-CMD-2026-08-23-finality-dimension"},{"era":6,"from":"2026-08-24T13:10:00Z","deploy":"CC-CMD-2026-08-23-matchup-note-starvation"}]

alerts:
  epl_match              MLS        thr= 124 avg= 132.9 fail= 38% flat240=100%  high_failure_rate
  epl_match              EPL        thr= 124 avg= 139.6 fail= 38% flat240=100%  high_failure_rate
  compound               all        thr= 240 avg= 146.3 fail=100% flat240=100%  avg_below_calibrated_p25
  epl_match              all        thr= 124 avg= 149.5 fail= 25% flat240=100%  high_failure_rate
  slate                  all        thr= 153 avg= 150.5 fail= 44% flat240=100%  avg_below_calibrated_p25
  pre_game               PGA Tour   thr= 176 avg=   153 fail=100% flat240=100%  avg_below_calibrated_p25
  game_recap             PGA Tour   thr= 179 avg=   154 fail=100% flat240=100%  avg_below_calibrated_p25
  mlb_game               MLB        thr= 158 avg= 157.1 fail= 50% flat240=100%  avg_below_calibrated_p25
  night_owl              MLB        thr= 160 avg= 160.8 fail= 43% flat240=100%  high_failure_rate
  night_owl              EFL Cup    thr= 160 avg= 161.2 fail= 38% flat240=100%  high_failure_rate
  pre_game               wnba       thr= 176 avg= 164.8 fail=100% flat240=100%  avg_below_calibrated_p25
  pre_game               UEFA Europa Conference League Qualifying thr= 176 avg= 167.5 fail= 50% flat240=100%  avg_below_calibrated_p25
  night_owl              Bundesliga thr= 160 avg= 167.8 fail= 25% flat240=100%  high_failure_rate
  pre_game               CFB        thr= 176 avg= 177.3 fail= 44% flat240=100%  high_failure_rate
  game_live              CFB        thr= 179 avg= 178.4 fail= 46% flat240=100%  avg_below_calibrated_p25
  game_recap             CFB        thr= 179 avg= 179.4 fail= 49% flat240=100%  high_failure_rate
  pre_game               MLB        thr= 176 avg= 179.6 fail= 30% flat240=100%  high_failure_rate
  game_recap             NFL        thr= 179 avg= 179.7 fail= 43% flat240=100%  high_failure_rate
  pre_game               NFL        thr= 176 avg= 180.6 fail= 25% flat240=100%  high_failure_rate
  game_live              NFL        thr= 179 avg= 180.7 fail= 44% flat240=100%  high_failure_rate
  game_live              La Liga    thr= 179 avg= 181.3 fail= 40% flat240=100%  high_failure_rate
  game_live              WNBA       thr= 179 avg= 181.3 fail= 38% flat240=100%  high_failure_rate
  game_recap             EPL        thr= 179 avg= 181.5 fail= 43% flat240=100%  high_failure_rate
  game_recap             WNBA       thr= 179 avg= 181.6 fail= 44% flat240=100%  high_failure_rate
  game_recap             MLS        thr= 179 avg= 181.8 fail= 40% flat240=100%  high_failure_rate
  pre_game               MLS        thr= 176 avg= 181.8 fail= 36% flat240=100%  high_failure_rate
  game_recap             La Liga    thr= 179 avg= 182.6 fail= 32% flat240=100%  high_failure_rate
  game_recap             EFL Trophy thr= 179 avg= 183.1 fail= 40% flat240=100%  high_failure_rate
  game_recap             MLB        thr= 179 avg= 183.5 fail= 35% flat240=100%  high_failure_rate
  game_live              EPL        thr= 179 avg= 183.8 fail= 40% flat240=100%  high_failure_rate
  pre_game               La Liga    thr= 176 avg= 184.6 fail= 21% flat240=100%  high_failure_rate
  pre_game               Serie A    thr= 176 avg= 184.6 fail= 40% flat240=100%  high_failure_rate
  game_live              MLB        thr= 179 avg= 185.3 fail= 28% flat240=100%  high_failure_rate
  game_recap             Serie A    thr= 179 avg= 186.3 fail= 27% flat240=100%  high_failure_rate
  pre_game               UEFA Europa League Qualifying thr= 176 avg=   188 fail= 25% flat240=100%  high_failure_rate
  game_recap             EFL Cup    thr= 179 avg= 193.1 fail= 28% flat240=100%  high_failure_rate
  game_live              EFL Cup    thr= 179 avg= 197.2 fail= 24% flat240= 97%  high_failure_rate
