=== JQ health watch 20261008T161132Z ===

--- 1. scoring coverage ---
date        total  scored  unscored  era3
2026-10-01     44      44         0     0
2026-10-02     39      39         0     0
2026-10-03    197     197         0     0
2026-10-04    103     103         0     0
2026-10-05     43      43         0     0
2026-10-06     86      86         0     0
2026-10-07     62      62         0     0
2026-10-08     52      45         7     0
2026-10-09      4       0         4     0

brief_type / sport with UNSCORED rows:
  pre_game               NHL                      total=  52 scored=  43 unscored=   9
  pre_game               MLB                      total=  18 scored=  17 unscored=   1
  pre_game               NBA                      total=   1 scored=   0 unscored=   1

era-3 scored briefs: 181 total
  game_live              118
  game_recap             62
  pre_game               1
  types at the >=5 calibration floor: 2

/quality/report unscored_types: []

last 7d: 619/630 scored (98.3%), 11 unscored

=== scoring healthy (>=95% scored): true ===

--- 2. report + era-scoped calibration ---
alert_count (new predicate):    29
alert_count (legacy predicate): 67
calibration era-scoped: 9  mixed-era: 0
  compound               p25= 123 n=  21 era_scoped=true  window_n=21
  epl_match              p25= 140 n=  30 era_scoped=true  window_n=30
  game_brief             p25= 150 n=   9 era_scoped=true  window_n=9
  game_live              p25= 177 n=1123 era_scoped=true  window_n=1123
  game_recap             p25= 174 n= 965 era_scoped=true  window_n=965
  mlb_game               p25= 152 n= 285 era_scoped=true  window_n=285
  night_owl              p25= 158 n= 387 era_scoped=true  window_n=387
  pre_game               p25= 174 n= 536 era_scoped=true  window_n=536
  slate                  p25= 157 n=  65 era_scoped=true  window_n=65
alert_count: 29
self-contradictory (failure_pct 100 AND avg_score > threshold): 0
era 3 recorded and served: true
window straddles: []

alerts:
  epl_match              La Liga    thr= 140 avg= 138.3 fail= 67% flat240=100%  avg_below_calibrated_p25
  compound               all        thr= 123 avg= 141.9 fail= 24% flat240=100%  high_failure_rate
  epl_match              MLS        thr= 140 avg= 146.1 fail= 24% flat240=100%  high_failure_rate
  epl_match              UEFA Europa League thr= 140 avg=   154 fail= 33% flat240=100%  high_failure_rate
  game_brief             MLB        thr= 150 avg= 155.1 fail= 22% flat240=100%  high_failure_rate
  night_owl              College Football thr= 158 avg= 156.7 fail= 43% flat240=100%  avg_below_calibrated_p25
  game_live              PGA Tour   thr= 177 avg= 159.3 fail=100% flat240=100%  avg_below_calibrated_p25
  night_owl              CFL        thr= 158 avg= 160.3 fail= 33% flat240=100%  high_failure_rate
  mlb_game               MLB        thr= 152 avg= 160.8 fail= 23% flat240=100%  high_failure_rate
  night_owl              EFL League Two thr= 158 avg= 162.7 fail= 31% flat240=100%  high_failure_rate
  slate                  all        thr= 157 avg= 163.6 fail= 25% flat240=100%  high_failure_rate
  night_owl              EFL Trophy thr= 158 avg= 163.7 fail= 36% flat240=100%  high_failure_rate
  night_owl              La Liga    thr= 158 avg= 163.7 fail= 23% flat240=100%  high_failure_rate
  night_owl              EFL Championship thr= 158 avg= 164.5 fail= 21% flat240=100%  high_failure_rate
  night_owl              EPL        thr= 158 avg= 164.7 fail= 29% flat240=100%  high_failure_rate
  game_recap             PGA Tour   thr= 174 avg= 165.3 fail= 67% flat240=100%  avg_below_calibrated_p25
  night_owl              EFL League One thr= 158 avg= 165.5 fail= 27% flat240=100%  high_failure_rate
  game_recap             NHL        thr= 174 avg= 171.9 fail= 54% flat240=100%  avg_below_calibrated_p25
  pre_game               PGA Tour   thr= 174 avg= 176.7 fail= 33% flat240=100%  high_failure_rate
  game_recap             wnba       thr= 174 avg= 177.7 fail= 33% flat240=100%  high_failure_rate
  pre_game               CFB        thr= 174 avg= 177.7 fail= 41% flat240=100%  high_failure_rate
  game_live              CFB        thr= 177 avg= 177.9 fail= 44% flat240=100%  high_failure_rate
  game_live              La Liga    thr= 177 avg= 180.6 fail= 28% flat240=100%  high_failure_rate
  game_recap             CFB        thr= 174 avg= 181.7 fail= 27% flat240=100%  high_failure_rate
  game_live              NFL        thr= 177 avg= 182.3 fail= 34% flat240=100%  high_failure_rate
  pre_game               MLB        thr= 174 avg= 182.5 fail= 24% flat240=100%  high_failure_rate
  game_live              Ligue 1    thr= 177 avg= 183.6 fail= 22% flat240=100%  high_failure_rate
  pre_game               EPL        thr= 174 avg= 183.8 fail= 25% flat240=100%  high_failure_rate
  game_recap             MLB        thr= 174 avg= 184.6 fail= 22% flat240=100%  high_failure_rate
