=== JQ health watch 20261007T161002Z ===

--- 1. scoring coverage ---
date        total  scored  unscored  era3
2026-09-30     41      41         0     0
2026-10-01     44      44         0     0
2026-10-02     39      39         0     0
2026-10-03    197     197         0     0
2026-10-04    103     103         0     0
2026-10-05     43      43         0     0
2026-10-06     86      86         0     0
2026-10-07     51      51         0     0
2026-10-08      4       4         0     0

brief_type / sport with UNSCORED rows:
  (none)

era-3 scored briefs: 181 total
  game_live              118
  game_recap             62
  pre_game               1
  types at the >=5 calibration floor: 2

/quality/report unscored_types: []

last 7d: 608/608 scored (100%), 0 unscored

=== scoring healthy (>=95% scored): true ===

--- 2. report + era-scoped calibration ---
alert_count (new predicate):    29
alert_count (legacy predicate): 67
calibration era-scoped: 9  mixed-era: 0
  compound               p25= 123 n=  21 era_scoped=true  window_n=21
  epl_match              p25= 126 n=  29 era_scoped=true  window_n=29
  game_brief             p25= 150 n=   9 era_scoped=true  window_n=9
  game_live              p25= 177 n=1116 era_scoped=true  window_n=1116
  game_recap             p25= 174 n= 963 era_scoped=true  window_n=963
  mlb_game               p25= 152 n= 288 era_scoped=true  window_n=288
  night_owl              p25= 158 n= 391 era_scoped=true  window_n=391
  pre_game               p25= 174 n= 536 era_scoped=true  window_n=536
  slate                  p25= 156 n=  65 era_scoped=true  window_n=65
alert_count: 29
self-contradictory (failure_pct 100 AND avg_score > threshold): 0
era 3 recorded and served: true
window straddles: []

alerts:
  epl_match              La Liga    thr= 126 avg= 138.3 fail= 33% flat240=100%  high_failure_rate
  compound               all        thr= 123 avg= 141.9 fail= 24% flat240=100%  high_failure_rate
  epl_match              MLS        thr= 126 avg= 144.4 fail= 29% flat240=100%  high_failure_rate
  epl_match              UEFA Europa League thr= 126 avg=   154 fail= 33% flat240=100%  high_failure_rate
  game_brief             MLB        thr= 150 avg= 155.1 fail= 22% flat240=100%  high_failure_rate
  night_owl              College Football thr= 158 avg= 156.7 fail= 43% flat240=100%  avg_below_calibrated_p25
  game_live              PGA Tour   thr= 177 avg=   158 fail=100% flat240=100%  avg_below_calibrated_p25
  night_owl              CFL        thr= 158 avg= 160.8 fail= 31% flat240=100%  high_failure_rate
  mlb_game               MLB        thr= 152 avg= 160.9 fail= 23% flat240=100%  high_failure_rate
  night_owl              EFL League Two thr= 158 avg= 162.7 fail= 31% flat240=100%  high_failure_rate
  slate                  all        thr= 156 avg= 162.7 fail= 25% flat240=100%  high_failure_rate
  night_owl              EFL Trophy thr= 158 avg= 163.7 fail= 36% flat240=100%  high_failure_rate
  night_owl              La Liga    thr= 158 avg= 163.7 fail= 23% flat240=100%  high_failure_rate
  night_owl              EFL Championship thr= 158 avg= 164.5 fail= 21% flat240=100%  high_failure_rate
  night_owl              EPL        thr= 158 avg= 164.7 fail= 29% flat240=100%  high_failure_rate
  night_owl              EFL League One thr= 158 avg= 165.5 fail= 27% flat240=100%  high_failure_rate
  game_recap             PGA Tour   thr= 174 avg= 165.8 fail= 60% flat240=100%  avg_below_calibrated_p25
  game_recap             NHL        thr= 174 avg=   172 fail= 54% flat240=100%  avg_below_calibrated_p25
  pre_game               PGA Tour   thr= 174 avg= 176.7 fail= 33% flat240=100%  high_failure_rate
  pre_game               CFB        thr= 174 avg= 177.5 fail= 41% flat240=100%  high_failure_rate
  game_recap             wnba       thr= 174 avg= 177.7 fail= 33% flat240=100%  high_failure_rate
  game_live              CFB        thr= 177 avg= 177.8 fail= 43% flat240=100%  high_failure_rate
  game_live              La Liga    thr= 177 avg= 180.5 fail= 26% flat240=100%  high_failure_rate
  game_recap             CFB        thr= 174 avg= 181.8 fail= 26% flat240=100%  high_failure_rate
  game_live              NFL        thr= 177 avg= 182.4 fail= 33% flat240=100%  high_failure_rate
  pre_game               MLB        thr= 174 avg= 182.5 fail= 25% flat240=100%  high_failure_rate
  game_live              Ligue 1    thr= 177 avg= 183.6 fail= 22% flat240=100%  high_failure_rate
  pre_game               EPL        thr= 174 avg= 183.8 fail= 25% flat240=100%  high_failure_rate
  game_recap             MLB        thr= 174 avg= 184.7 fail= 21% flat240=100%  high_failure_rate
