=== JQ health watch 20260813T224618Z ===

--- 1. scoring coverage ---
date        total  scored  unscored  era3
2026-08-06     12      12         0     0
2026-08-07      4       4         0     0
2026-08-08    108     108         0     0
2026-08-09     62      62         0     0
2026-08-10     19      19         0     0
2026-08-11     25      25         0     0
2026-08-12     51      51         0     0
2026-08-13     30      30         0     0
2026-08-14      1       1         0     1

brief_type / sport with UNSCORED rows:
  (none)

era-3 scored briefs: 1 total
  pre_game               1
  types at the >=5 calibration floor: 0

/quality/report unscored_types: []

last 7d: 312/312 scored (100%), 0 unscored

=== scoring healthy (>=95% scored): true ===

--- 2. report + era-scoped calibration ---
alert_count (new predicate):    14
alert_count (legacy predicate): 23
calibration era-scoped: 0  mixed-era: 8
  epl_match              p25= 115 n=  46 era_scoped=false window_n=46
  game_brief             p25= 146 n=  29 era_scoped=false window_n=29
  game_recap             p25= 157 n= 587 era_scoped=false window_n=587
  mlb_game               p25= 125 n= 270 era_scoped=false window_n=270
  narrative_context      p25= 135 n=  14 era_scoped=false window_n=14
  night_owl              p25= 132 n= 154 era_scoped=false window_n=154
  pre_game               p25= 155 n= 101 era_scoped=false window_n=101
  slate                  p25= 127 n=  61 era_scoped=false window_n=61
alert_count: 14
self-contradictory (failure_pct 100 AND avg_score > threshold): 0
era 3 recorded and served: true
window straddles: [{"era":2,"from":"2026-07-16T01:36:49Z","deploy":"6aed3bb"},{"era":3,"from":"2026-08-13T03:20:00Z","deploy":"CC-CMD-2026-08-13-jq-density-unit-fix"}]

alerts:
  game_recap             PGA TOUR   thr= 157 avg= 117.8 fail=100% flat240=100%  avg_below_calibrated_p25
  epl_match              EPL        thr= 115 avg= 128.1 fail= 24% flat240=100%  high_failure_rate
  mlb_game               MLB        thr= 125 avg= 136.1 fail= 24% flat240=100%  high_failure_rate
  pre_game               pga tour   thr= 155 avg= 136.8 fail=100% flat240=100%  avg_below_calibrated_p25
  game_recap             PGA Tour   thr= 157 avg= 137.2 fail=100% flat240=100%  avg_below_calibrated_p25
  night_owl              FIFA World Cup thr= 132 avg= 137.9 fail= 38% flat240=100%  high_failure_rate
  night_owl              Baseball (MLB) thr= 132 avg= 139.8 fail= 21% flat240=100%  high_failure_rate
  slate                  all        thr= 127 avg= 140.9 fail= 25% flat240=100%  high_failure_rate
  night_owl              Australian Football (AFL) thr= 132 avg= 141.8 fail= 50% flat240=100%  high_failure_rate
  game_brief             MLS        thr= 146 avg= 145.9 fail= 36% flat240=100%  avg_below_calibrated_p25
  game_recap             mlb        thr= 157 avg=   162 fail= 50% flat240=100%  high_failure_rate
  pre_game               mlb        thr= 155 avg= 163.3 fail= 23% flat240=100%  high_failure_rate
  game_recap             MLS        thr= 157 avg= 164.6 fail= 21% flat240=100%  high_failure_rate
  game_recap             MLB        thr= 157 avg= 164.7 fail= 31% flat240=100%  high_failure_rate
