=== JQ health watch 20260923T140733Z ===

--- 1. scoring coverage ---
date        total  scored  unscored  era3
2026-09-16     86      86         0     0
2026-09-17     86      86         0     0
2026-09-18     62      62         0     0
2026-09-19    343     343         0     0
2026-09-20    251     251         0     0
2026-09-21     65      65         0     0
2026-09-22    139     139         0     0
2026-09-23     58      58         0     0
2026-09-24      2       0         2     0

brief_type / sport with UNSCORED rows:
  pre_game               MLS                      total=  16 scored=  15 unscored=   1
  pre_game               MLB                      total=  15 scored=  14 unscored=   1

era-3 scored briefs: 181 total
  game_live              118
  game_recap             62
  pre_game               1
  types at the >=5 calibration floor: 2

/quality/report unscored_types: []

last 7d: 1090/1092 scored (99.8%), 2 unscored

=== scoring healthy (>=95% scored): true ===

--- 2. report + era-scoped calibration ---
alert_count (new predicate):    31
alert_count (legacy predicate): 73
calibration era-scoped: 9  mixed-era: 0
  compound               p25= 141 n=  15 era_scoped=true  window_n=15
  epl_match              p25= 127 n=  24 era_scoped=true  window_n=24
  game_brief             p25= 152 n=  27 era_scoped=true  window_n=27
  game_live              p25= 179 n=1219 era_scoped=true  window_n=1236
  game_recap             p25= 178 n= 990 era_scoped=true  window_n=991
  mlb_game               p25= 156 n= 293 era_scoped=true  window_n=297
  night_owl              p25= 159 n= 385 era_scoped=true  window_n=385
  pre_game               p25= 176 n= 434 era_scoped=true  window_n=437
  slate                  p25= 154 n=  69 era_scoped=true  window_n=71
alert_count: 31
self-contradictory (failure_pct 100 AND avg_score > threshold): 0
era 3 recorded and served: true
window straddles: []

alerts:
  epl_match              La Liga    thr= 127 avg= 138.3 fail= 67% flat240=100%  high_failure_rate
  epl_match              MLS        thr= 127 avg= 145.8 fail= 25% flat240=100%  high_failure_rate
  epl_match              UEFA Europa League thr= 127 avg=   154 fail= 33% flat240=100%  high_failure_rate
  night_owl              College Football thr= 159 avg= 156.7 fail= 43% flat240=100%  avg_below_calibrated_p25
  night_owl              CFL        thr= 159 avg= 159.4 fail= 44% flat240=100%  high_failure_rate
  slate                  all        thr= 154 avg= 159.9 fail= 27% flat240=100%  high_failure_rate
  game_recap             PGA Tour   thr= 178 avg=   161 fail=100% flat240=100%  avg_below_calibrated_p25
  night_owl              EFL Cup    thr= 159 avg= 161.2 fail= 23% flat240=100%  high_failure_rate
  night_owl              EFL League Two thr= 159 avg= 163.4 fail= 32% flat240=100%  high_failure_rate
  night_owl              EFL Trophy thr= 159 avg= 163.7 fail= 36% flat240=100%  high_failure_rate
  night_owl              La Liga    thr= 159 avg= 163.7 fail= 26% flat240=100%  high_failure_rate
  mlb_game               MLB        thr= 156 avg= 164.4 fail= 24% flat240=100%  high_failure_rate
  night_owl              EFL Championship thr= 159 avg= 164.5 fail= 26% flat240=100%  high_failure_rate
  night_owl              EPL        thr= 159 avg= 164.7 fail= 34% flat240=100%  high_failure_rate
  night_owl              EFL League One thr= 159 avg= 164.8 fail= 28% flat240=100%  high_failure_rate
  night_owl              Bundesliga thr= 159 avg= 166.3 fail= 23% flat240=100%  high_failure_rate
  game_brief             MLB        thr= 152 avg= 168.6 fail= 22% flat240=100%  high_failure_rate
  game_recap             NHL        thr= 178 avg= 176.1 fail= 53% flat240=100%  avg_below_calibrated_p25
  pre_game               CFB        thr= 176 avg= 177.4 fail= 44% flat240=100%  high_failure_rate
  game_live              CFB        thr= 179 avg= 178.3 fail= 47% flat240=100%  avg_below_calibrated_p25
  pre_game               Serie A    thr= 176 avg= 179.8 fail= 25% flat240=100%  high_failure_rate
  game_live              La Liga    thr= 179 avg= 180.6 fail= 43% flat240=100%  high_failure_rate
  game_recap             CFB        thr= 178 avg= 180.8 fail= 39% flat240=100%  high_failure_rate
  game_recap             EPL        thr= 178 avg= 182.6 fail= 29% flat240=100%  high_failure_rate
  game_live              WNBA       thr= 179 avg= 184.1 fail= 20% flat240=100%  high_failure_rate
  game_recap             EFL Trophy thr= 178 avg= 185.3 fail= 23% flat240=100%  high_failure_rate
  game_recap             MLB        thr= 178 avg= 186.3 fail= 20% flat240=100%  high_failure_rate
  game_live              Ligue 1    thr= 179 avg= 186.6 fail= 22% flat240=100%  high_failure_rate
  game_live              EPL        thr= 179 avg= 186.9 fail= 24% flat240=100%  high_failure_rate
  game_recap             EFL Cup    thr= 178 avg= 194.2 fail= 26% flat240=100%  high_failure_rate
  game_live              EFL Cup    thr= 179 avg= 197.7 fail= 23% flat240= 97%  high_failure_rate
