=== JQ health watch 20261010T150618Z ===

--- 1. scoring coverage ---
date        total  scored  unscored  era3
2026-10-03    197     197         0     0
2026-10-04    103     103         0     0
2026-10-05     43      43         0     0
2026-10-06     86      86         0     0
2026-10-07     62      62         0     0
2026-10-08     66      66         0     0
2026-10-09     61      61         0     0
2026-10-10    179     164        15     0
2026-10-11     11       2         9     0

brief_type / sport with UNSCORED rows:
  pre_game               MLS                      total=  15 scored=   1 unscored=  14
  pre_game               NHL                      total=  58 scored=  50 unscored=   8
  pre_game               CFB                      total=  86 scored=  85 unscored=   1
  pre_game               MLB                      total=  16 scored=  15 unscored=   1

era-3 scored briefs: 181 total
  game_live              118
  game_recap             62
  pre_game               1
  types at the >=5 calibration floor: 2

/quality/report unscored_types: []

last 7d: 784/808 scored (97%), 24 unscored

=== scoring healthy (>=95% scored): true ===

--- 2. report + era-scoped calibration ---
alert_count (new predicate):    27
alert_count (legacy predicate): 66
calibration era-scoped: 9  mixed-era: 0
  compound               p25= 123 n=  20 era_scoped=true  window_n=20
  epl_match              p25= 140 n=  31 era_scoped=true  window_n=31
  game_brief             p25= 150 n=   9 era_scoped=true  window_n=9
  game_live              p25= 176 n=1180 era_scoped=true  window_n=1180
  game_recap             p25= 172 n= 962 era_scoped=true  window_n=962
  mlb_game               p25= 152 n= 271 era_scoped=true  window_n=271
  night_owl              p25= 158 n= 386 era_scoped=true  window_n=386
  pre_game               p25= 173 n= 589 era_scoped=true  window_n=589
  slate                  p25= 158 n=  65 era_scoped=true  window_n=65
alert_count: 27
self-contradictory (failure_pct 100 AND avg_score > threshold): 0
era 3 recorded and served: true
window straddles: []

alerts:
  compound               all        thr= 123 avg=   141 fail= 25% flat240=100%  high_failure_rate
  epl_match              La Liga    thr= 140 avg= 144.3 fail= 50% flat240=100%  high_failure_rate
  epl_match              EPL        thr= 140 avg= 149.5 fail= 25% flat240=100%  high_failure_rate
  epl_match              UEFA Europa League thr= 140 avg=   154 fail= 33% flat240=100%  high_failure_rate
  game_brief             MLB        thr= 150 avg= 155.1 fail= 22% flat240=100%  high_failure_rate
  night_owl              College Football thr= 158 avg= 156.7 fail= 43% flat240=100%  avg_below_calibrated_p25
  game_live              PGA Tour   thr= 176 avg= 157.8 fail=100% flat240=100%  avg_below_calibrated_p25
  mlb_game               MLB        thr= 152 avg= 160.2 fail= 24% flat240=100%  high_failure_rate
  night_owl              CFL        thr= 158 avg= 160.4 fail= 36% flat240=100%  high_failure_rate
  night_owl              EFL League Two thr= 158 avg= 162.7 fail= 31% flat240=100%  high_failure_rate
  night_owl              EFL Trophy thr= 158 avg= 163.7 fail= 36% flat240=100%  high_failure_rate
  night_owl              La Liga    thr= 158 avg= 163.9 fail= 24% flat240=100%  high_failure_rate
  game_recap             PGA Tour   thr= 172 avg= 164.3 fail= 67% flat240=100%  avg_below_calibrated_p25
  night_owl              EFL Championship thr= 158 avg= 164.5 fail= 21% flat240=100%  high_failure_rate
  slate                  all        thr= 158 avg= 164.5 fail= 23% flat240=100%  high_failure_rate
  night_owl              EPL        thr= 158 avg= 164.7 fail= 29% flat240=100%  high_failure_rate
  night_owl              EFL League One thr= 158 avg= 165.5 fail= 27% flat240=100%  high_failure_rate
  game_recap             NHL        thr= 172 avg= 171.6 fail= 53% flat240=100%  avg_below_calibrated_p25
  game_live              CFB        thr= 176 avg= 176.6 fail= 47% flat240=100%  high_failure_rate
  pre_game               CFB        thr= 173 avg= 176.6 fail= 40% flat240=100%  high_failure_rate
  pre_game               PGA Tour   thr= 173 avg= 176.7 fail= 33% flat240=100%  high_failure_rate
  game_recap             wnba       thr= 172 avg= 177.7 fail= 33% flat240=100%  high_failure_rate
  game_recap             CFB        thr= 172 avg= 181.7 fail= 23% flat240=100%  high_failure_rate
  game_live              NFL        thr= 176 avg= 182.1 fail= 33% flat240=100%  high_failure_rate
  pre_game               MLB        thr= 173 avg= 182.3 fail= 22% flat240=100%  high_failure_rate
  game_live              Ligue 1    thr= 176 avg= 182.8 fail= 25% flat240=100%  high_failure_rate
  game_recap             NBA        thr= 172 avg= 185.6 fail= 22% flat240=100%  high_failure_rate
