=== JQ health watch 20260816T093000Z ===

--- 1. scoring coverage ---
date        total  scored  unscored  era3
2026-08-09     62      62         0     0
2026-08-10     19      19         0     0
2026-08-11     25      25         0     0
2026-08-12     51      51         0     0
2026-08-13     34      34         0     0
2026-08-14     28      28         0     1
2026-08-15     81      81         0     0
2026-08-16     35      35         0     0

brief_type / sport with UNSCORED rows:
  (none)

era-3 scored briefs: 1 total
  pre_game               1
  types at the >=5 calibration floor: 0

/quality/report unscored_types: []

last 7d: 335/335 scored (100%), 0 unscored

=== scoring healthy (>=95% scored): true ===

--- 2. report + era-scoped calibration ---
alert_count (new predicate):    20
alert_count (legacy predicate): 23
calibration era-scoped: 6  mixed-era: 2
  epl_match              p25= 102 n=  14 era_scoped=true  window_n=55
  game_brief             p25= 146 n=  32 era_scoped=false window_n=32
  game_recap             p25= 167 n=  57 era_scoped=true  window_n=594
  mlb_game               p25= 135 n=  33 era_scoped=true  window_n=298
  narrative_context      p25= 135 n=  14 era_scoped=false window_n=14
  night_owl              p25= 145 n=   8 era_scoped=true  window_n=157
  pre_game               p25= 161 n=  23 era_scoped=true  window_n=133
  slate                  p25= 122 n=   5 era_scoped=true  window_n=60
alert_count: 20
self-contradictory (failure_pct 100 AND avg_score > threshold): 0
era 3 recorded and served: true
window straddles: [{"era":3,"from":"2026-08-13T03:20:00Z","deploy":"CC-CMD-2026-08-13-jq-density-unit-fix"}]

alerts:
  game_recap             PGA TOUR   thr= 167 avg= 117.8 fail=100% flat240=100%  avg_below_calibrated_p25
  epl_match              EPL        thr= 102 avg= 128.8 fail= 22% flat240=100%  high_failure_rate
  mlb_game               MLB        thr= 135 avg= 136.2 fail= 47% flat240=100%  high_failure_rate
  game_recap             PGA Tour   thr= 167 avg= 138.5 fail=100% flat240=100%  avg_below_calibrated_p25
  pre_game               pga tour   thr= 161 avg= 138.5 fail=100% flat240=100%  avg_below_calibrated_p25
  night_owl              Baseball (MLB) thr= 145 avg= 139.8 fail= 66% flat240=100%  avg_below_calibrated_p25
  night_owl              FIFA World Cup thr= 145 avg=   140 fail= 75% flat240=100%  avg_below_calibrated_p25
  night_owl              EFL Cup    thr= 145 avg= 141.3 fail= 63% flat240=100%  avg_below_calibrated_p25
  night_owl              Australian Football (AFL) thr= 145 avg= 141.8 fail= 50% flat240=100%  avg_below_calibrated_p25
  night_owl              MLS Soccer thr= 145 avg= 143.7 fail= 57% flat240=100%  avg_below_calibrated_p25
  game_brief             MLS        thr= 146 avg= 145.9 fail= 36% flat240=100%  avg_below_calibrated_p25
  pre_game               mls        thr= 161 avg= 161.1 fail= 50% flat240=100%  high_failure_rate
  pre_game               mlb        thr= 161 avg= 163.4 fail= 41% flat240=100%  high_failure_rate
  pre_game               wnba       thr= 161 avg= 164.6 fail= 33% flat240=100%  high_failure_rate
  game_recap             MLB        thr= 167 avg= 165.5 fail= 53% flat240=100%  avg_below_calibrated_p25
  game_recap             MLS        thr= 167 avg= 166.2 fail= 52% flat240=100%  avg_below_calibrated_p25
  game_recap             FIFA World Cup thr= 167 avg=   170 fail= 25% flat240=100%  high_failure_rate
  game_recap             WNBA       thr= 167 avg= 172.2 fail= 40% flat240=100%  high_failure_rate
  game_recap             NFL        thr= 167 avg= 176.9 fail= 25% flat240=100%  high_failure_rate
  game_recap             EFL Cup    thr= 167 avg= 177.7 fail= 32% flat240=100%  high_failure_rate
