=== JQ health watch 20260909T133248Z ===

--- 1. scoring coverage ---
date        total  scored  unscored  era3
2026-09-02     33      33         0     0
2026-09-03     51      51         0     0
2026-09-04     70      70         0     0
2026-09-05    270     270         0     0
2026-09-06    124     124         0     0
2026-09-07     49      49         0     0
2026-09-08     69      69         0     0
2026-09-09     57      57         0     0
2026-09-10     10      10         0     0

brief_type / sport with UNSCORED rows:
  (none)

era-3 scored briefs: 181 total
  game_live              118
  game_recap             62
  pre_game               1
  types at the >=5 calibration floor: 2

/quality/report unscored_types: []

last 7d: 733/733 scored (100%), 0 unscored

=== scoring healthy (>=95% scored): true ===

--- 2. report + era-scoped calibration ---
alert_count (new predicate):    39
alert_count (legacy predicate): 54
calibration era-scoped: 8  mixed-era: 1
  epl_match              p25= 127 n=   9 era_scoped=true  window_n=36
  game_brief             p25= 162 n=  18 era_scoped=true  window_n=33
  game_live              p25= 179 n= 588 era_scoped=true  window_n=723
  game_recap             p25= 179 n= 444 era_scoped=true  window_n=816
  mlb_game               p25= 157 n= 129 era_scoped=true  window_n=234
  narrative_context      p25= 155 n=   6 era_scoped=false window_n=6
  night_owl              p25= 160 n=  51 era_scoped=true  window_n=69
  pre_game               p25= 176 n= 184 era_scoped=true  window_n=301
  slate                  p25= 152 n=  38 era_scoped=true  window_n=70
alert_count: 39
self-contradictory (failure_pct 100 AND avg_score > threshold): 0
era 3 recorded and served: true
window straddles: [{"era":3,"from":"2026-08-13T03:20:00Z","deploy":"CC-CMD-2026-08-13-jq-density-unit-fix"},{"era":4,"from":"2026-08-23T15:00:00Z","deploy":"CC-CMD-2026-08-20-brief-data-quality ask 6b"},{"era":5,"from":"2026-08-24T05:45:00Z","deploy":"CC-CMD-2026-08-23-finality-dimension"},{"era":6,"from":"2026-08-24T13:10:00Z","deploy":"CC-CMD-2026-08-23-matchup-note-starvation"}]

alerts:
  epl_match              EPL        thr= 127 avg= 139.6 fail= 38% flat240=100%  high_failure_rate
  slate                  all        thr= 152 avg= 149.3 fail= 47% flat240=100%  avg_below_calibrated_p25
  epl_match              all        thr= 127 avg= 149.5 fail= 25% flat240=100%  high_failure_rate
  game_recap             PGA Tour   thr= 179 avg= 150.3 fail=100% flat240=100%  avg_below_calibrated_p25
  pre_game               PGA Tour   thr= 176 avg=   153 fail=100% flat240=100%  avg_below_calibrated_p25
  mlb_game               MLB        thr= 157 avg= 155.7 fail= 50% flat240=100%  avg_below_calibrated_p25
  night_owl              MLB        thr= 160 avg= 160.2 fail= 45% flat240=100%  high_failure_rate
  night_owl              EFL Cup    thr= 160 avg= 161.2 fail= 38% flat240=100%  high_failure_rate
  pre_game               wnba       thr= 176 avg= 164.2 fail=100% flat240=100%  avg_below_calibrated_p25
  pre_game               UEFA Europa Conference League Qualifying thr= 176 avg= 167.5 fail= 50% flat240=100%  avg_below_calibrated_p25
  night_owl              Bundesliga thr= 160 avg= 167.8 fail= 25% flat240=100%  high_failure_rate
  game_brief             MLB        thr= 162 avg= 171.5 fail= 21% flat240=100%  high_failure_rate
  pre_game               UEFA Champions League thr= 176 avg= 173.8 fail= 50% flat240=100%  avg_below_calibrated_p25
  pre_game               CFB        thr= 176 avg= 177.2 fail= 46% flat240=100%  high_failure_rate
  pre_game               NFL        thr= 176 avg= 178.2 fail= 32% flat240=100%  high_failure_rate
  game_live              CFB        thr= 179 avg= 178.5 fail= 45% flat240=100%  avg_below_calibrated_p25
  pre_game               MLB        thr= 176 avg= 178.5 fail= 32% flat240=100%  high_failure_rate
  game_live              NFL        thr= 179 avg=   179 fail= 48% flat240=100%  high_failure_rate
  game_recap             CFB        thr= 179 avg= 179.4 fail= 49% flat240=100%  high_failure_rate
  game_recap             NFL        thr= 179 avg= 179.7 fail= 43% flat240=100%  high_failure_rate
  game_recap             WNBA       thr= 179 avg= 179.7 fail= 48% flat240=100%  high_failure_rate
  game_live              La Liga    thr= 179 avg= 180.4 fail= 41% flat240=100%  high_failure_rate
  game_live              WNBA       thr= 179 avg= 181.3 fail= 38% flat240=100%  high_failure_rate
  game_recap             MLS        thr= 179 avg= 181.3 fail= 42% flat240=100%  high_failure_rate
  game_recap             EPL        thr= 179 avg= 181.5 fail= 43% flat240=100%  high_failure_rate
  game_recap             MLB        thr= 179 avg= 181.6 fail= 40% flat240=100%  high_failure_rate
  pre_game               MLS        thr= 176 avg= 181.7 fail= 34% flat240=100%  high_failure_rate
  game_recap             La Liga    thr= 179 avg= 182.6 fail= 32% flat240=100%  high_failure_rate
  game_recap             EFL Trophy thr= 179 avg= 183.1 fail= 40% flat240=100%  high_failure_rate
  game_live              EPL        thr= 179 avg= 183.8 fail= 40% flat240=100%  high_failure_rate
  pre_game               La Liga    thr= 176 avg=   184 fail= 22% flat240=100%  high_failure_rate
  pre_game               Serie A    thr= 176 avg= 184.6 fail= 40% flat240=100%  high_failure_rate
  game_live              MLB        thr= 179 avg= 185.4 fail= 29% flat240=100%  high_failure_rate
  game_live              UEFA Champions League thr= 179 avg= 185.9 fail= 33% flat240=100%  high_failure_rate
  game_recap             Serie A    thr= 179 avg= 186.3 fail= 27% flat240=100%  high_failure_rate
  pre_game               UEFA Europa League Qualifying thr= 176 avg=   188 fail= 25% flat240=100%  high_failure_rate
  game_recap             EFL Cup    thr= 179 avg= 192.1 fail= 31% flat240=100%  high_failure_rate
  game_recap             UEFA Champions League thr= 179 avg=   193 fail= 33% flat240=100%  high_failure_rate
  game_live              EFL Cup    thr= 179 avg= 196.4 fail= 24% flat240= 97%  high_failure_rate
