=== JQ health watch 20260820T093653Z ===

--- 1. scoring coverage ---
date        total  scored  unscored  era3
2026-08-13     34      34         0     0
2026-08-14     28      28         0     1
2026-08-15     81      81         0     0
2026-08-16     73      73         0     0
2026-08-17     21      21         0     0
2026-08-18     39      39         0     0
2026-08-19     51      51         0     0
2026-08-20      8       8         0     0

brief_type / sport with UNSCORED rows:
  (none)

era-3 scored briefs: 1 total
  pre_game               1
  types at the >=5 calibration floor: 0

/quality/report unscored_types: []

last 7d: 335/335 scored (100%), 0 unscored

=== scoring healthy (>=95% scored): true ===

--- 2. report + era-scoped calibration ---
alert_count (new predicate):    20
alert_count (legacy predicate): 25
calibration era-scoped: 6  mixed-era: 2
  epl_match              p25= 104 n=  19 era_scoped=true  window_n=52
  game_brief             p25= 146 n=  32 era_scoped=false window_n=32
  game_recap             p25= 165 n= 154 era_scoped=true  window_n=608
  mlb_game               p25= 135 n=  45 era_scoped=true  window_n=240
  narrative_context      p25= 135 n=  10 era_scoped=false window_n=10
  night_owl              p25= 145 n=   9 era_scoped=true  window_n=103
  pre_game               p25= 166 n=  56 era_scoped=true  window_n=156
  slate                  p25= 125 n=  12 era_scoped=true  window_n=59
alert_count: 20
self-contradictory (failure_pct 100 AND avg_score > threshold): 0
era 3 recorded and served: true
window straddles: [{"era":3,"from":"2026-08-13T03:20:00Z","deploy":"CC-CMD-2026-08-13-jq-density-unit-fix"}]

alerts:
  game_recap             PGA TOUR   thr= 165 avg= 128.3 fail=100% flat240=100%  avg_below_calibrated_p25
  slate                  all        thr= 125 avg= 133.8 fail= 24% flat240=100%  high_failure_rate
  game_recap             PGA Tour   thr= 165 avg= 134.5 fail=100% flat240=100%  avg_below_calibrated_p25
  pre_game               pga tour   thr= 166 avg= 134.5 fail=100% flat240=100%  avg_below_calibrated_p25
  mlb_game               MLB        thr= 135 avg= 135.3 fail= 47% flat240=100%  high_failure_rate
  night_owl              EFL Cup    thr= 145 avg= 141.3 fail= 63% flat240=100%  avg_below_calibrated_p25
  night_owl              Baseball (MLB) thr= 145 avg= 141.8 fail= 59% flat240=100%  avg_below_calibrated_p25
  night_owl              MLS Soccer thr= 145 avg= 143.8 fail= 55% flat240=100%  avg_below_calibrated_p25
  night_owl              Australian Football (AFL) thr= 145 avg=   145 fail= 40% flat240=100%  high_failure_rate
  game_brief             MLS        thr= 146 avg= 145.9 fail= 36% flat240=100%  avg_below_calibrated_p25
  pre_game               mls        thr= 166 avg= 163.9 fail= 51% flat240=100%  avg_below_calibrated_p25
  pre_game               wnba       thr= 166 avg= 164.1 fail= 56% flat240=100%  avg_below_calibrated_p25
  pre_game               mlb        thr= 166 avg= 166.5 fail= 46% flat240=100%  high_failure_rate
  game_recap             MLB        thr= 165 avg= 167.3 fail= 45% flat240=100%  high_failure_rate
  game_recap             MLS        thr= 165 avg= 169.2 fail= 38% flat240=100%  high_failure_rate
  pre_game               nfl        thr= 166 avg=   172 fail= 40% flat240=100%  high_failure_rate
  pre_game               la liga    thr= 166 avg=   174 fail= 33% flat240=100%  high_failure_rate
  game_recap             WNBA       thr= 165 avg= 174.2 fail= 35% flat240=100%  high_failure_rate
  game_recap             NFL        thr= 165 avg= 176.9 fail= 25% flat240=100%  high_failure_rate
  game_recap             EFL Cup    thr= 165 avg= 177.7 fail= 29% flat240=100%  high_failure_rate
