=== JQ health watch 20260913T134251Z ===

--- 1. scoring coverage ---
date        total  scored  unscored  era3
2026-09-06    124     124         0     0
2026-09-07     49      49         0     0
2026-09-08     69      69         0     0
2026-09-09     87      87         0     0
2026-09-10     67      67         0     0
2026-09-11     63      63         0     0
2026-09-12    396     396         0     0
2026-09-13    170     170         0     0
2026-09-14      2       2         0     0

brief_type / sport with UNSCORED rows:
  (none)

era-3 scored briefs: 181 total
  game_live              118
  game_recap             62
  pre_game               1
  types at the >=5 calibration floor: 2

/quality/report unscored_types: []

last 7d: 1027/1027 scored (100%), 0 unscored

=== scoring healthy (>=95% scored): true ===

--- 2. report + era-scoped calibration ---
alert_count (new predicate):    43
alert_count (legacy predicate): 64
calibration era-scoped: 9  mixed-era: 1
  compound               p25= 123 n=   5 era_scoped=true  window_n=6
  epl_match              p25= 124 n=  13 era_scoped=true  window_n=39
  game_brief             p25= 162 n=  18 era_scoped=true  window_n=21
  game_live              p25= 178 n= 802 era_scoped=true  window_n=937
  game_recap             p25= 179 n= 604 era_scoped=true  window_n=908
  mlb_game               p25= 157 n= 194 era_scoped=true  window_n=277
  narrative_context      p25= 155 n=   6 era_scoped=false window_n=6
  night_owl              p25= 159 n= 212 era_scoped=true  window_n=225
  pre_game               p25= 175 n= 286 era_scoped=true  window_n=392
  slate                  p25= 153 n=  46 era_scoped=true  window_n=68
alert_count: 43
self-contradictory (failure_pct 100 AND avg_score > threshold): 0
era 3 recorded and served: true
window straddles: [{"era":4,"from":"2026-08-23T15:00:00Z","deploy":"CC-CMD-2026-08-20-brief-data-quality ask 6b"},{"era":5,"from":"2026-08-24T05:45:00Z","deploy":"CC-CMD-2026-08-23-finality-dimension"},{"era":6,"from":"2026-08-24T13:10:00Z","deploy":"CC-CMD-2026-08-23-matchup-note-starvation"}]

alerts:
  epl_match              MLS        thr= 124 avg= 132.9 fail= 38% flat240=100%  high_failure_rate
  compound               all        thr= 123 avg=   141 fail= 33% flat240=100%  high_failure_rate
  epl_match              EPL        thr= 124 avg= 141.1 fail= 33% flat240=100%  high_failure_rate
  epl_match              all        thr= 124 avg= 149.5 fail= 25% flat240=100%  high_failure_rate
  slate                  all        thr= 153 avg= 153.1 fail= 35% flat240=100%  high_failure_rate
  game_recap             PGA Tour   thr= 179 avg= 156.4 fail=100% flat240=100%  avg_below_calibrated_p25
  night_owl              College Football thr= 159 avg= 156.7 fail= 43% flat240=100%  avg_below_calibrated_p25
  mlb_game               MLB        thr= 157 avg= 159.3 fail= 42% flat240=100%  high_failure_rate
  night_owl              CFL        thr= 159 avg= 159.6 fail= 43% flat240=100%  high_failure_rate
  night_owl              EFL Cup    thr= 159 avg= 161.2 fail= 23% flat240=100%  high_failure_rate
  night_owl              EFL League Two thr= 159 avg= 161.7 fail= 38% flat240=100%  high_failure_rate
  night_owl              MLB        thr= 159 avg= 162.6 fail= 33% flat240=100%  high_failure_rate
  night_owl              EPL        thr= 159 avg= 162.8 fail= 38% flat240=100%  high_failure_rate
  night_owl              EFL League One thr= 159 avg= 163.4 fail= 26% flat240=100%  high_failure_rate
  pre_game               wnba       thr= 175 avg= 164.8 fail=100% flat240=100%  avg_below_calibrated_p25
  night_owl              Bundesliga thr= 159 avg= 166.8 fail= 24% flat240=100%  high_failure_rate
  night_owl              EFL Championship thr= 159 avg= 166.8 fail= 25% flat240=100%  high_failure_rate
  pre_game               UEFA Europa Conference League Qualifying thr= 175 avg= 167.5 fail= 50% flat240=100%  avg_below_calibrated_p25
  game_brief             MLB        thr= 162 avg= 173.3 fail= 24% flat240=100%  high_failure_rate
  game_live              CFB        thr= 178 avg=   179 fail= 42% flat240=100%  high_failure_rate
  pre_game               CFB        thr= 175 avg= 179.1 fail= 37% flat240=100%  high_failure_rate
  pre_game               MLB        thr= 175 avg= 180.2 fail= 27% flat240=100%  high_failure_rate
  pre_game               NFL        thr= 175 avg= 180.3 fail= 27% flat240=100%  high_failure_rate
  game_recap             CFB        thr= 179 avg= 180.7 fail= 43% flat240=100%  high_failure_rate
  game_live              La Liga    thr= 178 avg=   181 fail= 30% flat240=100%  high_failure_rate
  game_recap             NFL        thr= 179 avg= 181.1 fail= 39% flat240=100%  high_failure_rate
  game_live              WNBA       thr= 178 avg= 181.3 fail= 31% flat240=100%  high_failure_rate
  game_recap             EPL        thr= 179 avg= 181.5 fail= 41% flat240=100%  high_failure_rate
  game_live              NFL        thr= 178 avg= 181.9 fail= 33% flat240=100%  high_failure_rate
  game_recap             La Liga    thr= 179 avg= 182.9 fail= 30% flat240=100%  high_failure_rate
  game_recap             EFL Trophy thr= 179 avg= 183.1 fail= 40% flat240=100%  high_failure_rate
  game_recap             MLS        thr= 179 avg= 183.2 fail= 37% flat240=100%  high_failure_rate
  pre_game               MLS        thr= 175 avg= 183.3 fail= 29% flat240=100%  high_failure_rate
  game_live              EPL        thr= 178 avg= 183.7 fail= 31% flat240=100%  high_failure_rate
  game_recap             MLB        thr= 179 avg= 184.3 fail= 32% flat240=100%  high_failure_rate
  game_recap             WNBA       thr= 179 avg= 184.5 fail= 34% flat240=100%  high_failure_rate
  pre_game               Serie A    thr= 175 avg= 184.6 fail= 40% flat240=100%  high_failure_rate
  game_live              Ligue 1    thr= 178 avg= 184.8 fail= 22% flat240=100%  high_failure_rate
  game_recap             Ligue 1    thr= 179 avg= 185.6 fail= 21% flat240=100%  high_failure_rate
  game_live              MLB        thr= 178 avg= 185.7 fail= 26% flat240=100%  high_failure_rate
  game_recap             Serie A    thr= 179 avg=   186 fail= 24% flat240=100%  high_failure_rate
  game_recap             EFL Cup    thr= 179 avg= 193.1 fail= 28% flat240=100%  high_failure_rate
  game_live              EFL Cup    thr= 178 avg= 197.2 fail= 24% flat240= 97%  high_failure_rate
