=== JQ health watch 20260915T141318Z ===

--- 1. scoring coverage ---
date        total  scored  unscored  era3
2026-09-08     69      69         0     0
2026-09-09     87      87         0     0
2026-09-10     67      67         0     0
2026-09-11     63      63         0     0
2026-09-12    396     396         0     0
2026-09-13    222     222         0     0
2026-09-14     57      57         0     0
2026-09-15     49      49         0     0

brief_type / sport with UNSCORED rows:
  (none)

era-3 scored briefs: 181 total
  game_live              118
  game_recap             62
  pre_game               1
  types at the >=5 calibration floor: 2

/quality/report unscored_types: []

last 7d: 1010/1010 scored (100%), 0 unscored

=== scoring healthy (>=95% scored): true ===

--- 2. report + era-scoped calibration ---
alert_count (new predicate):    44
alert_count (legacy predicate): 65
calibration era-scoped: 9  mixed-era: 1
  compound               p25= 123 n=   7 era_scoped=true  window_n=7
  epl_match              p25= 124 n=  15 era_scoped=true  window_n=36
  game_brief             p25= 162 n=  18 era_scoped=true  window_n=18
  game_live              p25= 178 n= 846 era_scoped=true  window_n=981
  game_recap             p25= 179 n= 659 era_scoped=true  window_n=906
  mlb_game               p25= 157 n= 213 era_scoped=true  window_n=275
  narrative_context      p25= 155 n=   6 era_scoped=false window_n=6
  night_owl              p25= 159 n= 234 era_scoped=true  window_n=244
  pre_game               p25= 176 n= 294 era_scoped=true  window_n=385
  slate                  p25= 152 n=  50 era_scoped=true  window_n=68
alert_count: 44
self-contradictory (failure_pct 100 AND avg_score > threshold): 0
era 3 recorded and served: true
window straddles: [{"era":4,"from":"2026-08-23T15:00:00Z","deploy":"CC-CMD-2026-08-20-brief-data-quality ask 6b"},{"era":5,"from":"2026-08-24T05:45:00Z","deploy":"CC-CMD-2026-08-23-finality-dimension"},{"era":6,"from":"2026-08-24T13:10:00Z","deploy":"CC-CMD-2026-08-23-matchup-note-starvation"}]

alerts:
  epl_match              MLS        thr= 124 avg= 132.9 fail= 38% flat240=100%  high_failure_rate
  epl_match              EPL        thr= 124 avg= 133.7 fail= 42% flat240=100%  high_failure_rate
  epl_match              La Liga    thr= 124 avg= 138.7 fail= 33% flat240=100%  high_failure_rate
  epl_match              all        thr= 124 avg= 149.5 fail= 25% flat240=100%  high_failure_rate
  slate                  all        thr= 152 avg=   154 fail= 32% flat240=100%  high_failure_rate
  game_recap             PGA Tour   thr= 179 avg= 156.4 fail=100% flat240=100%  avg_below_calibrated_p25
  night_owl              College Football thr= 159 avg= 156.7 fail= 43% flat240=100%  avg_below_calibrated_p25
  night_owl              CFL        thr= 159 avg= 159.6 fail= 43% flat240=100%  high_failure_rate
  mlb_game               MLB        thr= 157 avg=   161 fail= 37% flat240=100%  high_failure_rate
  night_owl              EFL Cup    thr= 159 avg= 161.2 fail= 23% flat240=100%  high_failure_rate
  night_owl              EFL League Two thr= 159 avg= 161.7 fail= 38% flat240=100%  high_failure_rate
  night_owl              EFL League One thr= 159 avg= 163.4 fail= 26% flat240=100%  high_failure_rate
  night_owl              MLB        thr= 159 avg= 163.9 fail= 29% flat240=100%  high_failure_rate
  night_owl              EPL        thr= 159 avg= 164.8 fail= 37% flat240=100%  high_failure_rate
  night_owl              La Liga    thr= 159 avg= 164.8 fail= 24% flat240=100%  high_failure_rate
  pre_game               wnba       thr= 176 avg= 164.8 fail=100% flat240=100%  avg_below_calibrated_p25
  night_owl              EFL Championship thr= 159 avg= 166.7 fail= 24% flat240=100%  high_failure_rate
  night_owl              Bundesliga thr= 159 avg= 166.8 fail= 24% flat240=100%  high_failure_rate
  pre_game               UEFA Europa Conference League Qualifying thr= 176 avg= 167.5 fail= 50% flat240=100%  avg_below_calibrated_p25
  game_brief             MLB        thr= 162 avg= 175.3 fail= 22% flat240=100%  high_failure_rate
  game_live              CFB        thr= 178 avg=   179 fail= 42% flat240=100%  high_failure_rate
  pre_game               CFB        thr= 176 avg= 179.1 fail= 41% flat240=100%  high_failure_rate
  game_recap             CFB        thr= 179 avg= 180.7 fail= 43% flat240=100%  high_failure_rate
  game_recap             EPL        thr= 179 avg= 181.1 fail= 40% flat240=100%  high_failure_rate
  game_live              WNBA       thr= 178 avg= 181.3 fail= 31% flat240=100%  high_failure_rate
  game_live              La Liga    thr= 178 avg= 181.5 fail= 28% flat240=100%  high_failure_rate
  pre_game               MLB        thr= 176 avg= 181.5 fail= 23% flat240=100%  high_failure_rate
  game_recap             EFL Trophy thr= 179 avg= 183.1 fail= 40% flat240=100%  high_failure_rate
  game_recap             La Liga    thr= 179 avg= 183.3 fail= 29% flat240=100%  high_failure_rate
  game_live              NFL        thr= 178 avg= 183.8 fail= 28% flat240=100%  high_failure_rate
  pre_game               MLS        thr= 176 avg= 183.8 fail= 29% flat240=100%  high_failure_rate
  game_live              EPL        thr= 178 avg= 184.2 fail= 30% flat240=100%  high_failure_rate
  pre_game               Serie A    thr= 176 avg= 184.6 fail= 40% flat240=100%  high_failure_rate
  game_recap             MLS        thr= 179 avg= 184.8 fail= 32% flat240=100%  high_failure_rate
  game_live              Ligue 1    thr= 178 avg= 184.9 fail= 28% flat240=100%  high_failure_rate
  game_recap             Ligue 1    thr= 179 avg= 185.2 fail= 25% flat240=100%  high_failure_rate
  game_recap             MLB        thr= 179 avg= 185.2 fail= 29% flat240=100%  high_failure_rate
  game_recap             Serie A    thr= 179 avg= 185.6 fail= 23% flat240=100%  high_failure_rate
  game_recap             WNBA       thr= 179 avg=   186 fail= 27% flat240=100%  high_failure_rate
  game_live              MLB        thr= 178 avg= 186.2 fail= 25% flat240=100%  high_failure_rate
  game_recap             NFL        thr= 179 avg= 186.2 fail= 30% flat240=100%  high_failure_rate
  pre_game               UEFA Europa League Qualifying thr= 176 avg=   188 fail= 25% flat240=100%  high_failure_rate
  game_recap             EFL Cup    thr= 179 avg= 193.1 fail= 28% flat240=100%  high_failure_rate
  game_live              EFL Cup    thr= 178 avg= 195.9 fail= 24% flat240= 97%  high_failure_rate
