=== JQ health watch 20260922T135638Z ===

--- 1. scoring coverage ---
date        total  scored  unscored  era3
2026-09-15     79      79         0     0
2026-09-16     86      86         0     0
2026-09-17     86      86         0     0
2026-09-18     62      62         0     0
2026-09-19    343     343         0     0
2026-09-20    251     251         0     0
2026-09-21     65      65         0     0
2026-09-22     83      83         0     0
2026-09-23      5       5         0     0

brief_type / sport with UNSCORED rows:
  (none)

era-3 scored briefs: 181 total
  game_live              118
  game_recap             62
  pre_game               1
  types at the >=5 calibration floor: 2

/quality/report unscored_types: []

last 7d: 1060/1060 scored (100%), 0 unscored

=== scoring healthy (>=95% scored): true ===

--- 2. report + era-scoped calibration ---
alert_count (new predicate):    36
alert_count (legacy predicate): 72
calibration era-scoped: 9  mixed-era: 0
  compound               p25= 141 n=  14 era_scoped=true  window_n=14
  epl_match              p25= 126 n=  22 era_scoped=true  window_n=25
  game_brief             p25= 152 n=  27 era_scoped=true  window_n=27
  game_live              p25= 178 n=1196 era_scoped=true  window_n=1248
  game_recap             p25= 179 n= 939 era_scoped=true  window_n=976
  mlb_game               p25= 156 n= 279 era_scoped=true  window_n=291
  night_owl              p25= 159 n= 371 era_scoped=true  window_n=372
  pre_game               p25= 176 n= 432 era_scoped=true  window_n=451
  slate                  p25= 153 n=  67 era_scoped=true  window_n=71
alert_count: 36
self-contradictory (failure_pct 100 AND avg_score > threshold): 0
era 3 recorded and served: true
window straddles: [{"era":5,"from":"2026-08-24T05:45:00Z","deploy":"CC-CMD-2026-08-23-finality-dimension"},{"era":6,"from":"2026-08-24T13:10:00Z","deploy":"CC-CMD-2026-08-23-matchup-note-starvation"}]

alerts:
  epl_match              EPL        thr= 126 avg= 138.3 fail= 25% flat240=100%  high_failure_rate
  epl_match              La Liga    thr= 126 avg= 138.3 fail= 33% flat240=100%  high_failure_rate
  epl_match              MLS        thr= 126 avg= 141.6 fail= 25% flat240=100%  high_failure_rate
  compound               all        thr= 141 avg= 147.6 fail= 21% flat240=100%  high_failure_rate
  epl_match              UEFA Europa League thr= 126 avg=   154 fail= 33% flat240=100%  high_failure_rate
  night_owl              College Football thr= 159 avg= 156.7 fail= 43% flat240=100%  avg_below_calibrated_p25
  slate                  all        thr= 153 avg= 159.3 fail= 23% flat240=100%  high_failure_rate
  night_owl              CFL        thr= 159 avg= 159.4 fail= 44% flat240=100%  high_failure_rate
  game_recap             PGA Tour   thr= 179 avg= 161.2 fail=100% flat240=100%  avg_below_calibrated_p25
  night_owl              EFL Cup    thr= 159 avg= 161.2 fail= 23% flat240=100%  high_failure_rate
  night_owl              EFL League Two thr= 159 avg= 163.4 fail= 32% flat240=100%  high_failure_rate
  night_owl              La Liga    thr= 159 avg= 163.7 fail= 26% flat240=100%  high_failure_rate
  mlb_game               MLB        thr= 156 avg= 163.8 fail= 26% flat240=100%  high_failure_rate
  night_owl              EFL Championship thr= 159 avg= 164.5 fail= 26% flat240=100%  high_failure_rate
  night_owl              EPL        thr= 159 avg= 164.7 fail= 34% flat240=100%  high_failure_rate
  night_owl              EFL League One thr= 159 avg= 164.8 fail= 28% flat240=100%  high_failure_rate
  night_owl              Bundesliga thr= 159 avg= 166.3 fail= 23% flat240=100%  high_failure_rate
  game_brief             MLB        thr= 152 avg= 168.6 fail= 22% flat240=100%  high_failure_rate
  game_recap             NHL        thr= 179 avg= 177.3 fail= 52% flat240=100%  avg_below_calibrated_p25
  pre_game               CFB        thr= 176 avg= 177.4 fail= 44% flat240=100%  high_failure_rate
  game_live              CFB        thr= 178 avg= 178.3 fail= 44% flat240=100%  high_failure_rate
  pre_game               WNBA       thr= 176 avg= 179.2 fail= 40% flat240=100%  high_failure_rate
  game_live              La Liga    thr= 178 avg= 179.7 fail= 37% flat240=100%  high_failure_rate
  pre_game               Serie A    thr= 176 avg= 179.8 fail= 25% flat240=100%  high_failure_rate
  game_recap             CFB        thr= 179 avg= 180.8 fail= 41% flat240=100%  high_failure_rate
  game_recap             EPL        thr= 179 avg= 181.5 fail= 36% flat240=100%  high_failure_rate
  game_live              EFL Trophy thr= 178 avg= 182.5 fail= 25% flat240=100%  high_failure_rate
  game_recap             EFL Trophy thr= 179 avg= 183.8 fail= 25% flat240=100%  high_failure_rate
  game_recap             La Liga    thr= 179 avg= 185.1 fail= 21% flat240=100%  high_failure_rate
  game_live              EPL        thr= 178 avg= 185.5 fail= 25% flat240=100%  high_failure_rate
  game_recap             Ligue 1    thr= 179 avg= 185.9 fail= 21% flat240=100%  high_failure_rate
  game_live              Ligue 1    thr= 178 avg= 186.1 fail= 26% flat240=100%  high_failure_rate
  game_recap             MLB        thr= 179 avg=   187 fail= 22% flat240=100%  high_failure_rate
  game_live              MLB        thr= 178 avg= 187.2 fail= 21% flat240=100%  high_failure_rate
  game_recap             EFL Cup    thr= 179 avg= 194.2 fail= 26% flat240=100%  high_failure_rate
  game_live              EFL Cup    thr= 178 avg= 197.7 fail= 23% flat240= 97%  high_failure_rate
