=== JQ health watch 20260830T141911Z ===

--- 1. scoring coverage ---
date        total  scored  unscored  era3
2026-08-23    101     101         0    36
2026-08-24     36      36         0     0
2026-08-25    100     100         0     0
2026-08-26     86      86         0     0
2026-08-27    143     143         0     0
2026-08-28     72      72         0     0
2026-08-29    153     153         0     0
2026-08-30     55      55         0     0

brief_type / sport with UNSCORED rows:
  (none)

era-3 scored briefs: 181 total
  game_live              118
  game_recap             62
  pre_game               1
  types at the >=5 calibration floor: 2

/quality/report unscored_types: []

last 7d: 746/746 scored (100%), 0 unscored

=== scoring healthy (>=95% scored): true ===

--- 2. report + era-scoped calibration ---
alert_count (new predicate):    46
alert_count (legacy predicate): 52
calibration era-scoped: 7  mixed-era: 2
  epl_match              p25= 113 n=  52 era_scoped=false window_n=52
  game_brief             p25= 175 n=   9 era_scoped=true  window_n=41
  game_live              p25= 180 n= 255 era_scoped=true  window_n=390
  game_recap             p25= 182 n= 191 era_scoped=true  window_n=741
  mlb_game               p25= 161 n=  55 era_scoped=true  window_n=256
  narrative_context      p25= 155 n=   6 era_scoped=false window_n=6
  night_owl              p25= 159 n=  26 era_scoped=true  window_n=116
  pre_game               p25= 179 n=  59 era_scoped=true  window_n=213
  slate                  p25= 157 n=  14 era_scoped=true  window_n=66
alert_count: 46
self-contradictory (failure_pct 100 AND avg_score > threshold): 0
era 3 recorded and served: true
window straddles: [{"era":3,"from":"2026-08-13T03:20:00Z","deploy":"CC-CMD-2026-08-13-jq-density-unit-fix"},{"era":4,"from":"2026-08-23T15:00:00Z","deploy":"CC-CMD-2026-08-20-brief-data-quality ask 6b"},{"era":5,"from":"2026-08-24T05:45:00Z","deploy":"CC-CMD-2026-08-23-finality-dimension"},{"era":6,"from":"2026-08-24T13:10:00Z","deploy":"CC-CMD-2026-08-23-matchup-note-starvation"}]

alerts:
  epl_match              EPL        thr= 113 avg= 134.1 fail= 22% flat240=100%  high_failure_rate
  game_recap             PGA Tour   thr= 182 avg= 140.7 fail=100% flat240=100%  avg_below_calibrated_p25
  slate                  all        thr= 157 avg=   143 fail= 76% flat240=100%  avg_below_calibrated_p25
  night_owl              MLS        thr= 159 avg= 143.8 fail= 91% flat240=100%  avg_below_calibrated_p25
  epl_match              all        thr= 113 avg= 144.3 fail= 33% flat240=100%  high_failure_rate
  mlb_game               MLB        thr= 161 avg= 144.6 fail= 76% flat240=100%  avg_below_calibrated_p25
  night_owl              AFL        thr= 159 avg= 145.6 fail= 80% flat240=100%  avg_below_calibrated_p25
  game_brief             MLS        thr= 175 avg= 145.9 fail=100% flat240=100%  avg_below_calibrated_p25
  night_owl              EFL Cup    thr= 159 avg= 147.3 fail= 72% flat240=100%  avg_below_calibrated_p25
  night_owl              MLB        thr= 159 avg= 147.3 fail= 80% flat240=100%  avg_below_calibrated_p25
  pre_game               PGA Tour   thr= 179 avg=   156 fail=100% flat240=100%  avg_below_calibrated_p25
  pre_game               wnba       thr= 179 avg=   164 fail=100% flat240=100%  avg_below_calibrated_p25
  pre_game               UEFA Europa Conference League Qualifying thr= 179 avg= 167.5 fail= 75% flat240=100%  avg_below_calibrated_p25
  game_recap             FIFA World Cup thr= 182 avg= 169.5 fail=100% flat240=100%  avg_below_calibrated_p25
  game_brief             MLB        thr= 175 avg= 171.5 fail= 50% flat240=100%  avg_below_calibrated_p25
  pre_game               MLB        thr= 179 avg=   172 fail= 60% flat240=100%  avg_below_calibrated_p25
  pre_game               MLS        thr= 179 avg= 173.2 fail= 67% flat240=100%  avg_below_calibrated_p25
  game_recap             MLS        thr= 182 avg= 174.7 fail= 65% flat240=100%  avg_below_calibrated_p25
  game_recap             MLB        thr= 182 avg=   175 fail= 64% flat240=100%  avg_below_calibrated_p25
  game_live              CFB        thr= 180 avg= 177.3 fail= 63% flat240=100%  avg_below_calibrated_p25
  game_recap             WNBA       thr= 182 avg= 178.6 fail= 55% flat240=100%  avg_below_calibrated_p25
  game_recap             CFB        thr= 182 avg= 178.7 fail= 71% flat240=100%  avg_below_calibrated_p25
  game_recap             La Liga    thr= 182 avg= 178.9 fail= 52% flat240=100%  avg_below_calibrated_p25
  game_recap             EFL Trophy thr= 182 avg=   179 fail= 75% flat240=100%  avg_below_calibrated_p25
  pre_game               La Liga    thr= 179 avg= 179.4 fail= 43% flat240=100%  high_failure_rate
  game_recap             NFL        thr= 182 avg= 179.7 fail= 49% flat240=100%  avg_below_calibrated_p25
  game_live              NFL        thr= 180 avg= 179.9 fail= 47% flat240=100%  avg_below_calibrated_p25
  pre_game               NFL        thr= 179 avg= 179.9 fail= 39% flat240=100%  high_failure_rate
  pre_game               CFB        thr= 179 avg=   180 fail= 50% flat240=100%  high_failure_rate
  pre_game               EPL        thr= 179 avg=   180 fail= 33% flat240=100%  high_failure_rate
  game_recap             EPL        thr= 182 avg= 180.2 fail= 53% flat240=100%  avg_below_calibrated_p25
  game_live              WNBA       thr= 180 avg= 181.7 fail= 45% flat240=100%  high_failure_rate
  game_live              EPL        thr= 180 avg= 181.9 fail= 47% flat240=100%  high_failure_rate
  game_live              La Liga    thr= 180 avg= 182.4 fail= 43% flat240=100%  high_failure_rate
  game_live              MLB        thr= 180 avg= 183.6 fail= 36% flat240=100%  high_failure_rate
  game_recap             EFL Cup    thr= 182 avg= 184.3 fail= 50% flat240=100%  high_failure_rate
  game_recap             Ligue 1    thr= 182 avg= 184.4 fail= 33% flat240=100%  high_failure_rate
  pre_game               Serie A    thr= 179 avg= 184.4 fail= 40% flat240=100%  high_failure_rate
  game_live              MLS        thr= 180 avg= 185.1 fail= 30% flat240=100%  high_failure_rate
  game_live              Ligue 1    thr= 180 avg= 185.5 fail= 28% flat240=100%  high_failure_rate
  game_recap             Serie A    thr= 182 avg= 187.5 fail= 40% flat240=100%  high_failure_rate
  pre_game               UEFA Europa League Qualifying thr= 179 avg=   188 fail= 25% flat240=100%  high_failure_rate
  game_live              Serie A    thr= 180 avg= 191.4 fail= 22% flat240=100%  high_failure_rate
  game_recap             Bundesliga thr= 182 avg= 192.7 fail= 29% flat240=100%  high_failure_rate
  game_recap             UEFA Europa Conference League Qualifying thr= 182 avg= 193.3 fail= 23% flat240=100%  high_failure_rate
  game_live              EFL Cup    thr= 180 avg= 197.8 fail= 30% flat240= 96%  high_failure_rate
