=== JQ health watch 20260814T100504Z ===

--- 1. scoring coverage ---
date        total  scored  unscored  era3
2026-08-07      4       4         0     0
2026-08-08    108     108         0     0
2026-08-09     62      62         0     0
2026-08-10     19      19         0     0
2026-08-11     25      25         0     0
2026-08-12     51      51         0     0
2026-08-13     34      34         0     0
2026-08-14     24      21         3     1
2026-08-15      1       0         1     0

brief_type / sport with UNSCORED rows:
  pre_game               mlb                      total=  14 scored=  11 unscored=   3
  pre_game               nfl                      total=   2 scored=   1 unscored=   1

era-3 scored briefs: 1 total
  pre_game               1
  types at the >=5 calibration floor: 0

/quality/report unscored_types: []

last 7d: 324/328 scored (98.8%), 4 unscored

=== scoring healthy (>=95% scored): true ===

--- 2. report + era-scoped calibration ---
alert_count (new predicate):    18
alert_count (legacy predicate): 23
calibration era-scoped: 1  mixed-era: 7
  epl_match              p25= 115 n=  46 era_scoped=false window_n=46
  game_brief             p25= 146 n=  29 era_scoped=false window_n=29
  game_recap             p25= 184 n=  19 era_scoped=true  window_n=601
  mlb_game               p25= 125 n= 268 era_scoped=false window_n=268
  narrative_context      p25= 135 n=  14 era_scoped=false window_n=14
  night_owl              p25= 133 n= 152 era_scoped=false window_n=152
  pre_game               p25= 155 n= 101 era_scoped=false window_n=101
  slate                  p25= 127 n=  60 era_scoped=false window_n=60
alert_count: 18
self-contradictory (failure_pct 100 AND avg_score > threshold): 0
era 3 recorded and served: true
window straddles: [{"era":2,"from":"2026-07-16T01:36:49Z","deploy":"6aed3bb"},{"era":3,"from":"2026-08-13T03:20:00Z","deploy":"CC-CMD-2026-08-13-jq-density-unit-fix"}]

alerts:
  game_recap             PGA TOUR   thr= 184 avg= 117.8 fail=100% flat240=100%  avg_below_calibrated_p25
  epl_match              EPL        thr= 115 avg= 128.1 fail= 24% flat240=100%  high_failure_rate
  mlb_game               MLB        thr= 125 avg= 135.7 fail= 24% flat240=100%  high_failure_rate
  slate                  all        thr= 127 avg= 136.7 fail= 25% flat240=100%  high_failure_rate
  pre_game               pga tour   thr= 155 avg=   137 fail=100% flat240=100%  avg_below_calibrated_p25
  game_recap             PGA Tour   thr= 184 avg= 138.3 fail=100% flat240=100%  avg_below_calibrated_p25
  night_owl              FIFA World Cup thr= 133 avg= 138.9 fail= 29% flat240=100%  high_failure_rate
  night_owl              Baseball (MLB) thr= 133 avg= 139.3 fail= 26% flat240=100%  high_failure_rate
  night_owl              Australian Football (AFL) thr= 133 avg= 141.8 fail= 50% flat240=100%  high_failure_rate
  game_brief             MLS        thr= 146 avg= 145.9 fail= 36% flat240=100%  avg_below_calibrated_p25
  game_recap             mlb        thr= 184 avg=   162 fail=100% flat240=100%  avg_below_calibrated_p25
  pre_game               mlb        thr= 155 avg= 163.6 fail= 23% flat240=100%  high_failure_rate
  game_recap             MLS        thr= 184 avg= 164.6 fail= 94% flat240=100%  avg_below_calibrated_p25
  game_recap             MLB        thr= 184 avg= 165.8 fail= 86% flat240=100%  avg_below_calibrated_p25
  game_recap             WNBA       thr= 184 avg= 174.5 fail= 75% flat240= 97%  avg_below_calibrated_p25
  game_recap             NFL        thr= 184 avg= 175.3 fail= 67% flat240=100%  avg_below_calibrated_p25
  game_recap             EFL Cup    thr= 184 avg= 177.7 fail= 61% flat240=100%  avg_below_calibrated_p25
  game_recap             FIFA World Cup thr= 184 avg= 188.6 fail= 64% flat240= 97%  high_failure_rate
