=== JQ health watch 20260828T204504Z ===

--- 1. scoring coverage ---
date        total  scored  unscored  era3
2026-08-21     62      62         0    38
2026-08-22    138     138         0   106
2026-08-23    101     101         0    36
2026-08-24     36      36         0     0
2026-08-25    100     100         0     0
2026-08-26     86      86         0     0
2026-08-27    143     143         0     0
2026-08-28     50      50         0     0
2026-08-29      3       3         0     0

brief_type / sport with UNSCORED rows:
  (none)

era-3 scored briefs: 181 total
  game_live              118
  game_recap             62
  pre_game               1
  types at the >=5 calibration floor: 2

/quality/report unscored_types: []

last 7d: 719/719 scored (100%), 0 unscored

=== scoring healthy (>=95% scored): true ===

--- 2. report + era-scoped calibration ---
alert_count (new predicate):    38
alert_count (legacy predicate): 45
calibration era-scoped: 7  mixed-era: 1
  epl_match              p25= 115 n=  52 era_scoped=false window_n=52
  game_brief             p25= 175 n=   9 era_scoped=true  window_n=41
  game_live              p25= 177 n= 156 era_scoped=true  window_n=291
  game_recap             p25= 183 n= 114 era_scoped=true  window_n=698
  mlb_game               p25= 167 n=  50 era_scoped=true  window_n=268
  night_owl              p25= 159 n=  25 era_scoped=true  window_n=118
  pre_game               p25= 173 n=  23 era_scoped=true  window_n=184
  slate                  p25= 157 n=  11 era_scoped=true  window_n=66
alert_count: 38
self-contradictory (failure_pct 100 AND avg_score > threshold): 0
era 3 recorded and served: true
window straddles: [{"era":3,"from":"2026-08-13T03:20:00Z","deploy":"CC-CMD-2026-08-13-jq-density-unit-fix"},{"era":4,"from":"2026-08-23T15:00:00Z","deploy":"CC-CMD-2026-08-20-brief-data-quality ask 6b"},{"era":5,"from":"2026-08-24T05:45:00Z","deploy":"CC-CMD-2026-08-23-finality-dimension"},{"era":6,"from":"2026-08-24T13:10:00Z","deploy":"CC-CMD-2026-08-23-matchup-note-starvation"}]

alerts:
  epl_match              EPL        thr= 115 avg=   135 fail= 23% flat240=100%  high_failure_rate
  game_recap             PGA Tour   thr= 183 avg= 138.1 fail=100% flat240=100%  avg_below_calibrated_p25
  slate                  all        thr= 157 avg= 142.4 fail= 79% flat240=100%  avg_below_calibrated_p25
  night_owl              MLS        thr= 159 avg= 143.8 fail= 91% flat240=100%  avg_below_calibrated_p25
  mlb_game               MLB        thr= 167 avg= 144.2 fail= 82% flat240=100%  avg_below_calibrated_p25
  epl_match              all        thr= 115 avg= 144.3 fail= 33% flat240=100%  high_failure_rate
  night_owl              AFL        thr= 159 avg= 145.6 fail= 80% flat240=100%  avg_below_calibrated_p25
  game_brief             MLS        thr= 175 avg= 145.9 fail=100% flat240=100%  avg_below_calibrated_p25
  night_owl              MLB        thr= 159 avg= 147.1 fail= 81% flat240=100%  avg_below_calibrated_p25
  night_owl              EFL Cup    thr= 159 avg= 147.3 fail= 72% flat240=100%  avg_below_calibrated_p25
  pre_game               PGA Tour   thr= 173 avg= 148.2 fail=100% flat240=100%  avg_below_calibrated_p25
  pre_game               wnba       thr= 173 avg=   164 fail= 82% flat240=100%  avg_below_calibrated_p25
  pre_game               UEFA Europa Conference League Qualifying thr= 173 avg= 167.5 fail= 50% flat240=100%  avg_below_calibrated_p25
  pre_game               MLS        thr= 173 avg= 168.9 fail= 65% flat240=100%  avg_below_calibrated_p25
  game_recap             FIFA World Cup thr= 183 avg= 169.8 fail=100% flat240=100%  avg_below_calibrated_p25
  pre_game               MLB        thr= 173 avg= 170.9 fail= 51% flat240=100%  avg_below_calibrated_p25
  game_brief             MLB        thr= 175 avg= 171.5 fail= 50% flat240=100%  avg_below_calibrated_p25
  game_live              NFL        thr= 177 avg= 171.8 fail= 64% flat240=100%  avg_below_calibrated_p25
  game_recap             MLS        thr= 183 avg= 172.2 fail= 75% flat240=100%  avg_below_calibrated_p25
  pre_game               NFL        thr= 173 avg= 172.3 fail= 44% flat240=100%  avg_below_calibrated_p25
  game_recap             MLB        thr= 183 avg= 173.6 fail= 70% flat240=100%  avg_below_calibrated_p25
  game_recap             NFL        thr= 183 avg= 176.6 fail= 60% flat240=100%  avg_below_calibrated_p25
  game_recap             WNBA       thr= 183 avg= 177.5 fail= 62% flat240=100%  avg_below_calibrated_p25
  game_recap             La Liga    thr= 183 avg= 177.6 fail= 67% flat240=100%  avg_below_calibrated_p25
  pre_game               La Liga    thr= 173 avg= 178.2 fail= 32% flat240=100%  high_failure_rate
  game_live              WNBA       thr= 177 avg= 178.7 fail= 39% flat240=100%  high_failure_rate
  game_live              EPL        thr= 177 avg= 178.8 fail= 55% flat240=100%  high_failure_rate
  game_recap             EFL Trophy thr= 183 avg=   179 fail= 75% flat240=100%  avg_below_calibrated_p25
  game_live              La Liga    thr= 177 avg= 179.5 fail= 33% flat240=100%  high_failure_rate
  game_recap             EPL        thr= 183 avg= 179.5 fail= 60% flat240=100%  avg_below_calibrated_p25
  game_live              Ligue 1    thr= 177 avg= 179.9 fail= 40% flat240=100%  high_failure_rate
  game_recap             Ligue 1    thr= 183 avg= 180.1 fail= 44% flat240=100%  avg_below_calibrated_p25
  game_live              MLB        thr= 177 avg= 181.9 fail= 31% flat240=100%  high_failure_rate
  game_live              MLS        thr= 177 avg= 182.3 fail= 27% flat240=100%  high_failure_rate
  game_recap             EFL Cup    thr= 183 avg= 184.3 fail= 50% flat240=100%  high_failure_rate
  game_recap             Serie A    thr= 183 avg= 188.2 fail= 50% flat240=100%  high_failure_rate
  game_recap             UEFA Europa Conference League Qualifying thr= 183 avg= 193.3 fail= 25% flat240=100%  high_failure_rate
  game_live              EFL Cup    thr= 177 avg= 197.8 fail= 30% flat240= 96%  high_failure_rate
