=== jq-pre-game-timeline  utc=2026-08-14T13:17:52.485Z ===

pre_game rows by state:
  scored    n= 105  first=2026-07-19 10:01:18  last=2026-08-14 10:01:24
  unscored  n=  11  first=2026-07-18 15:21:27  last=2026-08-01 10:00:41

per write-day (created_at), oldest first:
  day          n  unscored
  2026-07-18    4         4  <- all unscored
  2026-07-19    6         0
  2026-07-20    2         0
  2026-07-21    1         0
  2026-07-22   17         2  <- MIXED
  2026-07-23    2         0
  2026-07-24    3         0
  2026-07-25   17         2  <- MIXED
  2026-07-26    2         0
  2026-07-27    2         0
  2026-07-28    2         0
  2026-07-29    2         0
  2026-07-30    3         0
  2026-07-31    4         1  <- MIXED
  2026-08-01   17         2  <- MIXED
  2026-08-02    5         0
  2026-08-03    1         0
  2026-08-04    1         0
  2026-08-08    5         0
  2026-08-09    5         0
  2026-08-10    1         0
  2026-08-11    2         0
  2026-08-12    3         0
  2026-08-13    5         0
  2026-08-14    4         0

days where every pre_game row is unscored : 2026-07-18
days where every pre_game row is scored   : 20 day(s), earliest 2026-07-19
days with BOTH (mixed)                    : 4

=> NO CLEAN BOUNDARY — scored and unscored pre_game rows interleave in time, so a one-time write-path change does not explain the gap. The scoring path is intermittent; do NOT skip TASK 2.
