=== kickoff backstamp  relay=https://field-relay-nba.jeffunglesbee.workers.dev  apply=true  utc=2026-09-14T20:32:34.267Z ===
    regular_season_games: 877 to stamp  (504 have no start_time and are NOT touched, 2 already carry the mark)
    postseason_games: 0 to stamp  (26 have no start_time and are NOT touched, 0 already carry the mark)

--- 0. 877 row(s): 786 verified pre-kickoff, 91 late, 0 unreadable
    latest: CFL_2026-06-06_ottawaredblacks_edmontonelks  +92393 min
    latest: MLB_2026-08-05_astros_bluejays  +7668 min
    latest: MLB_2026-08-05_cubs_dodgers  +7658 min
    latest: MLB_2026-08-05_rangers_giants  +7643 min
    latest: MLB_2026-08-05_rockies_rays  +7608 min

--- 1. stamping
    100/877
    200/877
    300/877
    400/877
    500/877
    600/877
    700/877
    800/877
    877 stamped

--- 2. change_log
    877 entries

--- 3. re-read
    regular_season_games: 879 carry the mark, 0 askable row(s) still unmarked
    postseason_games: 0 carry the mark, 0 askable row(s) still unmarked

OK: every askable closing line now says whether it preceded kickoff.
