=== a route for the last 54?  2026-09-14T22:21:09.456Z ===

54 row(s) with neither start_time nor an espn_event_id.

--- A. twin carrying start_time (the route proven on the D.C. United pairs)
    2026-07-25-mls-stl-col  <-  twin FIFA World Cup 2026_2026-07-25_stlouis_colorado  start_time=2026-07-26T00:30Z
    2026-07-25-mls-sj-la  <-  twin FIFA World Cup 2026_2026-07-25_sanjose_lagalaxy  start_time=2026-07-26T02:30Z
    2026-07-25-mls-sd-dal  <-  twin FIFA World Cup 2026_2026-07-25_sandiego_dallas  start_time=2026-07-26T01:30Z
    2026-07-25-mls-por-rsl  <-  twin FIFA World Cup 2026_2026-07-25_portland_saltlake  start_time=2026-07-26T02:30Z
    18 of 54 have a census-paired twin carrying start_time.

--- B. one event on the slate, one row in the archive
    AMBIGUOUS  MLS 2026-08-15: 11 event(s) vs 2 row(s)
    AMBIGUOUS  MLS 2026-07-31: 1 event(s) vs 8 row(s)
    AMBIGUOUS  MLS 2026-07-25: 15 event(s) vs 7 row(s)
    AMBIGUOUS  MLS 2026-07-22: 15 event(s) vs 8 row(s)
    AMBIGUOUS  MLS 2026-08-01: 14 event(s) vs 3 row(s)
    nba-ecf-2026-g1  <-  sole event 401873198  2026-05-21T00:30Z  (San Antonio Spurs at Oklahoma City Thunder)
    nba-ecf-2026-g3  <-  sole event 401873200  2026-05-25T00:00Z  (Oklahoma City Thunder at San Antonio Spurs)
    nba-wcf-2026-g3  <-  sole event 401873343  2026-05-24T00:00Z  (New York Knicks at Cleveland Cavaliers)
    nba-wcf-2026-g4  <-  sole event 401873344  2026-05-26T00:00Z  (New York Knicks at Cleveland Cavaliers)
    AMBIGUOUS  NBA 2026-05-27: 0 event(s) vs 1 row(s)
    AMBIGUOUS  NBA 2026-05-29: 0 event(s) vs 1 row(s)
    AMBIGUOUS  NHL 2026-05-17: 0 event(s) vs 1 row(s)
    AMBIGUOUS  NHL 2026-05-23: 1 event(s) vs 2 row(s)
    AMBIGUOUS  NHL 2026-05-28: 0 event(s) vs 1 row(s)
    AMBIGUOUS  NBA 2026-06-04: 0 event(s) vs 1 row(s)
    AMBIGUOUS  NBA 2026-06-06: 0 event(s) vs 1 row(s)
    AMBIGUOUS  NBA 2026-06-09: 0 event(s) vs 1 row(s)
    AMBIGUOUS  NBA 2026-06-11: 0 event(s) vs 1 row(s)
    AMBIGUOUS  NBA 2026-06-14: 0 event(s) vs 1 row(s)
    AMBIGUOUS  NBA 2026-06-17: 0 event(s) vs 1 row(s)
    AMBIGUOUS  NBA 2026-06-20: 0 event(s) vs 1 row(s)
    AMBIGUOUS  NHL 2026-06-03: 0 event(s) vs 1 row(s)
    AMBIGUOUS  NHL 2026-06-05: 0 event(s) vs 1 row(s)
    AMBIGUOUS  NHL 2026-06-07: 0 event(s) vs 1 row(s)
    AMBIGUOUS  NHL 2026-06-10: 0 event(s) vs 1 row(s)
    AMBIGUOUS  NHL 2026-06-12: 0 event(s) vs 1 row(s)
    AMBIGUOUS  NHL 2026-06-15: 0 event(s) vs 1 row(s)

--- B2. variants, on the slates that returned zero events
    17 slate(s) returned HTTP 200 with zero events.
    NBA 2026-05-27  day -1   (20260526)  HTTP 200  events=1
    NBA 2026-05-27  day +1   (20260528)  HTTP 200  events=1
    NBA 2026-05-29  day -1   (20260528)  HTTP 200  events=1
    NBA 2026-05-29  day +1   (20260530)  HTTP 200  events=1
    NHL 2026-05-17  day -1   (20260516)  HTTP 200  events=1
    NHL 2026-05-17  day +1   (20260518)  HTTP 200  events=1
    NHL 2026-05-28  day -1   (20260527)  HTTP 200  events=1
    NHL 2026-05-28  day +1   (20260529)  HTTP 200  events=1
    variants tried on 4 of 17 EMPTY slate(s) — a sample, and only empty ones.
    8 shifted call(s) returned any event at all.
    A day shift recovering these would mean the archive's date is UTC and ESPN's is local — which is the same boundary the FIFA slate showed, not a new problem.

    7 row(s) matched by cardinality alone.
    47 ambiguous, 0 no slug, 0 not measured.

COVERAGE: every one of the 54 rows was considered; 18 have route A, 7 have route B. Routes may overlap and are NOT added.
