=== odds attribution gap  for 2026-10-05 (a closed day) ===

  date            : 2026-10-05  (requested 2026-10-05; is_today=false)
  used            : 724
  by_site_sum     : 724
  unaccounted     : 0
  unreadable_sites: none

  by site:
    ambientCaptureClosingOdds    246
    ambientFetchLiveOdds         256
    fetchSportOddsHistorical     30
    fetchSportOddsLive           162
    getWCPregameLambdas          0
    handleCFLOddsProbs           30
    handleWCOddsProbs            0
    wpResolver                   0
    oddsProxyRoute               0
    unattributed                 0

  verdict         : ok
  detail          : |0| within 36

COVERAGE: ONE reading, of ONE CLOSED UTC day (2026-10-05). It is not a series
and it cannot see trends. Reading a closed day rather than a running one is
what makes the verdict independent of when the runner happens to fire —
measured delay in this repo is 104-405 minutes.

the day's spend decomposes into the sites that spent it
