=== odds backfill pairing rate  utc=2026-09-26T14:50:38.300Z ===
window: progress rows dated >= 2026-09-12

  progress rows in window        : 14
  of those, rows that spent      : 14
  spent AND paired at least one  : 12
  spent AND paired ZERO          : 2
  total credits in window        : 1500
  total games paired in window   : 170

FAIL: 2 date(s) were billed and paired nothing:
      2026-09-15  credits 80  games 0
      2026-09-14  credits 60  games 0

This is the shape the equality matcher produced on every CFB date before
2026-09-16. Investigate the matcher before the budget (Rule 77).

  provider billed this month     : 89861
  our ledger says                : 69889
  today's daily counter          : 180 / 3800
  readings on file               : 16
  daily ceiling verdict          : within_ceiling  (180/3800, 5%)

  since the last reading (23.1h):
      provider billed   : 1209
      our ledger charged: 2161
      escaped the ledger: -952
      known CI spend    : 60   (1 backfill run(s) in window)
      UNEXPLAINED       : -1012   (tolerance 60)
      guard fell open   : explains — 1010 credit(s)
      negative — our ledger charged MORE than the vendor billed, which is the reconcile direction
      games paired since: 14

  wrote outbox/odds-provider-usage-series.json (17 reading(s) kept)

COVERAGE: 14 progress rows since 2026-09-12, 17 provider reading(s).
odds_backfill_progress is keyed by DATE, so a date mixing a paired sport with an
unpaired one reads as paired — this catches total failure per date, not per sport.
KNOWN CI SPEND IS A LOWER BOUND: only odds-backfill records its own credits, so
probes and one-off fills are NOT subtracted and UNEXPLAINED is an upper bound on
real leakage. Joined on completed_at (the run clock), never on date (the day
being backfilled) — a run today writes yesterday's row.
