=== odds backfill pairing rate  utc=2026-09-16T14:03:13.656Z ===
window: progress rows dated >= 2026-09-02

  progress rows in window        : 13
  of those, rows that spent      : 13
  spent AND paired at least one  : 5
  spent AND paired ZERO          : 8
  total credits in window        : 580
  total games paired in window   : 16

FAIL: 8 date(s) were billed and paired nothing:
      2026-09-14  credits 60  games 0
      2026-09-11  credits 20  games 0
      2026-09-10  credits 40  games 0
      2026-09-08  credits 20  games 0
      2026-09-07  credits 20  games 0
      2026-09-06  credits 60  games 0
      2026-09-03  credits 40  games 0
      2026-09-02  credits 40  games 0

This is the shape the equality matcher produced on every CFB date before
2026-09-16. Investigate the matcher before the budget (Rule 77).

COVERAGE: 13 progress rows since 2026-09-02. odds_backfill_progress is
keyed by DATE, so a date mixing a paired sport with an unpaired one reads as
paired — this catches total failure per date, not per sport.
