=== odds attribution gap  for 2026-09-22 (a closed day) ===

  date            : 2026-09-22  (requested 2026-09-22; is_today=false)
  used            : 3800
  by_site_sum     : 3800
  unaccounted     : 0
  unreadable_sites: none

  by site:
    ambientCaptureClosingOdds    3
    ambientFetchLiveOdds         80
    fetchSportOddsHistorical     150
    fetchSportOddsLive           117
    getWCPregameLambdas          1772
    handleCFLOddsProbs           1674
    handleWCOddsProbs            4
    wpResolver                   0
    oddsProxyRoute               0
    unattributed                 0

  verdict         : ok
  detail          : |0| within 190

COVERAGE: ONE reading, of ONE CLOSED UTC day (2026-09-22). It is not a series
and it cannot see trends. Reading a closed day rather than a running one is
what makes the verdict independent of when the runner happens to fire —
measured delay in this repo is 104-405 minutes.

the day's spend decomposes into the sites that spent it
