
=== 2026-10-06 — 36 row(s) across regular+postseason
  sport label            rows  opening  closing  draw   seq  untimed  outOfOrder
  CFB                       1        0        0     0     0        0           0
  EFL Trophy               19        0        0     0     0        0           0
  MLB                       2        2        1     0     1        0           0
  MLS                       1        1        1     1     0        0           1
  NBA                       4        0        0     0     0        0           0
  NHL                       9        0        0     0     0        0           0

  of 2 closing snapshot(s): 1 a verified sequence, 0 unverifiable, 1 out of order

  one real opening_odds payload: {"source":"draftkings","captured_at":"2026-10-06T10:02:11.966Z","_oddsProof":{"adapterId":"odds-api","sourceId":"odds-api-the-odds-api"},"moneyline":{"home":-115,"away":-104},"spread":{"home":1.5,"away":-1.5,"homePrice":

  checked 6 distinct sport label(s) on this date — every label present, not a sample

=== 2026-10-07 — 17 row(s) across regular+postseason
  sport label            rows  opening  closing  draw   seq  untimed  outOfOrder
  CFB                       2        0        0     0     0        0           0
  MLB                       4        0        0     0     0        0           0
  MLS                       1        0        0     0     0        0           0
  NBA                       5        0        0     0     0        0           0
  NHL                       3        0        0     0     0        0           0
  WNBA                      2        0        0     0     0        0           0

  of 0 closing snapshot(s): 0 a verified sequence, 0 unverifiable, 0 out of order

  checked 6 distinct sport label(s) on this date — every label present, not a sample
