=== odds backfill pairing rate  utc=2026-09-20T14:28:01.150Z ===
window: progress rows dated >= 2026-09-06

  progress rows in window        : 14
  of those, rows that spent      : 14
  spent AND paired at least one  : 7
  spent AND paired ZERO          : 7
  total credits in window        : 1100
  total games paired in window   : 104

FAIL: 7 date(s) were billed and paired nothing:
      2026-09-15  credits 80  games 0
      2026-09-14  credits 60  games 0
      2026-09-11  credits 20  games 0
      2026-09-10  credits 40  games 0
      2026-09-08  credits 20  games 0
      2026-09-07  credits 20  games 0
      2026-09-06  credits 60  games 0

This is the shape the equality matcher produced on every CFB date before
2026-09-16. Investigate the matcher before the budget (Rule 77).

  provider billed this month     : 81836
  our ledger says                : 59813
  today's daily counter          : 1203 / 3800
  readings on file               : 10
  daily ceiling verdict          : within_ceiling  (1203/3800, 32%)

  since the last reading (24.3h):
      provider billed   : 4150
      our ledger charged: 3833
      escaped the ledger: 317
      known CI spend    : 220   (1 backfill run(s) in window)
      UNEXPLAINED       : 97   (tolerance 208)
      guard fell open   : unreadable
      positive — the vendor billed for calls our counters did not see
      games paired since: 59

  wrote outbox/odds-provider-usage-series.json (11 reading(s) kept)

COVERAGE: 14 progress rows since 2026-09-06, 11 provider reading(s).
odds_backfill_progress is keyed by DATE, so a date mixing a paired sport with an
unpaired one reads as paired — this catches total failure per date, not per sport.
KNOWN CI SPEND IS A LOWER BOUND: only odds-backfill records its own credits, so
probes and one-off fills are NOT subtracted and UNEXPLAINED is an upper bound on
real leakage. Joined on completed_at (the run clock), never on date (the day
being backfilled) — a run today writes yesterday's row.
