=== odds backfill pairing rate  utc=2026-10-09T17:16:24.867Z ===
window: progress rows dated >= 2026-09-25

  progress rows in window        : 14
  of those, rows that spent      : 14
  spent AND paired at least one  : 14
  spent AND paired ZERO          : 0
  total credits in window        : 1220
  total games paired in window   : 214

  provider billed this month     : 4959
  our ledger says                : 11030
  today's daily counter          : 489 / 3800
  readings on file               : 28
  daily ceiling verdict          : within_ceiling  (489/3800, 13%)

  since the last reading (23.6h):
      provider billed   : 643
      our ledger charged: 619
      escaped the ledger: 24
      known CI spend    : 100   (1 backfill run(s) in window)
      UNEXPLAINED       : -76   (tolerance 50)
      guard fell open   : explains — 269 credit(s)
      what threw        :   149 x  month: odds budget batch returned 2 result(s), expected 3
      positive — the vendor billed for calls our counters did not see
      games paired since: -1

  wrote outbox/odds-provider-usage-series.json (29 reading(s) kept)

PASS: every date that spent credits paired at least one game, our ledger
captured everything the vendor billed, and the daily counter is under its cap.

COVERAGE: 14 progress rows since 2026-09-25, 29 provider reading(s).
odds_backfill_progress is keyed by DATE, so a date mixing a paired sport with an
unpaired one reads as paired — this catches total failure per date, not per sport.
KNOWN CI SPEND IS A LOWER BOUND: only odds-backfill records its own credits, so
probes and one-off fills are NOT subtracted and UNEXPLAINED is an upper bound on
real leakage. Joined on completed_at (the run clock), never on date (the day
being backfilled) — a run today writes yesterday's row.
