=== odds backfill pairing rate  utc=2026-09-24T15:40:37.474Z ===
window: progress rows dated >= 2026-09-10

  progress rows in window        : 14
  of those, rows that spent      : 14
  spent AND paired at least one  : 10
  spent AND paired ZERO          : 4
  total credits in window        : 1380
  total games paired in window   : 139

FAIL: 4 date(s) were billed and paired nothing:
      2026-09-15  credits 80  games 0
      2026-09-14  credits 60  games 0
      2026-09-11  credits 20  games 0
      2026-09-10  credits 40  games 0

This is the shape the equality matcher produced on every CFB date before
2026-09-16. Investigate the matcher before the budget (Rule 77).

  provider billed this month     : 86105
  our ledger says                : 63931
  today's daily counter          : 257 / 3800
  readings on file               : 14
  daily ceiling verdict          : within_ceiling  (257/3800, 7%)

  since the last reading (24.4h):
      provider billed   : 1871
      our ledger charged: 2626
      escaped the ledger: -755
      known CI spend    : 80   (1 backfill run(s) in window)
      UNEXPLAINED       : -835   (tolerance 94)
      guard fell open   : explains — 1788 credit(s)
      negative — our ledger charged MORE than the vendor billed, which is the reconcile direction
      games paired since: 9

  wrote outbox/odds-provider-usage-series.json (15 reading(s) kept)

COVERAGE: 14 progress rows since 2026-09-10, 15 provider reading(s).
odds_backfill_progress is keyed by DATE, so a date mixing a paired sport with an
unpaired one reads as paired — this catches total failure per date, not per sport.
KNOWN CI SPEND IS A LOWER BOUND: only odds-backfill records its own credits, so
probes and one-off fills are NOT subtracted and UNEXPLAINED is an upper bound on
real leakage. Joined on completed_at (the run clock), never on date (the day
being backfilled) — a run today writes yesterday's row.
