=== odds backfill pairing rate  utc=2026-10-10T16:04:53.900Z ===
window: progress rows dated >= 2026-09-26

  progress rows in window        : 14
  of those, rows that spent      : 14
  spent AND paired at least one  : 14
  spent AND paired ZERO          : 0
  total credits in window        : 1320
  total games paired in window   : 212

  provider billed this month     : 7567
  our ledger says                : 15232
  today's daily counter          : 1478 / 3800
  readings on file               : 29
  daily ceiling verdict          : within_ceiling  (1478/3800, 39%)

  since the last reading (22.8h):
      provider billed   : 2608
      our ledger charged: 4202
      escaped the ledger: -1594
      known CI spend    : 160   (1 backfill run(s) in window)
      UNEXPLAINED       : -1754   (tolerance 130)
      guard fell open   : explains — 1468 credit(s)
      what threw        :   402 x  month: odds budget batch returned 2 result(s), expected 3
      what threw        :     4 x  daily: D1_ERROR: D1 DB is overloaded. Requests queued for too long.
      what threw        :     4 x  month: D1_ERROR: D1 DB is overloaded. Requests queued for too long.
      negative — our ledger charged MORE than the vendor billed, which is the reconcile direction
      games paired since: -2

  wrote outbox/odds-provider-usage-series.json (30 reading(s) kept)

PASS: every date that spent credits paired at least one game, our ledger
captured everything the vendor billed, and the daily counter is under its cap.

COVERAGE: 14 progress rows since 2026-09-26, 30 provider reading(s).
odds_backfill_progress is keyed by DATE, so a date mixing a paired sport with an
unpaired one reads as paired — this catches total failure per date, not per sport.
KNOWN CI SPEND IS A LOWER BOUND: only odds-backfill records its own credits, so
probes and one-off fills are NOT subtracted and UNEXPLAINED is an upper bound on
real leakage. Joined on completed_at (the run clock), never on date (the day
being backfilled) — a run today writes yesterday's row.
