=== odds attribution gap  for 2026-09-30 (a closed day) ===

  date            : 2026-09-30  (requested 2026-09-30; is_today=false)
  used            : 1996
  by_site_sum     : 1996
  unaccounted     : 0
  unreadable_sites: none

  by site:
    ambientCaptureClosingOdds    1056
    ambientFetchLiveOdds         702
    fetchSportOddsHistorical     90
    fetchSportOddsLive           72
    getWCPregameLambdas          4
    handleCFLOddsProbs           72
    handleWCOddsProbs            0
    wpResolver                   0
    oddsProxyRoute               0
    unattributed                 0

  verdict         : ok
  detail          : |0| within 100

COVERAGE: ONE reading, of ONE CLOSED UTC day (2026-09-30). It is not a series
and it cannot see trends. Reading a closed day rather than a running one is
what makes the verdict independent of when the runner happens to fire —
measured delay in this repo is 104-405 minutes.

the day's spend decomposes into the sites that spent it
