=== odds backfill pairing rate  utc=2026-09-27T15:29:30.108Z ===
window: progress rows dated >= 2026-09-13

  progress rows in window        : 14
  of those, rows that spent      : 14
  spent AND paired at least one  : 12
  spent AND paired ZERO          : 2
  total credits in window        : 1540
  total games paired in window   : 221

FAIL: 2 date(s) were billed and paired nothing:
      2026-09-15  credits 80  games 0
      2026-09-14  credits 60  games 0

This is the shape the equality matcher produced on every CFB date before
2026-09-16. Investigate the matcher before the budget (Rule 77).

  provider billed this month     : 90543
  our ledger says                : 72193
  today's daily counter          : 222 / 3800
  readings on file               : 17
  daily ceiling verdict          : within_ceiling  (222/3800, 6%)

  since the last reading (24.6h):
      provider billed   : 682
      our ledger charged: 2304
      escaped the ledger: -1622
      known CI spend    : 100   (1 backfill run(s) in window)
      UNEXPLAINED       : -1722   (tolerance 50)
      guard fell open   : explains — 2175 credit(s)
      negative — our ledger charged MORE than the vendor billed, which is the reconcile direction
      games paired since: 51

  wrote outbox/odds-provider-usage-series.json (18 reading(s) kept)

COVERAGE: 14 progress rows since 2026-09-13, 18 provider reading(s).
odds_backfill_progress is keyed by DATE, so a date mixing a paired sport with an
unpaired one reads as paired — this catches total failure per date, not per sport.
KNOWN CI SPEND IS A LOWER BOUND: only odds-backfill records its own credits, so
probes and one-off fills are NOT subtracted and UNEXPLAINED is an upper bound on
real leakage. Joined on completed_at (the run clock), never on date (the day
being backfilled) — a run today writes yesterday's row.
