=== odds attribution gap  for 2026-09-25 (a closed day) ===

  date            : 2026-09-25  (requested 2026-09-25; is_today=false)
  used            : 2266
  by_site_sum     : 2266
  unaccounted     : 0
  unreadable_sites: none

  by site:
    ambientCaptureClosingOdds    801
    ambientFetchLiveOdds         1000
    fetchSportOddsHistorical     150
    fetchSportOddsLive           231
    getWCPregameLambdas          0
    handleCFLOddsProbs           84
    handleWCOddsProbs            0
    wpResolver                   0
    oddsProxyRoute               0
    unattributed                 0

  verdict         : ok
  detail          : |0| within 113

COVERAGE: ONE reading, of ONE CLOSED UTC day (2026-09-25). It is not a series
and it cannot see trends. Reading a closed day rather than a running one is
what makes the verdict independent of when the runner happens to fire —
measured delay in this repo is 104-405 minutes.

the day's spend decomposes into the sites that spent it
