=== odds site drift  utc=2026-10-08T09:35:20.114Z ===

  this reading   : 2026-10-08  used 264  by_site_sum 264  gap 0
  ceiling        : no veto recorded today
  unreadable     : none
  reconcile      : 45 call(s) over 8 cell(s), credits_kept 204 of used 264
    site                        state         cache        n   kept
    fetchSportOddsHistorical    reconciled    MISS           5    150
    fetchSportOddsLive          reconciled    EXPIRED       12     36
    handleCFLOddsProbs          reconciled    MISS           2     12
    handleCFLOddsProbs          reconciled    EXPIRED        1      6
    fetchSportOddsLive          cache-hit     HIT           16      0
    fetchSportOddsHistorical    cache-hit     HIT            4      0
    handleCFLOddsProbs          cache-hit     HIT            3      0
    handleWCOddsProbs           reconciled    EXPIRED        2      0
  samples on file: 60  (keeping the last 60)

  INTERVALS for 2026-10-08
  from      to        usedD    gapD   verdict
  00:30     09:35      246       0   gap-did-not-grow

  verdict: inconclusive  over 1 interval(s) of 2 same-day sample(s)

  store    : d1
  a green here means: batch() is one transaction — the counters cannot disagree unless it is not

COVERAGE: 2 sample(s) of the 2026-10-08 UTC day, 1 interval(s).
Cross-midnight pairs are REFUSED, not merged, so a day's first reading yields no
interval. A refund that lands and is undone between two samples is invisible —
the sampling interval is the floor on what this can see.
