=== odds site drift  utc=2026-10-08T18:02:40.508Z ===

  this reading   : 2026-10-08  used 357  by_site_sum 357  gap 0
  ceiling        : no veto recorded today
  unreadable     : none
  reconcile      : 91 call(s) over 9 cell(s), credits_kept 297 of used 357
    site                        state         cache        n   kept
    fetchSportOddsHistorical    reconciled    MISS           5    150
    fetchSportOddsLive          reconciled    EXPIRED       35    105
    handleCFLOddsProbs          reconciled    EXPIRED        3     18
    handleCFLOddsProbs          reconciled    MISS           3     18
    fetchSportOddsLive          reconciled    MISS           2      6
    fetchSportOddsLive          cache-hit     HIT           24      0
    fetchSportOddsHistorical    cache-hit     HIT           10      0
    handleCFLOddsProbs          cache-hit     HIT            6      0
    ... and 1 more cell(s), ranked by kept
  samples on file: 60  (keeping the last 60)

  INTERVALS for 2026-10-08
  from      to        usedD    gapD   verdict
  00:30     09:35      246       0   gap-did-not-grow
  09:35     18:02       93       0   gap-did-not-grow

  verdict: inconclusive  over 2 interval(s) of 3 same-day sample(s)

  store    : d1
  a green here means: batch() is one transaction — the counters cannot disagree unless it is not

COVERAGE: 3 sample(s) of the 2026-10-08 UTC day, 2 interval(s).
Cross-midnight pairs are REFUSED, not merged, so a day's first reading yields no
interval. A refund that lands and is undone between two samples is invisible —
the sampling interval is the floor on what this can see.
