=== odds attribution gap  for 2026-09-28 (a closed day) ===

  date            : 2026-09-28  (requested 2026-09-28; is_today=false)
  used            : 244
  by_site_sum     : 244
  unaccounted     : 0
  unreadable_sites: none

  by site:
    fetchSportOddsHistorical     90
    fetchSportOddsLive           72
    getWCPregameLambdas          4
    handleCFLOddsProbs           78
    handleWCOddsProbs            0
    wpResolver                   0
    ambientFetchLiveOdds         0
    ambientCaptureClosingOdds    0
    oddsProxyRoute               0
    unattributed                 0

  verdict         : ok
  detail          : |0| within 25

COVERAGE: ONE reading, of ONE CLOSED UTC day (2026-09-28). It is not a series
and it cannot see trends. Reading a closed day rather than a running one is
what makes the verdict independent of when the runner happens to fire —
measured delay in this repo is 104-405 minutes.

the day's spend decomposes into the sites that spent it
