=== odds backfill pairing rate  utc=2026-09-17T20:19:39.634Z ===
window: progress rows dated >= 2026-09-03

  progress rows in window        : 14
  of those, rows that spent      : 14
  spent AND paired at least one  : 6
  spent AND paired ZERO          : 8
  total credits in window        : 700
  total games paired in window   : 24

FAIL: 8 date(s) were billed and paired nothing:
      2026-09-15  credits 80  games 0
      2026-09-14  credits 60  games 0
      2026-09-11  credits 20  games 0
      2026-09-10  credits 40  games 0
      2026-09-08  credits 20  games 0
      2026-09-07  credits 20  games 0
      2026-09-06  credits 60  games 0
      2026-09-03  credits 40  games 0

This is the shape the equality matcher produced on every CFB date before
2026-09-16. Investigate the matcher before the budget (Rule 77).

  provider billed this month     : 72312
  our ledger says                : 52073
  today's daily counter          : 3693 / 3800
  readings on file               : 7
  daily ceiling verdict          : within_ceiling  (3693/3800, 97%)

  a counter went backwards — monthly reset, not an error.

  wrote outbox/odds-provider-usage-series.json (8 reading(s) kept)

COVERAGE: 14 progress rows since 2026-09-03, 8 provider reading(s).
odds_backfill_progress is keyed by DATE, so a date mixing a paired sport with an
unpaired one reads as paired — this catches total failure per date, not per sport.
KNOWN CI SPEND IS A LOWER BOUND: only odds-backfill records its own credits, so
probes and one-off fills are NOT subtracted and UNEXPLAINED is an upper bound on
real leakage. Joined on completed_at (the run clock), never on date (the day
being backfilled) — a run today writes yesterday's row.
