=== odds attribution gap  for 2026-10-09 (a closed day) ===

  date            : 2026-10-09  (requested 2026-10-09; is_today=false)
  used            : 3225
  by_site_sum     : 3225
  unaccounted     : 0
  unreadable_sites: none

  by site:
    ambientCaptureClosingOdds    1344
    ambientFetchLiveOdds         1056
    fetchSportOddsHistorical     270
    fetchSportOddsLive           465
    getWCPregameLambdas          0
    handleCFLOddsProbs           90
    handleWCOddsProbs            0
    wpResolver                   0
    oddsProxyRoute               0
    unattributed                 0

  verdict         : ok
  detail          : |0| within 161

COVERAGE: ONE reading, of ONE CLOSED UTC day (2026-10-09). It is not a series
and it cannot see trends. Reading a closed day rather than a running one is
what makes the verdict independent of when the runner happens to fire —
measured delay in this repo is 104-405 minutes.

the day's spend decomposes into the sites that spent it
