=== odds attribution gap  for 2026-10-03 (a closed day) ===

  date            : 2026-10-03  (requested 2026-10-03; is_today=false)
  used            : 2348
  by_site_sum     : 2348
  unaccounted     : 0
  unreadable_sites: none

  by site:
    ambientCaptureClosingOdds    9
    ambientFetchLiveOdds         1692
    fetchSportOddsHistorical     210
    fetchSportOddsLive           363
    getWCPregameLambdas          8
    handleCFLOddsProbs           66
    handleWCOddsProbs            0
    wpResolver                   0
    oddsProxyRoute               0
    unattributed                 0

  verdict         : ok
  detail          : |0| within 117

COVERAGE: ONE reading, of ONE CLOSED UTC day (2026-10-03). It is not a series
and it cannot see trends. Reading a closed day rather than a running one is
what makes the verdict independent of when the runner happens to fire —
measured delay in this repo is 104-405 minutes.

the day's spend decomposes into the sites that spent it
