=== odds site drift  utc=2026-10-09T09:42:10.085Z ===

  this reading   : 2026-10-09  used 222  by_site_sum 222  gap 0
  ceiling        : no veto recorded today
  unreadable     : none
  reconcile      : 70 call(s) over 7 cell(s), credits_kept 222 of used 222
    site                        state         cache        n   kept
    fetchSportOddsLive          reconciled    EXPIRED       36    108
    fetchSportOddsHistorical    reconciled    MISS           3     90
    handleCFLOddsProbs          reconciled    EXPIRED        3     18
    handleCFLOddsProbs          reconciled    MISS           1      6
    fetchSportOddsLive          cache-hit     HIT           12      0
    fetchSportOddsHistorical    cache-hit     HIT           11      0
    handleCFLOddsProbs          cache-hit     HIT            4      0
  samples on file: 60  (keeping the last 60)

  INTERVALS for 2026-10-09
  from      to        usedD    gapD   verdict
  00:44     09:42      198       0   gap-did-not-grow

  verdict: inconclusive  over 1 interval(s) of 2 same-day sample(s)

  store    : d1
  a green here means: batch() is one transaction — the counters cannot disagree unless it is not

COVERAGE: 2 sample(s) of the 2026-10-09 UTC day, 1 interval(s).
Cross-midnight pairs are REFUSED, not merged, so a day's first reading yields no
interval. A refund that lands and is undone between two samples is invisible —
the sampling interval is the floor on what this can see.
