=== odds site drift  utc=2026-10-10T20:46:16.936Z ===

  this reading   : 2026-10-10  used 3800  by_site_sum 3800  gap 0
  ceiling        : REACHED at 2026-10-10T19:37:09.163Z — one charge refused then; spend since is UNOBSERVED (no interval on file lies wholly after it)
  unreadable     : none
  reconcile      : 2149 call(s) over 18 cell(s), credits_kept 3782 of used 3800
    site                        state         cache        n   kept
    ambientFetchLiveOdds        no-header     EXPIRED     1037   2074
    fetchSportOddsLive          reconciled    EXPIRED      233    699
    ambientCaptureClosingOdds   reconciled    EXPIRED      195    585
    fetchSportOddsHistorical    reconciled    MISS          12    360
    handleCFLOddsProbs          reconciled    EXPIRED        3     18
    handleCFLOddsProbs          reconciled    MISS           3     18
    fetchSportOddsLive          reconciled    MISS           5     15
    ambientCaptureClosingOdds   reconciled    MISS           3      9
    ... and 10 more cell(s), ranked by kept
  samples on file: 60  (keeping the last 60)

  INTERVALS for 2026-10-10
  from      to        usedD    gapD   verdict
  02:56     09:12        6       0   gap-did-not-grow
  09:12     16:26     1352       0   gap-did-not-grow
  16:26     20:46     2160       0   gap-did-not-grow

  verdict: inconclusive  over 3 interval(s) of 4 same-day sample(s)

  store    : d1
  a green here means: batch() is one transaction — the counters cannot disagree unless it is not

COVERAGE: 4 sample(s) of the 2026-10-10 UTC day, 3 interval(s).
Cross-midnight pairs are REFUSED, not merged, so a day's first reading yields no
interval. A refund that lands and is undone between two samples is invisible —
the sampling interval is the floor on what this can see.
