=== odds attribution gap  for 2026-10-08 (a closed day) ===

  date            : 2026-10-08  (requested 2026-10-08; is_today=false)
  used            : 481
  by_site_sum     : 481
  unaccounted     : 0
  unreadable_sites: none

  by site:
    ambientFetchLiveOdds         64
    fetchSportOddsHistorical     150
    fetchSportOddsLive           201
    getWCPregameLambdas          0
    handleCFLOddsProbs           66
    handleWCOddsProbs            0
    wpResolver                   0
    ambientCaptureClosingOdds    0
    oddsProxyRoute               0
    unattributed                 0

  verdict         : ok
  detail          : |0| within 25

COVERAGE: ONE reading, of ONE CLOSED UTC day (2026-10-08). It is not a series
and it cannot see trends. Reading a closed day rather than a running one is
what makes the verdict independent of when the runner happens to fire —
measured delay in this repo is 104-405 minutes.

the day's spend decomposes into the sites that spent it
