=== archive gap backfill  utc=2026-08-10T02:49:06.007Z ===

--- BEFORE ---
   2026-07-30  n=13
   2026-07-31  n=18
   2026-08-01  n=17
   2026-08-02  n=19
   2026-08-03  n=11
   2026-08-04  n=16
   2026-08-07  n=18
   2026-08-08  n=18
   2026-08-09  n=19

--- BACKFILL ---
   2026-08-05: HTTP 200 {"ok":true,"skipped":true,"reason":"backfill already exists","date":"2026-08-05","existing_id":"slate_2026-08-05_backfill"}
   2026-08-06: HTTP 200 {"ok":true,"skipped":true,"reason":"backfill already exists","date":"2026-08-06","existing_id":"slate_2026-08-06_backfill"}

--- AFTER (Task 4 done condition) ---
   2026-07-30  n=13
   2026-07-31  n=18
   2026-08-01  n=17
   2026-08-02  n=19
   2026-08-03  n=11
   2026-08-04  n=16
   2026-08-07  n=18
   2026-08-08  n=18
   2026-08-09  n=19

   per-sport on the two dates:

   sample rows:

   remaining zero-days 07-30..08-09: ["2026-08-05","2026-08-06"]

=== RESULT: FAIL — MLB rows on both dates and no zero-day remains ===
