=== silently dead crons  repos=4  streak=3  utc=2026-09-17T17:37:50.990Z ===
    jeffunglesbee-create/field-relay-nba
    jeffunglesbee-create/jubilant-bassoon
    jeffunglesbee-create/field-laboratory
    jeffunglesbee-create/field-playground

  ── jeffunglesbee-create/field-relay-nba ──
    150 workflow(s), 150 active  (all pages read)
    scheduled and healthy             : 32
    no schedule: block, not judged     : 114
    declared detectors, red on purpose : 2   (not failures)
      .github/workflows/rule90-staleness-monitor.yml  red at least 2.1 days
        reports: rule-registry entries marked UNEXERCISED for more than 14 days
        now:     rule-92, rule-93, rule-94 at 65.8 days; rule-98 at 43.6 days
        tracked: docs/CC-CMD-2026-09-15-dead-cron-triage.md
      .github/workflows/brief-label-migration.yml  red at least 17.2 days
        reports: brief rows whose sport is outside the authority label set read from the games table
        now:     4 non-conforming labels, 75 rows: EFL League Two (24), EFL League One (23), EFL Championship (21), College Football (7)
        tracked: docs/CC-CMD-2026-09-15-dead-cron-triage.md
    DECLARES A CRON, NEVER FIRED       : 2
      .github/workflows/bsd-newsletter-claims.yml   cron 17 8 3 * *   added 2026-09-05 (11.6d ago)
      .github/workflows/bsd-leagues-baseline.yml   cron 23 8 4 * *   added 2026-09-05 (11.6d ago)
    FAILING 3 CONSECUTIVE RUNS  : 0

  ── jeffunglesbee-create/jubilant-bassoon ──
    128 workflow(s), 128 active  (all pages read)
    scheduled and healthy             : 30
    no schedule: block, not judged     : 96
    declared detectors, red on purpose : 0   (not failures)
    DECLARES A CRON, NEVER FIRED       : 1
      .github/workflows/soccer-fbref-mls.yml   cron 0 8 * * 1   added 2026-06-22 (86.8d ago)
    FAILING 3 CONSECUTIVE RUNS  : 1
      .github/workflows/nba-clutch-update.yml
        red since at least 2026-07-25T08:13:11Z, latest 2026-07-31T08:56:19Z
        https://github.com/jeffunglesbee-create/jubilant-bassoon/actions/runs/30618071472

  ── jeffunglesbee-create/field-laboratory ──
    28 workflow(s), 28 active  (all pages read)
    scheduled and healthy             : 4
    no schedule: block, not judged     : 22
    declared detectors, red on purpose : 0   (not failures)
    DECLARES A CRON, NEVER FIRED       : 0
    FAILING 3 CONSECUTIVE RUNS  : 2
      .github/workflows/drift-sentinel.yml
        red since at least 2026-09-16T16:36:52Z, latest 2026-09-17T16:43:24Z
        https://github.com/jeffunglesbee-create/field-laboratory/actions/runs/35248339235
      .github/workflows/verify-full.yml
        red since at least 2026-08-31T12:40:57Z, latest 2026-09-14T11:47:12Z
        https://github.com/jeffunglesbee-create/field-laboratory/actions/runs/34839968312

  ── jeffunglesbee-create/field-playground ──
    82 workflow(s), 82 active  (all pages read)
    scheduled and healthy             : 21
    no schedule: block, not judged     : 60
    declared detectors, red on purpose : 0   (not failures)
    DECLARES A CRON, NEVER FIRED       : 0
    FAILING 3 CONSECUTIVE RUNS  : 1
      .github/workflows/build-check.yml
        red since at least 2026-09-15T12:56:38Z, latest 2026-09-17T12:50:23Z
        https://github.com/jeffunglesbee-create/field-playground/actions/runs/35223420802

    A never-fired cron is NOT automatically a fault: a monthly cron added
    after its day-of-month, or a workflow added today, has legitimately not
    reached a slot. The cron and the age are printed so that is decidable
    here rather than inferred from a count. NEVER_FIRED_GRACE_DAYS=40.

    COVERAGE: 4 repos, 388 workflows, 388 active, 93 JUDGED
    (>= 3 completed scheduled runs each). NOT judged: 292 with no
    schedule: block — their failures surface on the commit that caused them —
    and 3 that declare a cron but have never produced a run,
    named above rather than counted. A workflow is judged on its last 3
    scheduled runs whenever they happened, so a firing delay cannot skew it.
    NOT covered: any repo outside the 4 listed at the top.

  ── ratchet (docs/dead-cron-baseline.json) ──
    carried, already admitted : 5
      jeffunglesbee-create/field-laboratory:.github/workflows/drift-sentinel.yml
        kind dead  red since 2026-09-16  admitted 1d ago  review by 2026-10-17
        unblocked by: read both steps' exit paths and decide: detector, or genuinely broken
      jeffunglesbee-create/field-laboratory:.github/workflows/verify-full.yml
        kind dead  red since 2026-08-31  admitted 1d ago  review by 2026-10-17
        unblocked by: read field-laboratory run 34839968312
      jeffunglesbee-create/field-playground:.github/workflows/build-check.yml
        kind dead  red since 2026-09-15  admitted 1d ago  review by 2026-10-17
        unblocked by: read field-playground run 35223420802
      jeffunglesbee-create/jubilant-bassoon:.github/workflows/nba-clutch-update.yml
        kind dead  red since 2026-07-25  admitted 1d ago  review by 2026-10-17
        unblocked by: read the run log for jubilant-bassoon run 30618071472 and establish why it stopped firing
      jeffunglesbee-create/jubilant-bassoon:.github/workflows/soccer-fbref-mls.yml
        kind never_fired  red since 2026-06-22  admitted 1d ago  review by 2026-10-17
        unblocked by: check the workflow's schedule block parses, and whether GitHub lists it as disabled
    NEW, not in the baseline  : 0
    baseline entries resolved : 0
    reviews overdue           : 0
