=== silently dead crons  repos=4  streak=3  utc=2026-09-22T16:54:00.133Z ===
    jeffunglesbee-create/field-relay-nba
    jeffunglesbee-create/jubilant-bassoon
    jeffunglesbee-create/field-laboratory
    jeffunglesbee-create/field-playground

  ── jeffunglesbee-create/field-relay-nba ──
    156 workflow(s), 156 active  (all pages read)
    scheduled and healthy             : 33
    no schedule: block, not judged     : 117
    declared detectors, red on purpose : 3   (not failures)
      .github/workflows/rule90-staleness-monitor.yml  red at least 2.1 days
        reports: rule-registry entries marked UNEXERCISED for more than 14 days
        now:     rule-92, rule-93, rule-94 at 65.8 days; rule-98 at 43.6 days
        tracked: docs/CC-CMD-2026-09-15-dead-cron-triage.md
      .github/workflows/brief-label-migration.yml  red at least 15.2 days
        reports: brief rows whose sport is outside the authority label set read from the games table
        now:     4 non-conforming labels, 75 rows: EFL League Two (24), EFL League One (23), EFL Championship (21), College Football (7)
        tracked: docs/CC-CMD-2026-09-15-dead-cron-triage.md
      .github/workflows/odds-pairing-rate-watch.yml  red at least 2.1 days
        reports: vendor-billed credits that reached no counter, and backfill dates that spent and paired zero games
        now:     685 credits UNEXPLAINED against a tolerance of 243 over 23.4h; separately 7 dates billed 940 credits and paired 0 games
        tracked: docs/CC-CMD-2026-09-19-daily-vs-vendor.md
    DECLARES A CRON, NEVER FIRED       : 2
      .github/workflows/bsd-newsletter-claims.yml   cron 17 8 3 * *   added 2026-09-05 (16.6d ago)
      .github/workflows/bsd-leagues-baseline.yml   cron 23 8 4 * *   added 2026-09-05 (16.5d ago)
    FAILING 3 CONSECUTIVE RUNS  : 1
      .github/workflows/undeployed-src-watch.yml
        red since at least 2026-09-22T01:49:26Z, latest 2026-09-22T13:38:08Z
        https://github.com/jeffunglesbee-create/field-relay-nba/actions/runs/35734761796

  ── jeffunglesbee-create/jubilant-bassoon ──
    128 workflow(s), 128 active  (all pages read)
    scheduled and healthy             : 28
    no schedule: block, not judged     : 96
    declared detectors, red on purpose : 2   (not failures)
      .github/workflows/odds-line-probe.yml  red at least 1.3 days
        reports: sections present in allData.sports but absent from the DOM, counted per scheduled run, plus the consecutive-green streak toward that CC-CMD's done condition
        now:     8 of 11 sections in the model rendered no DOM section on 2026-09-21 (NHL, MLS Soccer, Premier League, EFL Championship, La Liga, Serie A, Bundesliga, Ligue 1); streak 0/5 consecutive scheduled greens, so the done condition is OPEN
        tracked: jubilant-bassoon docs/CC-CMD-2026-09-12-v2-sections-in-model-not-in-dom.md
      .github/workflows/tennis-live-probe.yml  red at least 2.0 days
        reports: whether the deployed page renders tennis cards while the relay serves matches that pass FIELD's own tier bar, measured in a real browser against the live URL
        now:     the page renders 0 cards above roughly 26 tier-allowed matches. Across 36 committed manifests every PASS is at 26 or fewer and every FAIL at 26 or more; at the boundary 2026-09-06 15:26 failed at 26 and 15:32 passed at 26. The section itself is present in 30 of 36 runs, so this is not the 2026-06..09 no-section regression the probe's own reason line still names
        tracked: jubilant-bassoon docs/CC-CMD-2026-09-21-tennis-renders-zero-above-26.md
    DECLARES A CRON, NEVER FIRED       : 1
      .github/workflows/soccer-fbref-mls.yml   cron 0 8 * * 1   added 2026-06-22 (91.7d ago)
    FAILING 3 CONSECUTIVE RUNS  : 1
      .github/workflows/nba-clutch-update.yml
        red since at least 2026-07-25T08:13:11Z, latest 2026-07-31T08:56:19Z
        https://github.com/jeffunglesbee-create/jubilant-bassoon/actions/runs/30618071472

  ── jeffunglesbee-create/field-laboratory ──
    29 workflow(s), 29 active  (all pages read)
    scheduled and healthy             : 5
    no schedule: block, not judged     : 23
    declared detectors, red on purpose : 0   (not failures)
    DECLARES A CRON, NEVER FIRED       : 0
    FAILING 3 CONSECUTIVE RUNS  : 1
      .github/workflows/verify-full.yml
        red since at least 2026-09-07T11:34:39Z, latest 2026-09-21T11:59:37Z
        https://github.com/jeffunglesbee-create/field-laboratory/actions/runs/35596988589

  ── jeffunglesbee-create/field-playground ──
    82 workflow(s), 82 active  (all pages read)
    scheduled and healthy             : 21
    no schedule: block, not judged     : 60
    declared detectors, red on purpose : 0   (not failures)
    DECLARES A CRON, NEVER FIRED       : 0
    FAILING 3 CONSECUTIVE RUNS  : 1
      .github/workflows/build-check.yml
        red since at least 2026-09-20T12:42:18Z, latest 2026-09-22T12:53:17Z
        https://github.com/jeffunglesbee-create/field-playground/actions/runs/35729922851

    A never-fired cron is NOT automatically a fault: a monthly cron added
    after its day-of-month, or a workflow added today, has legitimately not
    reached a slot. The cron and the age are printed so that is decidable
    here rather than inferred from a count. NEVER_FIRED_GRACE_DAYS=40.

    COVERAGE: 4 repos, 395 workflows, 395 active, 96 JUDGED
    (>= 3 completed scheduled runs each). NOT judged: 296 with no
    schedule: block — their failures surface on the commit that caused them —
    and 3 that declare a cron but have never produced a run,
    named above rather than counted. A workflow is judged on its last 3
    scheduled runs whenever they happened, so a firing delay cannot skew it.
    NOT covered: any repo outside the 4 listed at the top.

  ── ratchet (docs/dead-cron-baseline.json) ──
    carried, already admitted : 4
      jeffunglesbee-create/field-laboratory:.github/workflows/verify-full.yml
        kind dead  red since 2026-08-31  admitted 6d ago  review by 2026-10-17
        unblocked by: read field-laboratory run 34839968312
      jeffunglesbee-create/field-playground:.github/workflows/build-check.yml
        kind dead  red since 2026-09-15  admitted 6d ago  review by 2026-10-17
        unblocked by: read field-playground run 35223420802
      jeffunglesbee-create/jubilant-bassoon:.github/workflows/nba-clutch-update.yml
        kind dead  red since 2026-07-25  admitted 6d ago  review by 2026-10-17
        unblocked by: read the run log for jubilant-bassoon run 30618071472 and establish why it stopped firing
      jeffunglesbee-create/jubilant-bassoon:.github/workflows/soccer-fbref-mls.yml
        kind never_fired  red since 2026-06-22  admitted 6d ago  review by 2026-10-17
        unblocked by: check the workflow's schedule block parses, and whether GitHub lists it as disabled
    NEW, not in the baseline  : 1
      jeffunglesbee-create/field-relay-nba:.github/workflows/undeployed-src-watch.yml
    baseline entries resolved : 0
    reviews overdue           : 0
