=== silently dead crons  repo=jeffunglesbee-create/field-relay-nba  streak=3  utc=2026-09-17T03:00:35.337Z ===

    150 workflow(s), 150 active  (all pages read)

    declared detectors, red on purpose: 2   (not failures)
      .github/workflows/rule90-staleness-monitor.yml  red at least 2.4 days
        reports: rule-registry entries marked UNEXERCISED for more than 14 days
        now:     rule-92, rule-93, rule-94 at 65.8 days; rule-98 at 43.6 days
        tracked: docs/CC-CMD-2026-09-15-dead-cron-triage.md
      .github/workflows/brief-label-migration.yml  red at least 16.5 days
        reports: brief rows whose sport is outside the authority label set read from the games table
        now:     4 non-conforming labels, 75 rows: EFL League Two (24), EFL League One (23), EFL Championship (21), College Football (7)
        tracked: docs/CC-CMD-2026-09-15-dead-cron-triage.md

    scheduled and healthy             : 30
    no schedule: block, not judged     : 114
    DECLARES A CRON, NEVER FIRED       : 4
      .github/workflows/bsd-newsletter-claims.yml   cron 17 8 3 * *   added 2026-09-06 (11.0d ago)
      .github/workflows/bsd-leagues-baseline.yml   cron 23 8 4 * *   added 2026-09-06 (11.0d ago)
      .github/workflows/odds-pairing-rate-watch.yml   cron 0 11 * * *   added 2026-09-16 (0.6d ago)
      .github/workflows/odds-attribution-gap.yml   cron 20 9 * * *   added 2026-09-16 (0.2d ago)
      NOT automatically a fault: a monthly cron added after its day-of-month,
      or a workflow added today, has legitimately not reached a slot. The
      cron and the age are printed so that is decidable here rather than
      inferred from a count. NEVER_FIRED_GRACE_DAYS=40 bounds it.
    FAILING 3 CONSECUTIVE RUNS  : 0

    COVERAGE: 150 workflows on the repo, 150 active,
    32 JUDGED (they have >= 3 completed scheduled runs).
    NOT judged: 114 with no schedule: block — their failures surface
    on the commit that caused them — and 4 that declare a cron but
    have never produced a run, reported above by name rather than as a count.
    A workflow is judged on its last 3 scheduled runs whenever they happened;
    there is no time window here, so a firing delay cannot skew it.
