=== silently dead crons  repos=4  streak=3  utc=2026-10-01T18:24:01.452Z ===
    jeffunglesbee-create/field-relay-nba
    jeffunglesbee-create/jubilant-bassoon
    jeffunglesbee-create/field-laboratory
    jeffunglesbee-create/field-playground

  ── jeffunglesbee-create/field-relay-nba ──
    157 workflow(s), 157 active  (all pages read)
    scheduled and healthy             : 34
    no schedule: block, not judged     : 118
    declared detectors, red on purpose : 2   (not failures)
      .github/workflows/rule90-staleness-monitor.yml  red at least 2.0 days
        reports: rule-registry entries marked UNEXERCISED for more than 14 days
        now:     rule-92, rule-93, rule-94 at 65.8 days; rule-98 at 43.6 days
        tracked: docs/CC-CMD-2026-09-15-dead-cron-triage.md
      .github/workflows/brief-label-migration.yml  red at least 17.2 days
        reports: brief rows whose sport is outside the authority label set read from the games table
        now:     4 non-conforming labels, 75 rows: EFL League Two (24), EFL League One (23), EFL Championship (21), College Football (7)
        tracked: docs/CC-CMD-2026-09-15-dead-cron-triage.md
    DECLARES A CRON, NEVER FIRED       : 2
      .github/workflows/bsd-newsletter-claims.yml   cron 17 8 3 * *   added 2026-09-05 (25.6d ago)
      .github/workflows/bsd-leagues-baseline.yml   cron 23 8 4 * *   added 2026-09-05 (25.6d ago)
    FAILING 3 CONSECUTIVE RUNS  : 1
      .github/workflows/seed-coverage.yml
        red since at least 2026-09-28T21:18:41Z, latest 2026-09-30T20:11:39Z
        https://github.com/jeffunglesbee-create/field-relay-nba/actions/runs/36770891246

  ── jeffunglesbee-create/jubilant-bassoon ──
    128 workflow(s), 128 active  (all pages read)
    scheduled and healthy             : 30
    no schedule: block, not judged     : 96
    declared detectors, red on purpose : 0   (not failures)
    DECLARES A CRON, NEVER FIRED       : 1
      .github/workflows/soccer-fbref-mls.yml   cron 0 8 * * 1   added 2026-06-22 (100.8d ago)
    FAILING 3 CONSECUTIVE RUNS  : 1
      .github/workflows/nba-clutch-update.yml
        red since at least 2026-07-25T08:13:11Z, latest 2026-07-31T08:56:19Z
        https://github.com/jeffunglesbee-create/jubilant-bassoon/actions/runs/30618071472

  ── jeffunglesbee-create/field-laboratory ──
    29 workflow(s), 29 active  (all pages read)
    scheduled and healthy             : 5
    no schedule: block, not judged     : 23
    declared detectors, red on purpose : 0   (not failures)
    DECLARES A CRON, NEVER FIRED       : 0
    FAILING 3 CONSECUTIVE RUNS  : 1
      .github/workflows/verify-full.yml
        red since at least 2026-09-14T11:47:12Z, latest 2026-09-28T12:54:07Z
        https://github.com/jeffunglesbee-create/field-laboratory/actions/runs/36424833372

  ── jeffunglesbee-create/field-playground ──
    82 workflow(s), 82 active  (all pages read)
    scheduled and healthy             : 21
    no schedule: block, not judged     : 60
    declared detectors, red on purpose : 0   (not failures)
    DECLARES A CRON, NEVER FIRED       : 0
    FAILING 3 CONSECUTIVE RUNS  : 1
      .github/workflows/build-check.yml
        red since at least 2026-09-29T14:24:49Z, latest 2026-10-01T14:52:58Z
        https://github.com/jeffunglesbee-create/field-playground/actions/runs/36879863828

    A never-fired cron is NOT automatically a fault: a monthly cron added
    after its day-of-month, or a workflow added today, has legitimately not
    reached a slot. The cron and the age are printed so that is decidable
    here rather than inferred from a count. NEVER_FIRED_GRACE_DAYS=40.

    COVERAGE: 4 repos, 396 workflows, 396 active, 96 JUDGED
    (>= 3 completed scheduled runs each). NOT judged: 297 with no
    schedule: block — their failures surface on the commit that caused them —
    and 3 that declare a cron but have never produced a run,
    named above rather than counted. A workflow is judged on its last 3
    scheduled runs whenever they happened, so a firing delay cannot skew it.
    NOT covered: any repo outside the 4 listed at the top.

  ── ratchet (docs/dead-cron-baseline.json) ──
    carried, already admitted : 4
      jeffunglesbee-create/field-laboratory:.github/workflows/verify-full.yml
        kind dead  red since 2026-08-31  admitted 15d ago  review by 2026-10-17
        unblocked by: read field-laboratory run 34839968312
      jeffunglesbee-create/field-playground:.github/workflows/build-check.yml
        kind dead  red since 2026-09-15  admitted 15d ago  review by 2026-10-17
        unblocked by: read field-playground run 35223420802
      jeffunglesbee-create/jubilant-bassoon:.github/workflows/nba-clutch-update.yml
        kind dead  red since 2026-07-25  admitted 15d ago  review by 2026-10-17
        unblocked by: read the run log for jubilant-bassoon run 30618071472 and establish why it stopped firing
      jeffunglesbee-create/jubilant-bassoon:.github/workflows/soccer-fbref-mls.yml
        kind never_fired  red since 2026-06-22  admitted 15d ago  review by 2026-10-17
        unblocked by: check the workflow's schedule block parses, and whether GitHub lists it as disabled
    NEW, not in the baseline  : 1
      jeffunglesbee-create/field-relay-nba:.github/workflows/seed-coverage.yml
    baseline entries resolved : 0
    reviews overdue           : 0
