=== targeted odds fill  utc=2026-09-19T02:40:11.909Z ===
mode: DRY RUN (no fetch, no write)
since=2026-05-09  max-pairs=10  budget=200 credits

  games with opening_odds NULL in the 12 sports : 514
  distinct sport-date pairs                     : 130
  pairs still lacking any odds_history row      : 130
  projected cost                                : 2600 credits

  plan: 10 pair(s) = 200 credits
      2026-09-05  cfb                    68 game(s)
      2026-08-08  efl cup                29 game(s)
      2026-08-25  efl cup                17 game(s)
      2026-09-12  cfb                    14 game(s)
      2026-09-13  nfl                    13 game(s)
      2026-09-03  cfb                    11 game(s)
      2026-05-24  la liga                10 game(s)
      2026-08-22  nfl                    10 game(s)
      2026-08-28  nfl                    10 game(s)
      2026-08-29  cfb                    8 game(s)

  YIELD CURVE — every call costs 20, so the only lever is games per call
  pairs  credits  games reachable  % of the 448 game(s)
      1       20               68   15%
      5      100              141   31%
     10      200              190   42%
     20      400              252   56%
     40      800              322   72%
     80     1600              398   89%
    130     2600              448  100%
  heaviest pair: 2026-09-05 cfb with 68 game(s) for 20 credits
  57 pair(s) carry ONE game — 20 credits each, the worst rate on offer

DRY RUN — nothing fetched, nothing written. Re-run with --apply to spend.

COVERAGE: regular_season_games only. Pairs whose games already carry an
odds_history row are excluded above, so this plan is the gap and not the
archive. A fetch that returns nothing still bills, so the projected cost
is what will be SPENT, not what will be FILLED.
