=== targeted odds fill  utc=2026-09-18T12:34:11.304Z ===
mode: DRY RUN (no fetch, no write)
since=2026-05-09  max-pairs=all  budget=3200 credits

  games with opening_odds NULL in the 12 sports : 516
  distinct sport-date pairs                     : 132
  pairs still lacking any odds_history row      : 132
  projected cost                                : 2640 credits

  plan: 132 pair(s) = 2640 credits
      2026-05-09  afl                    4 game(s)
      2026-05-10  afl                    2 game(s)
      2026-05-11  ipl                    1 game(s)
      2026-05-13  ligue 1                2 game(s)
      2026-05-14  afl                    1 game(s)
      2026-05-15  afl                    2 game(s)
      2026-05-16  afl                    3 game(s)
      2026-05-17  afl                    3 game(s)
      2026-05-21  afl                    1 game(s)
      2026-05-22  afl                    2 game(s)
      2026-05-23  afl                    4 game(s)
      2026-05-24  la liga                10 game(s)
      … 120 more

DRY RUN — nothing fetched, nothing written. Re-run with --apply to spend.

COVERAGE: regular_season_games only. Pairs whose games already carry an
odds_history row are excluded above, so this plan is the gap and not the
archive. A fetch that returns nothing still bills, so the projected cost
is what will be SPENT, not what will be FILLED.
