=== targeted odds fill  utc=2026-09-18T12:37:03.857Z ===
mode: DRY RUN (no fetch, no write)
since=2026-05-09  max-pairs=all  budget=3200 credits

  games with opening_odds NULL in the 12 sports : 516
  distinct sport-date pairs                     : 132
  pairs still lacking any odds_history row      : 132
  projected cost                                : 2640 credits

  plan: 132 pair(s) = 2640 credits
      2026-05-09  afl                    4 game(s)
      2026-05-10  afl                    2 game(s)
      2026-05-11  ipl                    1 game(s)
      2026-05-13  ligue 1                2 game(s)
      2026-05-14  afl                    1 game(s)
      2026-05-15  afl                    2 game(s)
      2026-05-16  afl                    3 game(s)
      2026-05-17  afl                    3 game(s)
      2026-05-21  afl                    1 game(s)
      2026-05-22  afl                    2 game(s)
      2026-05-23  afl                    4 game(s)
      2026-05-24  la liga                10 game(s)
      … 120 more

  YIELD CURVE — every call costs 20, so the only lever is games per call
  pairs  credits  games reachable  % of the 516 game(s)
      1       20               80   16%
      5      100              207   40%
     10      200              256   50%
     20      400              318   62%
     40      800              388   75%
     80     1600              464   90%
    132     2640              516  100%
  heaviest pair: 2026-09-12 cfb with 80 game(s) for 20 credits
  59 pair(s) carry ONE game — 20 credits each, the worst rate on offer

DRY RUN — nothing fetched, nothing written. Re-run with --apply to spend.

COVERAGE: regular_season_games only. Pairs whose games already carry an
odds_history row are excluded above, so this plan is the gap and not the
archive. A fetch that returns nothing still bills, so the projected cost
is what will be SPENT, not what will be FILLED.
